Archive member included because of file (symbol)

c:/program files (x86)/atmel/atmel toolchain/arm gcc/native/4.8.1443/arm-gnu-toolchain/bin/../lib/gcc/arm-none-eabi/4.8.4/../../../../arm-none-eabi/lib/armv7-m\libc.a(lib_a-exit.o)
                              c:/program files (x86)/atmel/atmel toolchain/arm gcc/native/4.8.1443/arm-gnu-toolchain/bin/../lib/gcc/arm-none-eabi/4.8.4/../../../../arm-none-eabi/lib/armv7-m/crt0.o (exit)
c:/program files (x86)/atmel/atmel toolchain/arm gcc/native/4.8.1443/arm-gnu-toolchain/bin/../lib/gcc/arm-none-eabi/4.8.4/../../../../arm-none-eabi/lib/armv7-m\libc.a(lib_a-impure.o)
                              c:/program files (x86)/atmel/atmel toolchain/arm gcc/native/4.8.1443/arm-gnu-toolchain/bin/../lib/gcc/arm-none-eabi/4.8.4/../../../../arm-none-eabi/lib/armv7-m\libc.a(lib_a-exit.o) (_global_impure_ptr)
c:/program files (x86)/atmel/atmel toolchain/arm gcc/native/4.8.1443/arm-gnu-toolchain/bin/../lib/gcc/arm-none-eabi/4.8.4/../../../../arm-none-eabi/lib/armv7-m\libc.a(lib_a-init.o)
                              c:/program files (x86)/atmel/atmel toolchain/arm gcc/native/4.8.1443/arm-gnu-toolchain/bin/../lib/gcc/arm-none-eabi/4.8.4/../../../../arm-none-eabi/lib/armv7-m/crt0.o (__libc_init_array)
c:/program files (x86)/atmel/atmel toolchain/arm gcc/native/4.8.1443/arm-gnu-toolchain/bin/../lib/gcc/arm-none-eabi/4.8.4/../../../../arm-none-eabi/lib/armv7-m\libc.a(lib_a-iprintf.o)
                              src/ASF/sam/drivers/adc/adc.o (iprintf)
c:/program files (x86)/atmel/atmel toolchain/arm gcc/native/4.8.1443/arm-gnu-toolchain/bin/../lib/gcc/arm-none-eabi/4.8.4/../../../../arm-none-eabi/lib/armv7-m\libc.a(lib_a-memset.o)
                              c:/program files (x86)/atmel/atmel toolchain/arm gcc/native/4.8.1443/arm-gnu-toolchain/bin/../lib/gcc/arm-none-eabi/4.8.4/../../../../arm-none-eabi/lib/armv7-m/crt0.o (memset)
c:/program files (x86)/atmel/atmel toolchain/arm gcc/native/4.8.1443/arm-gnu-toolchain/bin/../lib/gcc/arm-none-eabi/4.8.4/../../../../arm-none-eabi/lib/armv7-m\libc.a(lib_a-puts.o)
                              src/ASF/sam/drivers/adc/adc.o (puts)
c:/program files (x86)/atmel/atmel toolchain/arm gcc/native/4.8.1443/arm-gnu-toolchain/bin/../lib/gcc/arm-none-eabi/4.8.4/../../../../arm-none-eabi/lib/armv7-m\libc.a(lib_a-setbuf.o)
                              src/ASF/thirdparty/wireless/addons/sio2host/uart/sio2host.o (setbuf)
c:/program files (x86)/atmel/atmel toolchain/arm gcc/native/4.8.1443/arm-gnu-toolchain/bin/../lib/gcc/arm-none-eabi/4.8.4/../../../../arm-none-eabi/lib/armv7-m\libc.a(lib_a-setvbuf.o)
                              c:/program files (x86)/atmel/atmel toolchain/arm gcc/native/4.8.1443/arm-gnu-toolchain/bin/../lib/gcc/arm-none-eabi/4.8.4/../../../../arm-none-eabi/lib/armv7-m\libc.a(lib_a-setbuf.o) (setvbuf)
c:/program files (x86)/atmel/atmel toolchain/arm gcc/native/4.8.1443/arm-gnu-toolchain/bin/../lib/gcc/arm-none-eabi/4.8.4/../../../../arm-none-eabi/lib/armv7-m\libc.a(lib_a-sprintf.o)
                              src/LCD/lcdApplication.o (sprintf)
c:/program files (x86)/atmel/atmel toolchain/arm gcc/native/4.8.1443/arm-gnu-toolchain/bin/../lib/gcc/arm-none-eabi/4.8.4/../../../../arm-none-eabi/lib/armv7-m\libc.a(lib_a-strlen.o)
                              c:/program files (x86)/atmel/atmel toolchain/arm gcc/native/4.8.1443/arm-gnu-toolchain/bin/../lib/gcc/arm-none-eabi/4.8.4/../../../../arm-none-eabi/lib/armv7-m\libc.a(lib_a-puts.o) (strlen)
c:/program files (x86)/atmel/atmel toolchain/arm gcc/native/4.8.1443/arm-gnu-toolchain/bin/../lib/gcc/arm-none-eabi/4.8.4/../../../../arm-none-eabi/lib/armv7-m\libc.a(lib_a-svfprintf.o)
                              c:/program files (x86)/atmel/atmel toolchain/arm gcc/native/4.8.1443/arm-gnu-toolchain/bin/../lib/gcc/arm-none-eabi/4.8.4/../../../../arm-none-eabi/lib/armv7-m\libc.a(lib_a-sprintf.o) (_svfprintf_r)
c:/program files (x86)/atmel/atmel toolchain/arm gcc/native/4.8.1443/arm-gnu-toolchain/bin/../lib/gcc/arm-none-eabi/4.8.4/../../../../arm-none-eabi/lib/armv7-m\libc.a(lib_a-vfiprintf.o)
                              c:/program files (x86)/atmel/atmel toolchain/arm gcc/native/4.8.1443/arm-gnu-toolchain/bin/../lib/gcc/arm-none-eabi/4.8.4/../../../../arm-none-eabi/lib/armv7-m\libc.a(lib_a-iprintf.o) (_vfiprintf_r)
c:/program files (x86)/atmel/atmel toolchain/arm gcc/native/4.8.1443/arm-gnu-toolchain/bin/../lib/gcc/arm-none-eabi/4.8.4/../../../../arm-none-eabi/lib/armv7-m\libc.a(lib_a-wsetup.o)
                              c:/program files (x86)/atmel/atmel toolchain/arm gcc/native/4.8.1443/arm-gnu-toolchain/bin/../lib/gcc/arm-none-eabi/4.8.4/../../../../arm-none-eabi/lib/armv7-m\libc.a(lib_a-vfiprintf.o) (__swsetup_r)
c:/program files (x86)/atmel/atmel toolchain/arm gcc/native/4.8.1443/arm-gnu-toolchain/bin/../lib/gcc/arm-none-eabi/4.8.4/../../../../arm-none-eabi/lib/armv7-m\libc.a(lib_a-__call_atexit.o)
[...]
Memory Configuration

Name             Origin             Length             Attributes
rom              0x00080000         0x00080000         xr
sram0            0x20000000         0x00010000         xrw
sram1            0x20080000         0x00008000         xrw
ram              0x20070000         0x00018000         xrw
*default*        0x00000000         0xffffffff

Linker script and memory map

LOAD c:/program files (x86)/atmel/atmel toolchain/arm gcc/native/4.8.1443/arm-gnu-toolchain/bin/../lib/gcc/arm-none-eabi/4.8.4/armv7-m/crti.o
LOAD c:/program files (x86)/atmel/atmel toolchain/arm gcc/native/4.8.1443/arm-gnu-toolchain/bin/../lib/gcc/arm-none-eabi/4.8.4/armv7-m/crtbegin.o
LOAD c:/program files (x86)/atmel/atmel toolchain/arm gcc/native/4.8.1443/arm-gnu-toolchain/bin/../lib/gcc/arm-none-eabi/4.8.4/../../../../arm-none-eabi/lib/armv7-m/crt0.o
LOAD src/ASF/common/services/clock/sam3x/sysclk.o
LOAD src/ASF/common/services/serial/usart_serial.o
LOAD src/ASF/common/utils/interrupt/interrupt_sam_nvic.o
LOAD src/ASF/common/utils/stdio/read.o
LOAD src/ASF/common/utils/stdio/write.o
LOAD src/ASF/sam/boards/arduino_due_x/init.o
LOAD src/ASF/sam/drivers/adc/adc.o
LOAD src/ASF/sam/drivers/adc/adc_sam3u.o
LOAD src/ASF/sam/drivers/pio/pio.o
LOAD src/ASF/sam/drivers/pio/pio_handler.o
LOAD src/ASF/sam/drivers/pmc/pmc.o
LOAD src/ASF/sam/drivers/pmc/sleep.o
LOAD src/ASF/sam/drivers/tc/tc.o
LOAD src/ASF/sam/drivers/uart/uart.o
LOAD src/ASF/sam/drivers/usart/usart.o
LOAD src/ASF/sam/utils/cmsis/sam3x/source/templates/exceptions.o
LOAD src/ASF/sam/utils/cmsis/sam3x/source/templates/gcc/startup_sam3x.o
LOAD src/ASF/sam/utils/cmsis/sam3x/source/templates/system_sam3x.o
LOAD src/ASF/sam/utils/syscalls/gcc/syscalls.o
LOAD src/ASF/thirdparty/wireless/addons/sio2host/uart/sio2host.o
LOAD src/ConsoleFunc/ConsoleFunctions.o
LOAD src/DelayFunctions.o
LOAD src/digitalIO.o
LOAD src/LCD/adcFunctions.o
LOAD src/LCD/buttons.o
LOAD src/LCD/lcdApplication.o
LOAD src/LCD/LCDFunctions.o
LOAD src/main.o
START GROUP
LOAD ../src/ASF/thirdparty/CMSIS/Lib/GCC\libarm_cortexM3l_math.a
LOAD c:/program files (x86)/atmel/atmel toolchain/arm gcc/native/4.8.1443/arm-gnu-toolchain/bin/../lib/gcc/arm-none-eabi/4.8.4/../../../../arm-none-eabi/lib/armv7-m\libm.a
END GROUP
START GROUP
LOAD c:/program files (x86)/atmel/atmel toolchain/arm gcc/native/4.8.1443/arm-gnu-toolchain/bin/../lib/gcc/arm-none-eabi/4.8.4/armv7-m\libgcc.a
LOAD c:/program files (x86)/atmel/atmel toolchain/arm gcc/native/4.8.1443/arm-gnu-toolchain/bin/../lib/gcc/arm-none-eabi/4.8.4/../../../../arm-none-eabi/lib/armv7-m\libc.a
END GROUP
LOAD c:/program files (x86)/atmel/atmel toolchain/arm gcc/native/4.8.1443/arm-gnu-toolchain/bin/../lib/gcc/arm-none-eabi/4.8.4/armv7-m/crtend.o
LOAD c:/program files (x86)/atmel/atmel toolchain/arm gcc/native/4.8.1443/arm-gnu-toolchain/bin/../lib/gcc/arm-none-eabi/4.8.4/armv7-m/crtn.o
                0x00002000                __stack_size__ = DEFINED (__stack_size__)?__stack_size__:0x2000
                0x20087ffc                __ram_end__ = ((ORIGIN (ram) + 0x18000) - 0x4)

.text           0x00080000     0x5c80
                0x00080000                . = ALIGN (0x4)
                0x00080000                _sfixed = .
 *(.vectors .vectors.*)
 .vectors       0x00080000       0xf4 src/ASF/sam/utils/cmsis/sam3x/source/templates/gcc/startup_sam3x.o
                0x00080000                exception_table
 *(.text .text.* .gnu.linkonce.t.*)
 .text          0x000800f4       0x54 c:/program files (x86)/atmel/atmel toolchain/arm gcc/native/4.8.1443/arm-gnu-toolchain/bin/../lib/gcc/arm-none-eabi/4.8.4/armv7-m/crtbegin.o
 .text.sysclk_init
                0x00080148       0x64 src/ASF/common/services/clock/sam3x/sysclk.o
                0x00080148                sysclk_init
 .text.usart_serial_read_packet
                0x000801ac       0xc4 src/ASF/common/services/serial/usart_serial.o
                0x000801ac                usart_serial_read_packet
 .text.board_init
                0x00080270       0x88 src/ASF/sam/boards/arduino_due_x/init.o
                0x00080270                board_init
 .text.pio_set_peripheral
                0x000802f8       0x40 src/ASF/sam/drivers/pio/pio.o
                0x000802f8                pio_set_peripheral
 .text.pio_set_input
                0x00080338       0x34 src/ASF/sam/drivers/pio/pio.o
                0x00080338                pio_set_input
 .text.pio_set_output
                0x0008036c       0x28 src/ASF/sam/drivers/pio/pio.o
                0x0008036c                pio_set_output
 .text.pio_get_interrupt_status
                0x00080394        0x4 src/ASF/sam/drivers/pio/pio.o
                0x00080394                pio_get_interrupt_status
 .text.pio_get_interrupt_mask
                0x00080398        0x4 src/ASF/sam/drivers/pio/pio.o
                0x00080398                pio_get_interrupt_mask
 .text.pio_configure_pin
                0x0008039c       0xd4 src/ASF/sam/drivers/pio/pio.o
                0x0008039c                pio_configure_pin
 .text.pio_handler_process
                0x00080470       0x58 src/ASF/sam/drivers/pio/pio_handler.o
                0x00080470                pio_handler_process
 .text.PIOA_Handler
                0x000804c8       0x14 src/ASF/sam/drivers/pio/pio_handler.o
                0x000804c8                PIOA_Handler
 .text.PIOB_Handler
                0x000804dc       0x14 src/ASF/sam/drivers/pio/pio_handler.o
                0x000804dc                PIOB_Handler
 .text.PIOC_Handler
                0x000804f0       0x14 src/ASF/sam/drivers/pio/pio_handler.o
                0x000804f0                PIOC_Handler
 .text.PIOD_Handler
                0x00080504       0x14 src/ASF/sam/drivers/pio/pio_handler.o
                0x00080504                PIOD_Handler
 .text.pmc_switch_mck_to_pllack
                0x00080518       0x64 src/ASF/sam/drivers/pmc/pmc.o
                0x00080518                pmc_switch_mck_to_pllack
 .text.pmc_switch_mainck_to_xtal
                0x0008057c       0x54 src/ASF/sam/drivers/pmc/pmc.o
                0x0008057c                pmc_switch_mainck_to_xtal
 .text.pmc_osc_is_ready_mainck
                0x000805d0       0x10 src/ASF/sam/drivers/pmc/pmc.o
                0x000805d0                pmc_osc_is_ready_mainck
 .text.pmc_disable_pllack
                0x000805e0       0x10 src/ASF/sam/drivers/pmc/pmc.o
                0x000805e0                pmc_disable_pllack
 .text.pmc_is_locked_pllack
                0x000805f0       0x10 src/ASF/sam/drivers/pmc/pmc.o
                0x000805f0                pmc_is_locked_pllack
 .text.pmc_enable_periph_clk
                0x00080600       0x58 src/ASF/sam/drivers/pmc/pmc.o
                0x00080600                pmc_enable_periph_clk
 .text.tc_init  0x00080658       0x1c src/ASF/sam/drivers/tc/tc.o
                0x00080658                tc_init
 .text.tc_set_block_mode
                0x00080674        0x8 src/ASF/sam/drivers/tc/tc.o
                0x00080674                tc_set_block_mode
 .text.tc_start
                0x0008067c        0x8 src/ASF/sam/drivers/tc/tc.o
                0x0008067c                tc_start
 .text.tc_stop  0x00080684        0x8 src/ASF/sam/drivers/tc/tc.o
                0x00080684                tc_stop
 .text.tc_read_cv
                0x0008068c        0x8 src/ASF/sam/drivers/tc/tc.o
                0x0008068c                tc_read_cv
 .text.uart_read
                0x00080694       0x14 src/ASF/sam/drivers/uart/uart.o
                0x00080694                uart_read
 .text.usart_set_async_baudrate
                0x000806a8       0x64 src/ASF/sam/drivers/usart/usart.o
                0x000806a8                usart_set_async_baudrate
 .text.usart_reset
                0x0008070c       0x28 src/ASF/sam/drivers/usart/usart.o
                0x0008070c                usart_reset
 .text.usart_init_rs232
                0x00080734       0x54 src/ASF/sam/drivers/usart/usart.o
                0x00080734                usart_init_rs232
 .text.usart_enable_tx
                0x00080788        0x8 src/ASF/sam/drivers/usart/usart.o
                0x00080788                usart_enable_tx
 .text.usart_enable_rx
                0x00080790        0x8 src/ASF/sam/drivers/usart/usart.o
                0x00080790                usart_enable_rx
 .text.usart_enable_interrupt
                0x00080798        0x4 src/ASF/sam/drivers/usart/usart.o
                0x00080798                usart_enable_interrupt
 .text.usart_read
                0x0008079c       0x18 src/ASF/sam/drivers/usart/usart.o
                0x0008079c                usart_read
 .text.Dummy_Handler
                0x000807b4        0x4 src/ASF/sam/utils/cmsis/sam3x/source/templates/exceptions.o
                0x000807b4                DACC_Handler
                0x000807b4                DebugMon_Handler
                0x000807b4                DMAC_Handler
                0x000807b4                TRNG_Handler
                0x000807b4                HardFault_Handler
                0x000807b4                TC2_Handler
                0x000807b4                SysTick_Handler
                0x000807b4                USART3_Handler
                0x000807b4                TWI1_Handler
                0x000807b4                PendSV_Handler
                0x000807b4                NMI_Handler
                0x000807b4                TC7_Handler
                0x000807b4                ADC_Handler
                0x000807b4                SMC_Handler
                0x000807b4                RTT_Handler
                0x000807b4                EFC1_Handler
                0x000807b4                RTC_Handler
                0x000807b4                UsageFault_Handler
                0x000807b4                TC6_Handler
                0x000807b4                WDT_Handler
                0x000807b4                CAN0_Handler
                0x000807b4                TC4_Handler
                0x000807b4                TC1_Handler
                0x000807b4                HSMCI_Handler
                0x000807b4                TC3_Handler
                0x000807b4                Dummy_Handler
                0x000807b4                TWI0_Handler
                0x000807b4                SSC_Handler
                0x000807b4                EFC0_Handler
                0x000807b4                PMC_Handler
                0x000807b4                PWM_Handler
                0x000807b4                CAN1_Handler
                0x000807b4                MemManage_Handler
                0x000807b4                SUPC_Handler
                0x000807b4                SVC_Handler
                0x000807b4                TC8_Handler
                0x000807b4                USART2_Handler
                0x000807b4                EMAC_Handler
                0x000807b4                UART_Handler
                0x000807b4                BusFault_Handler
                0x000807b4                RSTC_Handler
                0x000807b4                TC0_Handler
                0x000807b4                TC5_Handler
                0x000807b4                UOTGHS_Handler
                0x000807b4                SPI0_Handler
 .text.Reset_Handler
                0x000807b8       0xb0 src/ASF/sam/utils/cmsis/sam3x/source/templates/gcc/startup_sam3x.o
                0x000807b8                Reset_Handler
 .text.SystemCoreClockUpdate
                0x00080868      0x11c src/ASF/sam/utils/cmsis/sam3x/source/templates/system_sam3x.o
                0x00080868                SystemCoreClockUpdate
 .text._sbrk    0x00080984       0x34 src/ASF/sam/utils/syscalls/gcc/syscalls.o
                0x00080984                _sbrk
 .text.USART0_Handler
                0x000809b8       0x6c src/ASF/thirdparty/wireless/addons/sio2host/uart/sio2host.o
                0x000809b8                USART0_Handler
 .text.configureConsole
                0x00080a24       0x58 src/ConsoleFunc/ConsoleFunctions.o
                0x00080a24                configureConsole
 .text.delayInit
                0x00080a7c       0x3c src/DelayFunctions.o
                0x00080a7c                delayInit
 .text.delayMicroseconds
                0x00080ab8       0x3c src/DelayFunctions.o
                0x00080ab8                delayMicroseconds
 .text.lcdWrite4DigitNumber
                0x00080af4       0x40 src/LCD/lcdApplication.o
                0x00080af4                lcdWrite4DigitNumber
 .text.lcdWriteAsciiString
                0x00080b34       0x20 src/LCD/lcdApplication.o
                0x00080b34                lcdWriteAsciiString
 .text.lcdWrite
                0x00080b54       0x90 src/LCD/LCDFunctions.o
                0x00080b54                lcdWrite
 .text.lcdInit  0x00080be4       0xe4 src/LCD/LCDFunctions.o
                0x00080be4                lcdInit
 .text.lcdClearDisplay
                0x00080cc8       0x20 src/LCD/LCDFunctions.o
                0x00080cc8                lcdClearDisplay
 .text.USART1_Handler
                0x00080ce8       0x38 src/main.o
                0x00080ce8                USART1_Handler
 .text.stringToInt
                0x00080d20       0x40 src/main.o
                0x00080d20                stringToInt
 .text.main     0x00080d60      0x14c src/main.o
                0x00080d60                main
 .text.__libc_init_array
                0x00080eac       0x50 c:/program files (x86)/atmel/atmel toolchain/arm gcc/native/4.8.1443/arm-gnu-toolchain/bin/../lib/gcc/arm-none-eabi/4.8.4/../../../../arm-none-eabi/lib/armv7-m\libc.a(lib_a-init.o)
                0x00080eac                __libc_init_array
 .text.memset   0x00080efc       0x94 c:/program files (x86)/atmel/atmel toolchain/arm gcc/native/4.8.1443/arm-gnu-toolchain/bin/../lib/gcc/arm-none-eabi/4.8.4/../../../../arm-none-eabi/lib/armv7-m\libc.a(lib_a-memset.o)
                0x00080efc                memset
 .text.sprintf  0x00080f90       0x4c c:/program files (x86)/atmel/atmel toolchain/arm gcc/native/4.8.1443/arm-gnu-toolchain/bin/../lib/gcc/arm-none-eabi/4.8.4/../../../../arm-none-eabi/lib/armv7-m\libc.a(lib_a-sprintf.o)
                0x00080f90                sprintf
 .text.strlen   0x00080fdc       0x60 c:/program files (x86)/atmel/atmel toolchain/arm gcc/native/4.8.1443/arm-gnu-toolchain/bin/../lib/gcc/arm-none-eabi/4.8.4/../../../../arm-none-eabi/lib/armv7-m\libc.a(lib_a-strlen.o)
                0x00080fdc                strlen
 .text._svfprintf_r
                0x0008103c     0x14e0 c:/program files (x86)/atmel/atmel toolchain/arm gcc/native/4.8.1443/arm-gnu-toolchain/bin/../lib/gcc/arm-none-eabi/4.8.4/../../../../arm-none-eabi/lib/armv7-m\libc.a(lib_a-svfprintf.o)
                0x0008103c                _svfprintf_r
 .text.startup.register_fini
                0x0008251c       0x14 c:/program files (x86)/atmel/atmel toolchain/arm gcc/native/4.8.1443/arm-gnu-toolchain/bin/../lib/gcc/arm-none-eabi/4.8.4/../../../../arm-none-eabi/lib/armv7-m\libc.a(lib_a-__call_atexit.o)
 .text.atexit   0x00082530        0xc c:/program files (x86)/atmel/atmel toolchain/arm gcc/native/4.8.1443/arm-gnu-toolchain/bin/../lib/gcc/arm-none-eabi/4.8.4/../../../../arm-none-eabi/lib/armv7-m\libc.a(lib_a-atexit.o)
                0x00082530                atexit
 .text.quorem   0x0008253c      0x134 c:/program files (x86)/atmel/atmel toolchain/arm gcc/native/4.8.1443/arm-gnu-toolchain/bin/../lib/gcc/arm-none-eabi/4.8.4/../../../../arm-none-eabi/lib/armv7-m\libc.a(lib_a-dtoa.o)
 .text._dtoa_r  0x00082670      0xe38 c:/program files (x86)/atmel/atmel toolchain/arm gcc/native/4.8.1443/arm-gnu-toolchain/bin/../lib/gcc/arm-none-eabi/4.8.4/../../../../arm-none-eabi/lib/armv7-m\libc.a(lib_a-dtoa.o)
                0x00082670                _dtoa_r
 .text.__libc_fini_array
                0x000834a8       0x30 c:/program files (x86)/atmel/atmel toolchain/arm gcc/native/4.8.1443/arm-gnu-toolchain/bin/../lib/gcc/arm-none-eabi/4.8.4/../../../../arm-none-eabi/lib/armv7-m\libc.a(lib_a-fini.o)
                0x000834a8                __libc_fini_array
 .text._malloc_trim_r
                0x000834d8       0x9c c:/program files (x86)/atmel/atmel toolchain/arm gcc/native/4.8.1443/arm-gnu-toolchain/bin/../lib/gcc/arm-none-eabi/4.8.4/../../../../arm-none-eabi/lib/armv7-m\libc.a(lib_a-freer.o)
                0x000834d8                _malloc_trim_r
 .text._free_r  0x00083574      0x198 c:/program files (x86)/atmel/atmel toolchain/arm gcc/native/4.8.1443/arm-gnu-toolchain/bin/../lib/gcc/arm-none-eabi/4.8.4/../../../../arm-none-eabi/lib/armv7-m\libc.a(lib_a-freer.o)
                0x00083574                _free_r
 .text._localeconv_r
                0x0008370c        0x8 c:/program files (x86)/atmel/atmel toolchain/arm gcc/native/4.8.1443/arm-gnu-toolchain/bin/../lib/gcc/arm-none-eabi/4.8.4/../../../../arm-none-eabi/lib/armv7-m\libc.a(lib_a-locale.o)
                0x0008370c                _localeconv_r
 .text.malloc   0x00083714       0x10 c:/program files (x86)/atmel/atmel toolchain/arm gcc/native/4.8.1443/arm-gnu-toolchain/bin/../lib/gcc/arm-none-eabi/4.8.4/../../../../arm-none-eabi/lib/armv7-m\libc.a(lib_a-malloc.o)
                0x00083714                malloc
 .text._malloc_r
                0x00083724      0x538 c:/program files (x86)/atmel/atmel toolchain/arm gcc/native/4.8.1443/arm-gnu-toolchain/bin/../lib/gcc/arm-none-eabi/4.8.4/../../../../arm-none-eabi/lib/armv7-m\libc.a(lib_a-mallocr.o)
                0x00083724                _malloc_r
 .text.memchr   0x00083c5c       0x94 c:/program files (x86)/atmel/atmel toolchain/arm gcc/native/4.8.1443/arm-gnu-toolchain/bin/../lib/gcc/arm-none-eabi/4.8.4/../../../../arm-none-eabi/lib/armv7-m\libc.a(lib_a-memchr-stub.o)
                0x00083c5c                memchr
 .text          0x00083cf0       0xec c:/program files (x86)/atmel/atmel toolchain/arm gcc/native/4.8.1443/arm-gnu-toolchain/bin/../lib/gcc/arm-none-eabi/4.8.4/../../../../arm-none-eabi/lib/armv7-m\libc.a(lib_a-memcpy.o)
                0x00083cf0                memcpy
 .text.memmove  0x00083ddc       0xcc c:/program files (x86)/atmel/atmel toolchain/arm gcc/native/4.8.1443/arm-gnu-toolchain/bin/../lib/gcc/arm-none-eabi/4.8.4/../../../../arm-none-eabi/lib/armv7-m\libc.a(lib_a-memmove.o)
                0x00083ddc                memmove
 .text.__malloc_lock
                0x00083ea8        0x4 c:/program files (x86)/atmel/atmel toolchain/arm gcc/native/4.8.1443/arm-gnu-toolchain/bin/../lib/gcc/arm-none-eabi/4.8.4/../../../../arm-none-eabi/lib/armv7-m\libc.a(lib_a-mlock.o)
                0x00083ea8                __malloc_lock
 .text.__malloc_unlock
                0x00083eac        0x4 c:/program files (x86)/atmel/atmel toolchain/arm gcc/native/4.8.1443/arm-gnu-toolchain/bin/../lib/gcc/arm-none-eabi/4.8.4/../../../../arm-none-eabi/lib/armv7-m\libc.a(lib_a-mlock.o)
                0x00083eac                __malloc_unlock
 .text._Balloc  0x00083eb0       0x4c c:/program files (x86)/atmel/atmel toolchain/arm gcc/native/4.8.1443/arm-gnu-toolchain/bin/../lib/gcc/arm-none-eabi/4.8.4/../../../../arm-none-eabi/lib/armv7-m\libc.a(lib_a-mprec.o)
                0x00083eb0                _Balloc
 .text._Bfree   0x00083efc       0x14 c:/program files (x86)/atmel/atmel toolchain/arm gcc/native/4.8.1443/arm-gnu-toolchain/bin/../lib/gcc/arm-none-eabi/4.8.4/../../../../arm-none-eabi/lib/armv7-m\libc.a(lib_a-mprec.o)
                0x00083efc                _Bfree
 .text.__multadd
                0x00083f10       0x94 c:/program files (x86)/atmel/atmel toolchain/arm gcc/native/4.8.1443/arm-gnu-toolchain/bin/../lib/gcc/arm-none-eabi/4.8.4/../../../../arm-none-eabi/lib/armv7-m\libc.a(lib_a-mprec.o)
                0x00083f10                __multadd
 .text.__hi0bits
                0x00083fa4       0x40 c:/program files (x86)/atmel/atmel toolchain/arm gcc/native/4.8.1443/arm-gnu-toolchain/bin/../lib/gcc/arm-none-eabi/4.8.4/../../../../arm-none-eabi/lib/armv7-m\libc.a(lib_a-mprec.o)
                0x00083fa4                __hi0bits
 .text.__lo0bits
                0x00083fe4       0x5c c:/program files (x86)/atmel/atmel toolchain/arm gcc/native/4.8.1443/arm-gnu-toolchain/bin/../lib/gcc/arm-none-eabi/4.8.4/../../../../arm-none-eabi/lib/armv7-m\libc.a(lib_a-mprec.o)
                0x00083fe4                __lo0bits
 .text.__i2b    0x00084040       0x14 c:/program files (x86)/atmel/atmel toolchain/arm gcc/native/4.8.1443/arm-gnu-toolchain/bin/../lib/gcc/arm-none-eabi/4.8.4/../../../../arm-none-eabi/lib/armv7-m\libc.a(lib_a-mprec.o)
                0x00084040                __i2b
 .text.__multiply
                0x00084054      0x13c c:/program files (x86)/atmel/atmel toolchain/arm gcc/native/4.8.1443/arm-gnu-toolchain/bin/../lib/gcc/arm-none-eabi/4.8.4/../../../../arm-none-eabi/lib/armv7-m\libc.a(lib_a-mprec.o)
                0x00084054                __multiply
 .text.__pow5mult
                0x00084190       0x9c c:/program files (x86)/atmel/atmel toolchain/arm gcc/native/4.8.1443/arm-gnu-toolchain/bin/../lib/gcc/arm-none-eabi/4.8.4/../../../../arm-none-eabi/lib/armv7-m\libc.a(lib_a-mprec.o)
                0x00084190                __pow5mult
 .text.__lshift
                0x0008422c       0xbc c:/program files (x86)/atmel/atmel toolchain/arm gcc/native/4.8.1443/arm-gnu-toolchain/bin/../lib/gcc/arm-none-eabi/4.8.4/../../../../arm-none-eabi/lib/armv7-m\libc.a(lib_a-mprec.o)
                0x0008422c                __lshift
 .text.__mcmp   0x000842e8       0x48 c:/program files (x86)/atmel/atmel toolchain/arm gcc/native/4.8.1443/arm-gnu-toolchain/bin/../lib/gcc/arm-none-eabi/4.8.4/../../../../arm-none-eabi/lib/armv7-m\libc.a(lib_a-mprec.o)
                0x000842e8                __mcmp
 .text.__mdiff  0x00084330       0xd8 c:/program files (x86)/atmel/atmel toolchain/arm gcc/native/4.8.1443/arm-gnu-toolchain/bin/../lib/gcc/arm-none-eabi/4.8.4/../../../../arm-none-eabi/lib/armv7-m\libc.a(lib_a-mprec.o)
                0x00084330                __mdiff
 .text.__d2b    0x00084408       0xbc c:/program files (x86)/atmel/atmel toolchain/arm gcc/native/4.8.1443/arm-gnu-toolchain/bin/../lib/gcc/arm-none-eabi/4.8.4/../../../../arm-none-eabi/lib/armv7-m\libc.a(lib_a-mprec.o)
                0x00084408                __d2b
 .text._realloc_r
                0x000844c4      0x3c0 c:/program files (x86)/atmel/atmel toolchain/arm gcc/native/4.8.1443/arm-gnu-toolchain/bin/../lib/gcc/arm-none-eabi/4.8.4/../../../../arm-none-eabi/lib/armv7-m\libc.a(lib_a-reallocr.o)
                0x000844c4                _realloc_r
 .text.__fpclassifyd
                0x00084884       0x50 c:/program files (x86)/atmel/atmel toolchain/arm gcc/native/4.8.1443/arm-gnu-toolchain/bin/../lib/gcc/arm-none-eabi/4.8.4/../../../../arm-none-eabi/lib/armv7-m\libc.a(lib_a-s_fpclassify.o)
                0x00084884                __fpclassifyd
 .text._sbrk_r  0x000848d4       0x24 c:/program files (x86)/atmel/atmel toolchain/arm gcc/native/4.8.1443/arm-gnu-toolchain/bin/../lib/gcc/arm-none-eabi/4.8.4/../../../../arm-none-eabi/lib/armv7-m\libc.a(lib_a-sbrkr.o)
                0x000848d4                _sbrk_r
 .text.__ssprint_r
                0x000848f8      0x100 c:/program files (x86)/atmel/atmel toolchain/arm gcc/native/4.8.1443/arm-gnu-toolchain/bin/../lib/gcc/arm-none-eabi/4.8.4/../../../../arm-none-eabi/lib/armv7-m\libc.a(lib_a-svfiprintf.o)
                0x000848f8                __ssprint_r
 .text.__register_exitproc
                0x000849f8       0xa8 c:/program files (x86)/atmel/atmel toolchain/arm gcc/native/4.8.1443/arm-gnu-toolchain/bin/../lib/gcc/arm-none-eabi/4.8.4/../../../../arm-none-eabi/lib/armv7-m\libc.a(lib_a-__atexit.o)
                0x000849f8                __register_exitproc
 .text._calloc_r
                0x00084aa0       0x60 c:/program files (x86)/atmel/atmel toolchain/arm gcc/native/4.8.1443/arm-gnu-toolchain/bin/../lib/gcc/arm-none-eabi/4.8.4/../../../../arm-none-eabi/lib/armv7-m\libc.a(lib_a-callocr.o)
                0x00084aa0                _calloc_r
 .text          0x00084b00      0x370 c:/program files (x86)/atmel/atmel toolchain/arm gcc/native/4.8.1443/arm-gnu-toolchain/bin/../lib/gcc/arm-none-eabi/4.8.4/armv7-m\libgcc.a(_arm_addsubdf3.o)
                0x00084b00                __aeabi_drsub
                0x00084b08                __aeabi_dsub
                0x00084b08                __subdf3
                0x00084b0c                __aeabi_dadd
                0x00084b0c                __adddf3
                0x00084d84                __floatunsidf
                0x00084d84                __aeabi_ui2d
                0x00084da4                __floatsidf
                0x00084da4                __aeabi_i2d
                0x00084dc8                __aeabi_f2d
                0x00084dc8                __extendsfdf2
                0x00084e04                __floatundidf
                0x00084e04                __aeabi_ul2d
                0x00084e14                __floatdidf
                0x00084e14                __aeabi_l2d
 .text          0x00084e70      0x424 c:/program files (x86)/atmel/atmel toolchain/arm gcc/native/4.8.1443/arm-gnu-toolchain/bin/../lib/gcc/arm-none-eabi/4.8.4/armv7-m\libgcc.a(_arm_muldivdf3.o)
                0x00084e70                __aeabi_dmul
                0x00084e70                __muldf3
                0x000850c4                __divdf3
                0x000850c4                __aeabi_ddiv
 .text          0x00085294      0x110 c:/program files (x86)/atmel/atmel toolchain/arm gcc/native/4.8.1443/arm-gnu-toolchain/bin/../lib/gcc/arm-none-eabi/4.8.4/armv7-m\libgcc.a(_arm_cmpdf2.o)
                0x00085294                __gtdf2
                0x00085294                __gedf2
                0x0008529c                __ltdf2
                0x0008529c                __ledf2
                0x000852a4                __nedf2
                0x000852a4                __eqdf2
                0x000852a4                __cmpdf2
                0x00085320                __aeabi_cdrcmple
                0x00085330                __aeabi_cdcmpeq
                0x00085330                __aeabi_cdcmple
                0x00085340                __aeabi_dcmpeq
                0x00085354                __aeabi_dcmplt
                0x00085368                __aeabi_dcmple
                0x0008537c                __aeabi_dcmpge
                0x00085390                __aeabi_dcmpgt
 .text          0x000853a4       0x50 c:/program files (x86)/atmel/atmel toolchain/arm gcc/native/4.8.1443/arm-gnu-toolchain/bin/../lib/gcc/arm-none-eabi/4.8.4/armv7-m\libgcc.a(_arm_fixdfsi.o)
                0x000853a4                __aeabi_d2iz
                0x000853a4                __fixdfsi
 .text          0x000853f4       0x2c c:/program files (x86)/atmel/atmel toolchain/arm gcc/native/4.8.1443/arm-gnu-toolchain/bin/../lib/gcc/arm-none-eabi/4.8.4/armv7-m\libgcc.a(_aeabi_uldivmod.o)
                0x000853f4                __aeabi_uldivmod
 .text          0x00085420       0x60 c:/program files (x86)/atmel/atmel toolchain/arm gcc/native/4.8.1443/arm-gnu-toolchain/bin/../lib/gcc/arm-none-eabi/4.8.4/armv7-m\libgcc.a(bpabi.o)
                0x00085420                __gnu_ldivmod_helper
                0x00085450                __gnu_uldivmod_helper
 .text          0x00085480        0x4 c:/program files (x86)/atmel/atmel toolchain/arm gcc/native/4.8.1443/arm-gnu-toolchain/bin/../lib/gcc/arm-none-eabi/4.8.4/armv7-m\libgcc.a(_dvmd_tls.o)
                0x00085480                __aeabi_idiv0
                0x00085480                __aeabi_ldiv0
 .text          0x00085484      0x2a0 c:/program files (x86)/atmel/atmel toolchain/arm gcc/native/4.8.1443/arm-gnu-toolchain/bin/../lib/gcc/arm-none-eabi/4.8.4/armv7-m\libgcc.a(_divdi3.o)
                0x00085484                __divdi3
 .text          0x00085724      0x290 c:/program files (x86)/atmel/atmel toolchain/arm gcc/native/4.8.1443/arm-gnu-toolchain/bin/../lib/gcc/arm-none-eabi/4.8.4/armv7-m\libgcc.a(_udivdi3.o)
                0x00085724                __udivdi3
 *(.glue_7t)
 .glue_7t       0x00000000        0x0 linker stubs
 *(.glue_7)
 .glue_7        0x00000000        0x0 linker stubs
 *(.rodata .rodata* .gnu.linkonce.r.*)
 .rodata.str1.4
                0x000859b4       0x36 src/LCD/lcdApplication.o
                                 0x38 (size before relaxing)
 *fill*         0x000859ea        0x2 
 .rodata        0x000859ec       0x10 src/LCD/LCDFunctions.o
 .rodata.str1.4
                0x000859fc       0xd8 src/main.o
 .rodata.str1.4
                0x00085ad4        0x2 c:/program files (x86)/atmel/atmel toolchain/arm gcc/native/4.8.1443/arm-gnu-toolchain/bin/../lib/gcc/arm-none-eabi/4.8.4/../../../../arm-none-eabi/lib/armv7-m\libc.a(lib_a-impure.o)
                                  0x4 (size before relaxing)
 *fill*         0x00085ad6        0x2 
 .rodata._global_impure_ptr
                0x00085ad8        0x4 c:/program files (x86)/atmel/atmel toolchain/arm gcc/native/4.8.1443/arm-gnu-toolchain/bin/../lib/gcc/arm-none-eabi/4.8.4/../../../../arm-none-eabi/lib/armv7-m\libc.a(lib_a-impure.o)
                0x00085ad8                _global_impure_ptr
 .rodata.zeroes.6763
                0x00085adc       0x10 c:/program files (x86)/atmel/atmel toolchain/arm gcc/native/4.8.1443/arm-gnu-toolchain/bin/../lib/gcc/arm-none-eabi/4.8.4/../../../../arm-none-eabi/lib/armv7-m\libc.a(lib_a-svfprintf.o)
 .rodata.str1.4
                0x00085aec       0x42 c:/program files (x86)/atmel/atmel toolchain/arm gcc/native/4.8.1443/arm-gnu-toolchain/bin/../lib/gcc/arm-none-eabi/4.8.4/../../../../arm-none-eabi/lib/armv7-m\libc.a(lib_a-svfprintf.o)
                                 0x44 (size before relaxing)
 *fill*         0x00085b2e        0x2 
 .rodata.blanks.6762
                0x00085b30       0x10 c:/program files (x86)/atmel/atmel toolchain/arm gcc/native/4.8.1443/arm-gnu-toolchain/bin/../lib/gcc/arm-none-eabi/4.8.4/../../../../arm-none-eabi/lib/armv7-m\libc.a(lib_a-svfprintf.o)
 .rodata.str1.4
                0x00085b40       0x10 c:/program files (x86)/atmel/atmel toolchain/arm gcc/native/4.8.1443/arm-gnu-toolchain/bin/../lib/gcc/arm-none-eabi/4.8.4/../../../../arm-none-eabi/lib/armv7-m\libc.a(lib_a-dtoa.o)
                                 0x14 (size before relaxing)
 .rodata.str1.4
                0x00085b50        0xc c:/program files (x86)/atmel/atmel toolchain/arm gcc/native/4.8.1443/arm-gnu-toolchain/bin/../lib/gcc/arm-none-eabi/4.8.4/../../../../arm-none-eabi/lib/armv7-m\libc.a(lib_a-locale.o)
                                 0x14 (size before relaxing)
 *fill*         0x00085b5c        0x4 
 .rodata.__mprec_tens
                0x00085b60       0xc8 c:/program files (x86)/atmel/atmel toolchain/arm gcc/native/4.8.1443/arm-gnu-toolchain/bin/../lib/gcc/arm-none-eabi/4.8.4/../../../../arm-none-eabi/lib/armv7-m\libc.a(lib_a-mprec.o)
                0x00085b60                __mprec_tens
 .rodata.__mprec_bigtens
                0x00085c28       0x28 c:/program files (x86)/atmel/atmel toolchain/arm gcc/native/4.8.1443/arm-gnu-toolchain/bin/../lib/gcc/arm-none-eabi/4.8.4/../../../../arm-none-eabi/lib/armv7-m\libc.a(lib_a-mprec.o)
                0x00085c28                __mprec_bigtens
 .rodata.p05.5269
                0x00085c50        0xc c:/program files (x86)/atmel/atmel toolchain/arm gcc/native/4.8.1443/arm-gnu-toolchain/bin/../lib/gcc/arm-none-eabi/4.8.4/../../../../arm-none-eabi/lib/armv7-m\libc.a(lib_a-mprec.o)
 *(.ARM.extab* .gnu.linkonce.armextab.*)
                0x00085c5c                . = ALIGN (0x4)
 *(.init)
 .init          0x00085c5c        0x4 c:/program files (x86)/atmel/atmel toolchain/arm gcc/native/4.8.1443/arm-gnu-toolchain/bin/../lib/gcc/arm-none-eabi/4.8.4/armv7-m/crti.o
                0x00085c5c                _init
 .init          0x00085c60        0x8 c:/program files (x86)/atmel/atmel toolchain/arm gcc/native/4.8.1443/arm-gnu-toolchain/bin/../lib/gcc/arm-none-eabi/4.8.4/armv7-m/crtn.o
                0x00085c68                . = ALIGN (0x4)
                0x00085c68                __preinit_array_start = .
 *(.preinit_array)
                0x00085c68                __preinit_array_end = .
                0x00085c68                . = ALIGN (0x4)
                0x00085c68                __init_array_start = .
 *(SORT(.init_array.*))
 .init_array.00000
                0x00085c68        0x4 c:/program files (x86)/atmel/atmel toolchain/arm gcc/native/4.8.1443/arm-gnu-toolchain/bin/../lib/gcc/arm-none-eabi/4.8.4/../../../../arm-none-eabi/lib/armv7-m\libc.a(lib_a-__call_atexit.o)
 *(.init_array)
 .init_array    0x00085c6c        0x4 c:/program files (x86)/atmel/atmel toolchain/arm gcc/native/4.8.1443/arm-gnu-toolchain/bin/../lib/gcc/arm-none-eabi/4.8.4/armv7-m/crtbegin.o
                0x00085c70                __init_array_end = .
                0x00085c70                . = ALIGN (0x4)
 *crtbegin.o(.ctors)
 *(EXCLUDE_FILE(*crtend.o) .ctors)
 *(SORT(.ctors.*))
 *crtend.o(.ctors)
                0x00085c70                . = ALIGN (0x4)
 *(.fini)
 .fini          0x00085c70        0x4 c:/program files (x86)/atmel/atmel toolchain/arm gcc/native/4.8.1443/arm-gnu-toolchain/bin/../lib/gcc/arm-none-eabi/4.8.4/armv7-m/crti.o
                0x00085c70                _fini
 .fini          0x00085c74        0x8 c:/program files (x86)/atmel/atmel toolchain/arm gcc/native/4.8.1443/arm-gnu-toolchain/bin/../lib/gcc/arm-none-eabi/4.8.4/armv7-m/crtn.o
                0x00085c7c                . = ALIGN (0x4)
                0x00085c7c                __fini_array_start = .
 *(.fini_array)
 .fini_array    0x00085c7c        0x4 c:/program files (x86)/atmel/atmel toolchain/arm gcc/native/4.8.1443/arm-gnu-toolchain/bin/../lib/gcc/arm-none-eabi/4.8.4/armv7-m/crtbegin.o
 *(SORT(.fini_array.*))
                0x00085c80                __fini_array_end = .
 *crtbegin.o(.dtors)
 *(EXCLUDE_FILE(*crtend.o) .dtors)
 *(SORT(.dtors.*))
 *crtend.o(.dtors)
                0x00085c80                . = ALIGN (0x4)
                0x00085c80                _efixed = .
                0x00085c80                PROVIDE (__exidx_start, .)

.vfp11_veneer   0x00085c80        0x0
 .vfp11_veneer  0x00000000        0x0 linker stubs

.v4_bx          0x00085c80        0x0
 .v4_bx         0x00000000        0x0 linker stubs

.iplt           0x00085c80        0x0
 .iplt          0x00000000        0x0 c:/program files (x86)/atmel/atmel toolchain/arm gcc/native/4.8.1443/arm-gnu-toolchain/bin/../lib/gcc/arm-none-eabi/4.8.4/armv7-m/crtbegin.o

.ARM.exidx      0x00085c80        0x8
 *(.ARM.exidx* .gnu.linkonce.armexidx.*)
 .ARM.exidx     0x00085c80        0x8 c:/program files (x86)/atmel/atmel toolchain/arm gcc/native/4.8.1443/arm-gnu-toolchain/bin/../lib/gcc/arm-none-eabi/4.8.4/armv7-m\libgcc.a(_divdi3.o)
 .ARM.exidx     0x00085c88        0x0 c:/program files (x86)/atmel/atmel toolchain/arm gcc/native/4.8.1443/arm-gnu-toolchain/bin/../lib/gcc/arm-none-eabi/4.8.4/armv7-m\libgcc.a(_udivdi3.o)
                                  0x8 (size before relaxing)
                0x00085c88                PROVIDE (__exidx_end, .)

.eh_frame       0x00085c88        0x0
 .eh_frame      0x00085c88        0x0 c:/program files (x86)/atmel/atmel toolchain/arm gcc/native/4.8.1443/arm-gnu-toolchain/bin/../lib/gcc/arm-none-eabi/4.8.4/armv7-m/crtbegin.o

.rel.dyn        0x00085c88        0x0
 .rel.iplt      0x00000000        0x0 c:/program files (x86)/atmel/atmel toolchain/arm gcc/native/4.8.1443/arm-gnu-toolchain/bin/../lib/gcc/arm-none-eabi/4.8.4/armv7-m/crtbegin.o

.jcr            0x00085c88        0x0
 .jcr           0x00085c88        0x0 c:/program files (x86)/atmel/atmel toolchain/arm gcc/native/4.8.1443/arm-gnu-toolchain/bin/../lib/gcc/arm-none-eabi/4.8.4/armv7-m/crtbegin.o

.igot.plt       0x00085c88        0x0
 .igot.plt      0x00000000        0x0 c:/program files (x86)/atmel/atmel toolchain/arm gcc/native/4.8.1443/arm-gnu-toolchain/bin/../lib/gcc/arm-none-eabi/4.8.4/armv7-m/crtbegin.o
                0x00085c88                . = ALIGN (0x4)
                0x00085c88                _etext = .

.relocate       0x20070000      0x9ac load address 0x00085c88
                0x20070000                . = ALIGN (0x4)
                0x20070000                _srelocate = .
 *(.ramfunc .ramfunc.*)
 .ramfunc       0x20070000      0x12c src/ASF/sam/utils/cmsis/sam3x/source/templates/system_sam3x.o
                0x20070000                SystemInit
                0x200700a4                system_init_flash
 *(.data .data.*)
 .data.g_interrupt_enabled
                0x2007012c        0x1 src/ASF/common/utils/interrupt/interrupt_sam_nvic.o
                0x2007012c                g_interrupt_enabled
 *fill*         0x2007012d        0x3 
 .data.SystemCoreClock
                0x20070130        0x4 src/ASF/sam/utils/cmsis/sam3x/source/templates/system_sam3x.o
                0x20070130                SystemCoreClock
 *fill*         0x20070134        0x4 
 .data.impure_data
                0x20070138      0x428 c:/program files (x86)/atmel/atmel toolchain/arm gcc/native/4.8.1443/arm-gnu-toolchain/bin/../lib/gcc/arm-none-eabi/4.8.4/../../../../arm-none-eabi/lib/armv7-m\libc.a(lib_a-impure.o)
 .data._impure_ptr
                0x20070560        0x4 c:/program files (x86)/atmel/atmel toolchain/arm gcc/native/4.8.1443/arm-gnu-toolchain/bin/../lib/gcc/arm-none-eabi/4.8.4/../../../../arm-none-eabi/lib/armv7-m\libc.a(lib_a-impure.o)
                0x20070560                _impure_ptr
 .data.lconv    0x20070564       0x38 c:/program files (x86)/atmel/atmel toolchain/arm gcc/native/4.8.1443/arm-gnu-toolchain/bin/../lib/gcc/arm-none-eabi/4.8.4/../../../../arm-none-eabi/lib/armv7-m\libc.a(lib_a-locale.o)
 .data.__malloc_av_
                0x2007059c      0x408 c:/program files (x86)/atmel/atmel toolchain/arm gcc/native/4.8.1443/arm-gnu-toolchain/bin/../lib/gcc/arm-none-eabi/4.8.4/../../../../arm-none-eabi/lib/armv7-m\libc.a(lib_a-mallocr.o)
                0x2007059c                __malloc_av_
 .data.__malloc_trim_threshold
                0x200709a4        0x4 c:/program files (x86)/atmel/atmel toolchain/arm gcc/native/4.8.1443/arm-gnu-toolchain/bin/../lib/gcc/arm-none-eabi/4.8.4/../../../../arm-none-eabi/lib/armv7-m\libc.a(lib_a-mallocr.o)
                0x200709a4                __malloc_trim_threshold
 .data.__malloc_sbrk_base
                0x200709a8        0x4 c:/program files (x86)/atmel/atmel toolchain/arm gcc/native/4.8.1443/arm-gnu-toolchain/bin/../lib/gcc/arm-none-eabi/4.8.4/../../../../arm-none-eabi/lib/armv7-m\libc.a(lib_a-mallocr.o)
                0x200709a8                __malloc_sbrk_base
                0x200709ac                . = ALIGN (0x4)
                0x200709ac                _erelocate = .

.bss            0x200709ac      0x17c load address 0x00086634
                0x200709ac                . = ALIGN (0x4)
                0x200709ac                _sbss = .
                0x200709ac                _szero = .
 *(.bss .bss.*)
 .bss           0x200709ac       0x1c c:/program files (x86)/atmel/atmel toolchain/arm gcc/native/4.8.1443/arm-gnu-toolchain/bin/../lib/gcc/arm-none-eabi/4.8.4/armv7-m/crtbegin.o
 .bss.gs_interrupt_sources
                0x200709c8       0x70 src/ASF/sam/drivers/pio/pio_handler.o
 .bss.ul_reg_val.7190
                0x20070a38        0x4 src/ASF/sam/drivers/usart/usart.o
 .bss.heap.5098
                0x20070a3c        0x4 src/ASF/sam/utils/syscalls/gcc/syscalls.o
 .bss.serial_rx_buf
                0x20070a40       0x9c src/ASF/thirdparty/wireless/addons/sio2host/uart/sio2host.o
 .bss.serial_rx_buf_tail
                0x20070adc        0x1 src/ASF/thirdparty/wireless/addons/sio2host/uart/sio2host.o
 .bss.serial_rx_count
                0x20070add        0x1 src/ASF/thirdparty/wireless/addons/sio2host/uart/sio2host.o
 .bss.c_counter
                0x20070ade        0x1 src/main.o
                0x20070ade                c_counter
 *fill*         0x20070adf        0x1 
 .bss.__malloc_max_total_mem
                0x20070ae0        0x4 c:/program files (x86)/atmel/atmel toolchain/arm gcc/native/4.8.1443/arm-gnu-toolchain/bin/../lib/gcc/arm-none-eabi/4.8.4/../../../../arm-none-eabi/lib/armv7-m\libc.a(lib_a-mallocr.o)
                0x20070ae0                __malloc_max_total_mem
 .bss.__malloc_max_sbrked_mem
                0x20070ae4        0x4 c:/program files (x86)/atmel/atmel toolchain/arm gcc/native/4.8.1443/arm-gnu-toolchain/bin/../lib/gcc/arm-none-eabi/4.8.4/../../../../arm-none-eabi/lib/armv7-m\libc.a(lib_a-mallocr.o)
                0x20070ae4                __malloc_max_sbrked_mem
 .bss.__malloc_top_pad
                0x20070ae8        0x4 c:/program files (x86)/atmel/atmel toolchain/arm gcc/native/4.8.1443/arm-gnu-toolchain/bin/../lib/gcc/arm-none-eabi/4.8.4/../../../../arm-none-eabi/lib/armv7-m\libc.a(lib_a-mallocr.o)
                0x20070ae8                __malloc_top_pad
 .bss.__malloc_current_mallinfo
                0x20070aec       0x28 c:/program files (x86)/atmel/atmel toolchain/arm gcc/native/4.8.1443/arm-gnu-toolchain/bin/../lib/gcc/arm-none-eabi/4.8.4/../../../../arm-none-eabi/lib/armv7-m\libc.a(lib_a-mallocr.o)
                0x20070aec                __malloc_current_mallinfo
 *(COMMON)
 COMMON         0x20070b14       0x10 src/main.o
                0x20070b14                rx
 COMMON         0x20070b24        0x4 c:/program files (x86)/atmel/atmel toolchain/arm gcc/native/4.8.1443/arm-gnu-toolchain/bin/../lib/gcc/arm-none-eabi/4.8.4/../../../../arm-none-eabi/lib/armv7-m\libc.a(lib_a-reent.o)
                0x20070b24                errno
                0x20070b28                . = ALIGN (0x4)
                0x20070b28                _ebss = .
                0x20070b28                _ezero = .

.stack          0x20070b28     0x2000 load address 0x000867b0
                0x20070b28                . = ALIGN (0x8)
                0x20070b28                _sstack = .
                0x20072b28                . = (. + __stack_size__)
 *fill*         0x20070b28     0x2000 
                0x20072b28                . = ALIGN (0x8)
                0x20072b28                _estack = .
                0x20072b28                . = ALIGN (0x4)
                0x20072b28                _end = .
OUTPUT(ESPTest.elf elf32-littlearm)

.ARM.attributes
                0x00000000       0x29
 .ARM.attributes
                0x00000000       0x1d c:/program files (x86)/atmel/atmel toolchain/arm gcc/native/4.8.1443/arm-gnu-toolchain/bin/../lib/gcc/arm-none-eabi/4.8.4/armv7-m/crti.o
 .ARM.attributes
                0x0000001d       0x2d c:/program files (x86)/atmel/atmel toolchain/arm gcc/native/4.8.1443/arm-gnu-toolchain/bin/../lib/gcc/arm-none-eabi/4.8.4/armv7-m/crtbegin.o
 .ARM.attributes
                0x0000004a       0x33 src/ASF/common/services/clock/sam3x/sysclk.o
 .ARM.attributes
                0x0000007d       0x33 src/ASF/common/services/serial/usart_serial.o
 .ARM.attributes
                0x000000b0       0x33 src/ASF/common/utils/interrupt/interrupt_sam_nvic.o
 .ARM.attributes
                0x000000e3       0x33 src/ASF/sam/boards/arduino_due_x/init.o
 .ARM.attributes
                0x00000116       0x33 src/ASF/sam/drivers/pio/pio.o
 .ARM.attributes
                0x00000149       0x33 src/ASF/sam/drivers/pio/pio_handler.o
 .ARM.attributes
                0x0000017c       0x33 src/ASF/sam/drivers/pmc/pmc.o
 .ARM.attributes
                0x000001af       0x33 src/ASF/sam/drivers/tc/tc.o
 .ARM.attributes
                0x000001e2       0x33 src/ASF/sam/drivers/uart/uart.o
 .ARM.attributes
                0x00000215       0x33 src/ASF/sam/drivers/usart/usart.o
 .ARM.attributes
                0x00000248       0x33 src/ASF/sam/utils/cmsis/sam3x/source/templates/exceptions.o
 .ARM.attributes
                0x0000027b       0x33 src/ASF/sam/utils/cmsis/sam3x/source/templates/gcc/startup_sam3x.o
 .ARM.attributes
                0x000002ae       0x33 src/ASF/sam/utils/cmsis/sam3x/source/templates/system_sam3x.o
 .ARM.attributes
                0x000002e1       0x33 src/ASF/sam/utils/syscalls/gcc/syscalls.o
 .ARM.attributes
                0x00000314       0x33 src/ASF/thirdparty/wireless/addons/sio2host/uart/sio2host.o
 .ARM.attributes
                0x00000347       0x33 src/ConsoleFunc/ConsoleFunctions.o
 .ARM.attributes
                0x0000037a       0x33 src/DelayFunctions.o
 .ARM.attributes
                0x000003ad       0x33 src/LCD/lcdApplication.o
 .ARM.attributes
                0x000003e0       0x33 src/LCD/LCDFunctions.o
 .ARM.attributes
                0x00000413       0x33 src/main.o
 .ARM.attributes
                0x00000446       0x2d c:/program files (x86)/atmel/atmel toolchain/arm gcc/native/4.8.1443/arm-gnu-toolchain/bin/../lib/gcc/arm-none-eabi/4.8.4/../../../../arm-none-eabi/lib/armv7-m\libc.a(lib_a-impure.o)
 .ARM.attributes
                0x00000473       0x2d c:/program files (x86)/atmel/atmel toolchain/arm gcc/native/4.8.1443/arm-gnu-toolchain/bin/../lib/gcc/arm-none-eabi/4.8.4/../../../../arm-none-eabi/lib/armv7-m\libc.a(lib_a-init.o)
 .ARM.attributes
                0x000004a0       0x2d c:/program files (x86)/atmel/atmel toolchain/arm gcc/native/4.8.1443/arm-gnu-toolchain/bin/../lib/gcc/arm-none-eabi/4.8.4/../../../../arm-none-eabi/lib/armv7-m\libc.a(lib_a-memset.o)
 .ARM.attributes
                0x000004cd       0x2d c:/program files (x86)/atmel/atmel toolchain/arm gcc/native/4.8.1443/arm-gnu-toolchain/bin/../lib/gcc/arm-none-eabi/4.8.4/../../../../arm-none-eabi/lib/armv7-m\libc.a(lib_a-sprintf.o)
 .ARM.attributes
                0x000004fa       0x2d c:/program files (x86)/atmel/atmel toolchain/arm gcc/native/4.8.1443/arm-gnu-toolchain/bin/../lib/gcc/arm-none-eabi/4.8.4/../../../../arm-none-eabi/lib/armv7-m\libc.a(lib_a-strlen.o)
 .ARM.attributes
                0x00000527       0x2d c:/program files (x86)/atmel/atmel toolchain/arm gcc/native/4.8.1443/arm-gnu-toolchain/bin/../lib/gcc/arm-none-eabi/4.8.4/../../../../arm-none-eabi/lib/armv7-m\libc.a(lib_a-svfprintf.o)
 .ARM.attributes
                0x00000554       0x2d c:/program files (x86)/atmel/atmel toolchain/arm gcc/native/4.8.1443/arm-gnu-toolchain/bin/../lib/gcc/arm-none-eabi/4.8.4/../../../../arm-none-eabi/lib/armv7-m\libc.a(lib_a-__call_atexit.o)
 .ARM.attributes
                0x00000581       0x2d c:/program files (x86)/atmel/atmel toolchain/arm gcc/native/4.8.1443/arm-gnu-toolchain/bin/../lib/gcc/arm-none-eabi/4.8.4/../../../../arm-none-eabi/lib/armv7-m\libc.a(lib_a-atexit.o)
 .ARM.attributes
                0x000005ae       0x2d c:/program files (x86)/atmel/atmel toolchain/arm gcc/native/4.8.1443/arm-gnu-toolchain/bin/../lib/gcc/arm-none-eabi/4.8.4/../../../../arm-none-eabi/lib/armv7-m\libc.a(lib_a-dtoa.o)
 .ARM.attributes
                0x000005db       0x2d c:/program files (x86)/atmel/atmel toolchain/arm gcc/native/4.8.1443/arm-gnu-toolchain/bin/../lib/gcc/arm-none-eabi/4.8.4/../../../../arm-none-eabi/lib/armv7-m\libc.a(lib_a-fini.o)
 .ARM.attributes
                0x00000608       0x2d c:/program files (x86)/atmel/atmel toolchain/arm gcc/native/4.8.1443/arm-gnu-toolchain/bin/../lib/gcc/arm-none-eabi/4.8.4/../../../../arm-none-eabi/lib/armv7-m\libc.a(lib_a-freer.o)
 .ARM.attributes
                0x00000635       0x2d c:/program files (x86)/atmel/atmel toolchain/arm gcc/native/4.8.1443/arm-gnu-toolchain/bin/../lib/gcc/arm-none-eabi/4.8.4/../../../../arm-none-eabi/lib/armv7-m\libc.a(lib_a-locale.o)
 .ARM.attributes
                0x00000662       0x2d c:/program files (x86)/atmel/atmel toolchain/arm gcc/native/4.8.1443/arm-gnu-toolchain/bin/../lib/gcc/arm-none-eabi/4.8.4/../../../../arm-none-eabi/lib/armv7-m\libc.a(lib_a-malloc.o)
 .ARM.attributes
                0x0000068f       0x2d c:/program files (x86)/atmel/atmel toolchain/arm gcc/native/4.8.1443/arm-gnu-toolchain/bin/../lib/gcc/arm-none-eabi/4.8.4/../../../../arm-none-eabi/lib/armv7-m\libc.a(lib_a-mallocr.o)
 .ARM.attributes
                0x000006bc       0x2d c:/program files (x86)/atmel/atmel toolchain/arm gcc/native/4.8.1443/arm-gnu-toolchain/bin/../lib/gcc/arm-none-eabi/4.8.4/../../../../arm-none-eabi/lib/armv7-m\libc.a(lib_a-memchr-stub.o)
 .ARM.attributes
                0x000006e9       0x1b c:/program files (x86)/atmel/atmel toolchain/arm gcc/native/4.8.1443/arm-gnu-toolchain/bin/../lib/gcc/arm-none-eabi/4.8.4/../../../../arm-none-eabi/lib/armv7-m\libc.a(lib_a-memcpy.o)
 .ARM.attributes
                0x00000704       0x2d c:/program files (x86)/atmel/atmel toolchain/arm gcc/native/4.8.1443/arm-gnu-toolchain/bin/../lib/gcc/arm-none-eabi/4.8.4/../../../../arm-none-eabi/lib/armv7-m\libc.a(lib_a-memmove.o)
 .ARM.attributes
                0x00000731       0x2d c:/program files (x86)/atmel/atmel toolchain/arm gcc/native/4.8.1443/arm-gnu-toolchain/bin/../lib/gcc/arm-none-eabi/4.8.4/../../../../arm-none-eabi/lib/armv7-m\libc.a(lib_a-mlock.o)
 .ARM.attributes
                0x0000075e       0x2d c:/program files (x86)/atmel/atmel toolchain/arm gcc/native/4.8.1443/arm-gnu-toolchain/bin/../lib/gcc/arm-none-eabi/4.8.4/../../../../arm-none-eabi/lib/armv7-m\libc.a(lib_a-mprec.o)
 .ARM.attributes
                0x0000078b       0x2d c:/program files (x86)/atmel/atmel toolchain/arm gcc/native/4.8.1443/arm-gnu-toolchain/bin/../lib/gcc/arm-none-eabi/4.8.4/../../../../arm-none-eabi/lib/armv7-m\libc.a(lib_a-reallocr.o)
 .ARM.attributes
                0x000007b8       0x2d c:/program files (x86)/atmel/atmel toolchain/arm gcc/native/4.8.1443/arm-gnu-toolchain/bin/../lib/gcc/arm-none-eabi/4.8.4/../../../../arm-none-eabi/lib/armv7-m\libc.a(lib_a-s_fpclassify.o)
 .ARM.attributes
                0x000007e5       0x2d c:/program files (x86)/atmel/atmel toolchain/arm gcc/native/4.8.1443/arm-gnu-toolchain/bin/../lib/gcc/arm-none-eabi/4.8.4/../../../../arm-none-eabi/lib/armv7-m\libc.a(lib_a-sbrkr.o)
 .ARM.attributes
                0x00000812       0x2d c:/program files (x86)/atmel/atmel toolchain/arm gcc/native/4.8.1443/arm-gnu-toolchain/bin/../lib/gcc/arm-none-eabi/4.8.4/../../../../arm-none-eabi/lib/armv7-m\libc.a(lib_a-svfiprintf.o)
 .ARM.attributes
                0x0000083f       0x2d c:/program files (x86)/atmel/atmel toolchain/arm gcc/native/4.8.1443/arm-gnu-toolchain/bin/../lib/gcc/arm-none-eabi/4.8.4/../../../../arm-none-eabi/lib/armv7-m\libc.a(lib_a-__atexit.o)
 .ARM.attributes
                0x0000086c       0x2d c:/program files (x86)/atmel/atmel toolchain/arm gcc/native/4.8.1443/arm-gnu-toolchain/bin/../lib/gcc/arm-none-eabi/4.8.4/../../../../arm-none-eabi/lib/armv7-m\libc.a(lib_a-callocr.o)
 .ARM.attributes
                0x00000899       0x2d c:/program files (x86)/atmel/atmel toolchain/arm gcc/native/4.8.1443/arm-gnu-toolchain/bin/../lib/gcc/arm-none-eabi/4.8.4/../../../../arm-none-eabi/lib/armv7-m\libc.a(lib_a-reent.o)
 .ARM.attributes
                0x000008c6       0x1d c:/program files (x86)/atmel/atmel toolchain/arm gcc/native/4.8.1443/arm-gnu-toolchain/bin/../lib/gcc/arm-none-eabi/4.8.4/armv7-m\libgcc.a(_arm_addsubdf3.o)
 .ARM.attributes
                0x000008e3       0x1d c:/program files (x86)/atmel/atmel toolchain/arm gcc/native/4.8.1443/arm-gnu-toolchain/bin/../lib/gcc/arm-none-eabi/4.8.4/armv7-m\libgcc.a(_arm_muldivdf3.o)
 .ARM.attributes
                0x00000900       0x1d c:/program files (x86)/atmel/atmel toolchain/arm gcc/native/4.8.1443/arm-gnu-toolchain/bin/../lib/gcc/arm-none-eabi/4.8.4/armv7-m\libgcc.a(_arm_cmpdf2.o)
 .ARM.attributes
                0x0000091d       0x1d c:/program files (x86)/atmel/atmel toolchain/arm gcc/native/4.8.1443/arm-gnu-toolchain/bin/../lib/gcc/arm-none-eabi/4.8.4/armv7-m\libgcc.a(_arm_fixdfsi.o)
 .ARM.attributes
                0x0000093a       0x1d c:/program files (x86)/atmel/atmel toolchain/arm gcc/native/4.8.1443/arm-gnu-toolchain/bin/../lib/gcc/arm-none-eabi/4.8.4/armv7-m\libgcc.a(_aeabi_uldivmod.o)
 .ARM.attributes
                0x00000957       0x2d c:/program files (x86)/atmel/atmel toolchain/arm gcc/native/4.8.1443/arm-gnu-toolchain/bin/../lib/gcc/arm-none-eabi/4.8.4/armv7-m\libgcc.a(bpabi.o)
 .ARM.attributes
                0x00000984       0x1d c:/program files (x86)/atmel/atmel toolchain/arm gcc/native/4.8.1443/arm-gnu-toolchain/bin/../lib/gcc/arm-none-eabi/4.8.4/armv7-m\libgcc.a(_dvmd_tls.o)
 .ARM.attributes
                0x000009a1       0x2d c:/program files (x86)/atmel/atmel toolchain/arm gcc/native/4.8.1443/arm-gnu-toolchain/bin/../lib/gcc/arm-none-eabi/4.8.4/armv7-m\libgcc.a(_divdi3.o)
 .ARM.attributes
                0x000009ce       0x2d c:/program files (x86)/atmel/atmel toolchain/arm gcc/native/4.8.1443/arm-gnu-toolchain/bin/../lib/gcc/arm-none-eabi/4.8.4/armv7-m\libgcc.a(_udivdi3.o)
 .ARM.attributes
                0x000009fb       0x1d c:/program files (x86)/atmel/atmel toolchain/arm gcc/native/4.8.1443/arm-gnu-toolchain/bin/../lib/gcc/arm-none-eabi/4.8.4/armv7-m/crtn.o

.comment        0x00000000       0x5b
 .comment       0x00000000       0x5b src/ASF/common/services/clock/sam3x/sysclk.o
                                 0x5c (size before relaxing)
 .comment       0x00000000       0x5c src/ASF/common/services/serial/usart_serial.o
 .comment       0x00000000       0x5c src/ASF/common/utils/interrupt/interrupt_sam_nvic.o
 .comment       0x00000000       0x5c src/ASF/sam/boards/arduino_due_x/init.o
 .comment       0x00000000       0x5c src/ASF/sam/drivers/pio/pio.o
 .comment       0x00000000       0x5c src/ASF/sam/drivers/pio/pio_handler.o
 .comment       0x00000000       0x5c src/ASF/sam/drivers/pmc/pmc.o
 .comment       0x00000000       0x5c src/ASF/sam/drivers/tc/tc.o
 .comment       0x00000000       0x5c src/ASF/sam/drivers/uart/uart.o
 .comment       0x00000000       0x5c src/ASF/sam/drivers/usart/usart.o
 .comment       0x00000000       0x5c src/ASF/sam/utils/cmsis/sam3x/source/templates/exceptions.o
 .comment       0x00000000       0x5c src/ASF/sam/utils/cmsis/sam3x/source/templates/gcc/startup_sam3x.o
 .comment       0x00000000       0x5c src/ASF/sam/utils/cmsis/sam3x/source/templates/system_sam3x.o
 .comment       0x00000000       0x5c src/ASF/sam/utils/syscalls/gcc/syscalls.o
 .comment       0x00000000       0x5c src/ASF/thirdparty/wireless/addons/sio2host/uart/sio2host.o
 .comment       0x00000000       0x5c src/ConsoleFunc/ConsoleFunctions.o
 .comment       0x00000000       0x5c src/DelayFunctions.o
 .comment       0x00000000       0x5c src/LCD/lcdApplication.o
 .comment       0x00000000       0x5c src/LCD/LCDFunctions.o
 .comment       0x00000000       0x5c src/main.o

.debug_info     0x00000000    0x101a6
 .debug_info    0x00000000      0x796 src/ASF/common/services/clock/sam3x/sysclk.o
 .debug_info    0x00000796      0x7c5 src/ASF/common/services/serial/usart_serial.o
 .debug_info    0x00000f5b      0x1e8 src/ASF/common/utils/interrupt/interrupt_sam_nvic.o
 .debug_info    0x00001143      0x8db src/ASF/sam/boards/arduino_due_x/init.o
 .debug_info    0x00001a1e     0x1385 src/ASF/sam/drivers/pio/pio.o
 .debug_info    0x00002da3      0xe52 src/ASF/sam/drivers/pio/pio_handler.o
 .debug_info    0x00003bf5     0x1080 src/ASF/sam/drivers/pmc/pmc.o
 .debug_info    0x00004c75      0x94f src/ASF/sam/drivers/tc/tc.o
 .debug_info    0x000055c4      0x889 src/ASF/sam/drivers/uart/uart.o
 .debug_info    0x00005e4d     0x1bfa src/ASF/sam/drivers/usart/usart.o
 .debug_info    0x00007a47      0x124 src/ASF/sam/utils/cmsis/sam3x/source/templates/exceptions.o
 .debug_info    0x00007b6b      0x3bd src/ASF/sam/utils/cmsis/sam3x/source/templates/gcc/startup_sam3x.o
 .debug_info    0x00007f28      0x4c6 src/ASF/sam/utils/cmsis/sam3x/source/templates/system_sam3x.o
 .debug_info    0x000083ee      0x43f src/ASF/sam/utils/syscalls/gcc/syscalls.o
 .debug_info    0x0000882d     0x187b src/ASF/thirdparty/wireless/addons/sio2host/uart/sio2host.o
 .debug_info    0x0000a0a8     0x10f0 src/ConsoleFunc/ConsoleFunctions.o
 .debug_info    0x0000b198      0xd16 src/DelayFunctions.o
 .debug_info    0x0000beae      0xc2e src/LCD/lcdApplication.o
 .debug_info    0x0000cadc     0x1e08 src/LCD/LCDFunctions.o
 .debug_info    0x0000e8e4     0x18c2 src/main.o

.debug_abbrev   0x00000000     0x29d8
 .debug_abbrev  0x00000000      0x227 src/ASF/common/services/clock/sam3x/sysclk.o
 .debug_abbrev  0x00000227      0x1a8 src/ASF/common/services/serial/usart_serial.o
 .debug_abbrev  0x000003cf       0xef src/ASF/common/utils/interrupt/interrupt_sam_nvic.o
 .debug_abbrev  0x000004be      0x1c4 src/ASF/sam/boards/arduino_due_x/init.o
 .debug_abbrev  0x00000682      0x2d5 src/ASF/sam/drivers/pio/pio.o
 .debug_abbrev  0x00000957      0x257 src/ASF/sam/drivers/pio/pio_handler.o
 .debug_abbrev  0x00000bae      0x268 src/ASF/sam/drivers/pmc/pmc.o
 .debug_abbrev  0x00000e16      0x1bb src/ASF/sam/drivers/tc/tc.o
 .debug_abbrev  0x00000fd1      0x1bd src/ASF/sam/drivers/uart/uart.o
 .debug_abbrev  0x0000118e      0x2dc src/ASF/sam/drivers/usart/usart.o
 .debug_abbrev  0x0000146a       0x8c src/ASF/sam/utils/cmsis/sam3x/source/templates/exceptions.o
 .debug_abbrev  0x000014f6      0x118 src/ASF/sam/utils/cmsis/sam3x/source/templates/gcc/startup_sam3x.o
 .debug_abbrev  0x0000160e      0x115 src/ASF/sam/utils/cmsis/sam3x/source/templates/system_sam3x.o
 .debug_abbrev  0x00001723      0x14e src/ASF/sam/utils/syscalls/gcc/syscalls.o
 .debug_abbrev  0x00001871      0x3cb src/ASF/thirdparty/wireless/addons/sio2host/uart/sio2host.o
 .debug_abbrev  0x00001c3c      0x2d2 src/ConsoleFunc/ConsoleFunctions.o
 .debug_abbrev  0x00001f0e      0x1fa src/DelayFunctions.o
 .debug_abbrev  0x00002108      0x214 src/LCD/lcdApplication.o
 .debug_abbrev  0x0000231c      0x2d7 src/LCD/LCDFunctions.o
 .debug_abbrev  0x000025f3      0x3e5 src/main.o

.debug_loc      0x00000000     0x4b60
 .debug_loc     0x00000000      0x12d src/ASF/common/services/clock/sam3x/sysclk.o
 .debug_loc     0x0000012d      0x2d1 src/ASF/common/services/serial/usart_serial.o
 .debug_loc     0x000003fe       0x1e src/ASF/common/utils/interrupt/interrupt_sam_nvic.o
 .debug_loc     0x0000041c       0x20 src/ASF/sam/boards/arduino_due_x/init.o
 .debug_loc     0x0000043c      0xa83 src/ASF/sam/drivers/pio/pio.o
 .debug_loc     0x00000ebf      0x53d src/ASF/sam/drivers/pio/pio_handler.o
 .debug_loc     0x000013fc      0xc95 src/ASF/sam/drivers/pmc/pmc.o
 .debug_loc     0x00002091      0x57a src/ASF/sam/drivers/tc/tc.o
 .debug_loc     0x0000260b      0x236 src/ASF/sam/drivers/uart/uart.o
 .debug_loc     0x00002841     0x128d src/ASF/sam/drivers/usart/usart.o
 .debug_loc     0x00003ace       0x7e src/ASF/sam/utils/cmsis/sam3x/source/templates/gcc/startup_sam3x.o
 .debug_loc     0x00003b4c      0x12b src/ASF/sam/utils/syscalls/gcc/syscalls.o
 .debug_loc     0x00003c77      0x4cd src/ASF/thirdparty/wireless/addons/sio2host/uart/sio2host.o
 .debug_loc     0x00004144       0x2c src/ConsoleFunc/ConsoleFunctions.o
 .debug_loc     0x00004170       0x6c src/DelayFunctions.o
 .debug_loc     0x000041dc      0x1bc src/LCD/lcdApplication.o
 .debug_loc     0x00004398      0x1ff src/LCD/LCDFunctions.o
 .debug_loc     0x00004597      0x5c9 src/main.o

.debug_aranges  0x00000000      0xaf0
 .debug_aranges
                0x00000000       0x40 src/ASF/common/services/clock/sam3x/sysclk.o
 .debug_aranges
                0x00000040       0x28 src/ASF/common/services/serial/usart_serial.o
 .debug_aranges
                0x00000068       0x28 src/ASF/common/utils/interrupt/interrupt_sam_nvic.o
 .debug_aranges
                0x00000090       0x20 src/ASF/sam/boards/arduino_due_x/init.o
 .debug_aranges
                0x000000b0      0x148 src/ASF/sam/drivers/pio/pio.o
 .debug_aranges
                0x000001f8       0x58 src/ASF/sam/drivers/pio/pio_handler.o
 .debug_aranges
                0x00000250      0x200 src/ASF/sam/drivers/pmc/pmc.o
 .debug_aranges
                0x00000450       0xd0 src/ASF/sam/drivers/tc/tc.o
 .debug_aranges
                0x00000520       0xe8 src/ASF/sam/drivers/uart/uart.o
 .debug_aranges
                0x00000608      0x2a8 src/ASF/sam/drivers/usart/usart.o
 .debug_aranges
                0x000008b0       0x20 src/ASF/sam/utils/cmsis/sam3x/source/templates/exceptions.o
 .debug_aranges
                0x000008d0       0x20 src/ASF/sam/utils/cmsis/sam3x/source/templates/gcc/startup_sam3x.o
 .debug_aranges
                0x000008f0       0x30 src/ASF/sam/utils/cmsis/sam3x/source/templates/system_sam3x.o
 .debug_aranges
                0x00000920       0x60 src/ASF/sam/utils/syscalls/gcc/syscalls.o
 .debug_aranges
                0x00000980       0x60 src/ASF/thirdparty/wireless/addons/sio2host/uart/sio2host.o
 .debug_aranges
                0x000009e0       0x20 src/ConsoleFunc/ConsoleFunctions.o
 .debug_aranges
                0x00000a00       0x28 src/DelayFunctions.o
 .debug_aranges
                0x00000a28       0x30 src/LCD/lcdApplication.o
 .debug_aranges
                0x00000a58       0x30 src/LCD/LCDFunctions.o
 .debug_aranges
                0x00000a88       0x68 src/main.o

.debug_ranges   0x00000000      0x9c8
 .debug_ranges  0x00000000       0x30 src/ASF/common/services/clock/sam3x/sysclk.o
 .debug_ranges  0x00000030       0x30 src/ASF/common/services/serial/usart_serial.o
 .debug_ranges  0x00000060       0x18 src/ASF/common/utils/interrupt/interrupt_sam_nvic.o
 .debug_ranges  0x00000078       0x10 src/ASF/sam/boards/arduino_due_x/init.o
 .debug_ranges  0x00000088      0x138 src/ASF/sam/drivers/pio/pio.o
 .debug_ranges  0x000001c0       0x48 src/ASF/sam/drivers/pio/pio_handler.o
 .debug_ranges  0x00000208      0x1f0 src/ASF/sam/drivers/pmc/pmc.o
 .debug_ranges  0x000003f8       0xc0 src/ASF/sam/drivers/tc/tc.o
 .debug_ranges  0x000004b8       0xd8 src/ASF/sam/drivers/uart/uart.o
 .debug_ranges  0x00000590      0x298 src/ASF/sam/drivers/usart/usart.o
 .debug_ranges  0x00000828       0x10 src/ASF/sam/utils/cmsis/sam3x/source/templates/exceptions.o
 .debug_ranges  0x00000838       0x10 src/ASF/sam/utils/cmsis/sam3x/source/templates/gcc/startup_sam3x.o
 .debug_ranges  0x00000848       0x20 src/ASF/sam/utils/cmsis/sam3x/source/templates/system_sam3x.o
 .debug_ranges  0x00000868       0x50 src/ASF/sam/utils/syscalls/gcc/syscalls.o
 .debug_ranges  0x000008b8       0x50 src/ASF/thirdparty/wireless/addons/sio2host/uart/sio2host.o
 .debug_ranges  0x00000908       0x10 src/ConsoleFunc/ConsoleFunctions.o
 .debug_ranges  0x00000918       0x18 src/DelayFunctions.o
 .debug_ranges  0x00000930       0x20 src/LCD/lcdApplication.o
 .debug_ranges  0x00000950       0x20 src/LCD/LCDFunctions.o
 .debug_ranges  0x00000970       0x58 src/main.o

.debug_macro    0x00000000    0x18a38
 .debug_macro   0x00000000      0x527 src/ASF/common/services/clock/sam3x/sysclk.o
 .debug_macro   0x00000527      0x874 src/ASF/common/services/clock/sam3x/sysclk.o
 .debug_macro   0x00000d9b      0x4d1 src/ASF/common/services/clock/sam3x/sysclk.o
 .debug_macro   0x0000126c       0x34 src/ASF/common/services/clock/sam3x/sysclk.o
 .debug_macro   0x000012a0      0x166 src/ASF/common/services/clock/sam3x/sysclk.o
 .debug_macro   0x00001406       0x76 src/ASF/common/services/clock/sam3x/sysclk.o
 .debug_macro   0x0000147c       0x16 src/ASF/common/services/clock/sam3x/sysclk.o
 .debug_macro   0x00001492      0x6e4 src/ASF/common/services/clock/sam3x/sysclk.o
 .debug_macro   0x00001b76       0x16 src/ASF/common/services/clock/sam3x/sysclk.o
 .debug_macro   0x00001b8c       0x44 src/ASF/common/services/clock/sam3x/sysclk.o
 .debug_macro   0x00001bd0      0x209 src/ASF/common/services/clock/sam3x/sysclk.o
 .debug_macro   0x00001dd9       0x20 src/ASF/common/services/clock/sam3x/sysclk.o
 .debug_macro   0x00001df9       0x3a src/ASF/common/services/clock/sam3x/sysclk.o
 .debug_macro   0x00001e33       0x18 src/ASF/common/services/clock/sam3x/sysclk.o
 .debug_macro   0x00001e4b      0xb09 src/ASF/common/services/clock/sam3x/sysclk.o
 .debug_macro   0x00002954      0xab6 src/ASF/common/services/clock/sam3x/sysclk.o
 .debug_macro   0x0000340a      0x569 src/ASF/common/services/clock/sam3x/sysclk.o
 .debug_macro   0x00003973      0x2b5 src/ASF/common/services/clock/sam3x/sysclk.o
 .debug_macro   0x00003c28      0x31a src/ASF/common/services/clock/sam3x/sysclk.o
 .debug_macro   0x00003f42      0x74f src/ASF/common/services/clock/sam3x/sysclk.o
 .debug_macro   0x00004691       0x82 src/ASF/common/services/clock/sam3x/sysclk.o
 .debug_macro   0x00004713      0x57b src/ASF/common/services/clock/sam3x/sysclk.o
 .debug_macro   0x00004c8e       0x1c src/ASF/common/services/clock/sam3x/sysclk.o
 .debug_macro   0x00004caa      0x6b7 src/ASF/common/services/clock/sam3x/sysclk.o
 .debug_macro   0x00005361      0x52d src/ASF/common/services/clock/sam3x/sysclk.o
 .debug_macro   0x0000588e       0xbe src/ASF/common/services/clock/sam3x/sysclk.o
 .debug_macro   0x0000594c     0x2342 src/ASF/common/services/clock/sam3x/sysclk.o
 .debug_macro   0x00007c8e      0x85d src/ASF/common/services/clock/sam3x/sysclk.o
 .debug_macro   0x000084eb      0xdc9 src/ASF/common/services/clock/sam3x/sysclk.o
 .debug_macro   0x000092b4       0x7c src/ASF/common/services/clock/sam3x/sysclk.o
 .debug_macro   0x00009330      0x263 src/ASF/common/services/clock/sam3x/sysclk.o
 .debug_macro   0x00009593       0x58 src/ASF/common/services/clock/sam3x/sysclk.o
 .debug_macro   0x000095eb      0x9a7 src/ASF/common/services/clock/sam3x/sysclk.o
 .debug_macro   0x00009f92      0x248 src/ASF/common/services/clock/sam3x/sysclk.o
 .debug_macro   0x0000a1da      0x4df src/ASF/common/services/clock/sam3x/sysclk.o
 .debug_macro   0x0000a6b9      0x6b3 src/ASF/common/services/clock/sam3x/sysclk.o
 .debug_macro   0x0000ad6c      0x59f src/ASF/common/services/clock/sam3x/sysclk.o
 .debug_macro   0x0000b30b       0x46 src/ASF/common/services/clock/sam3x/sysclk.o
 .debug_macro   0x0000b351      0x34d src/ASF/common/services/clock/sam3x/sysclk.o
 .debug_macro   0x0000b69e      0x28c src/ASF/common/services/clock/sam3x/sysclk.o
 .debug_macro   0x0000b92a     0x14d7 src/ASF/common/services/clock/sam3x/sysclk.o
 .debug_macro   0x0000ce01      0x7ba src/ASF/common/services/clock/sam3x/sysclk.o
 .debug_macro   0x0000d5bb       0x76 src/ASF/common/services/clock/sam3x/sysclk.o
 .debug_macro   0x0000d631       0x82 src/ASF/common/services/clock/sam3x/sysclk.o
 .debug_macro   0x0000d6b3       0x76 src/ASF/common/services/clock/sam3x/sysclk.o
 .debug_macro   0x0000d729       0x4c src/ASF/common/services/clock/sam3x/sysclk.o
 .debug_macro   0x0000d775      0x105 src/ASF/common/services/clock/sam3x/sysclk.o
 .debug_macro   0x0000d87a      0x105 src/ASF/common/services/clock/sam3x/sysclk.o
 .debug_macro   0x0000d97f      0x105 src/ASF/common/services/clock/sam3x/sysclk.o
 .debug_macro   0x0000da84       0x88 src/ASF/common/services/clock/sam3x/sysclk.o
 .debug_macro   0x0000db0c       0x88 src/ASF/common/services/clock/sam3x/sysclk.o
 .debug_macro   0x0000db94      0x3b4 src/ASF/common/services/clock/sam3x/sysclk.o
 .debug_macro   0x0000df48       0xb8 src/ASF/common/services/clock/sam3x/sysclk.o
 .debug_macro   0x0000e000       0xb8 src/ASF/common/services/clock/sam3x/sysclk.o
 .debug_macro   0x0000e0b8       0xb8 src/ASF/common/services/clock/sam3x/sysclk.o
 .debug_macro   0x0000e170       0xb8 src/ASF/common/services/clock/sam3x/sysclk.o
 .debug_macro   0x0000e228      0x2b8 src/ASF/common/services/clock/sam3x/sysclk.o
 .debug_macro   0x0000e4e0      0x125 src/ASF/common/services/clock/sam3x/sysclk.o
 .debug_macro   0x0000e605      0x225 src/ASF/common/services/clock/sam3x/sysclk.o
 .debug_macro   0x0000e82a      0x225 src/ASF/common/services/clock/sam3x/sysclk.o
 .debug_macro   0x0000ea4f       0x2e src/ASF/common/services/clock/sam3x/sysclk.o
 .debug_macro   0x0000ea7d       0xac src/ASF/common/services/clock/sam3x/sysclk.o
 .debug_macro   0x0000eb29      0x14d src/ASF/common/services/clock/sam3x/sysclk.o
 .debug_macro   0x0000ec76       0x7c src/ASF/common/services/clock/sam3x/sysclk.o
 .debug_macro   0x0000ecf2      0x205 src/ASF/common/services/clock/sam3x/sysclk.o
 .debug_macro   0x0000eef7       0x64 src/ASF/common/services/clock/sam3x/sysclk.o
 .debug_macro   0x0000ef5b       0xa6 src/ASF/common/services/clock/sam3x/sysclk.o
 .debug_macro   0x0000f001       0x7c src/ASF/common/services/clock/sam3x/sysclk.o
 .debug_macro   0x0000f07d       0x16 src/ASF/common/services/clock/sam3x/sysclk.o
 .debug_macro   0x0000f093       0x22 src/ASF/common/services/clock/sam3x/sysclk.o
 .debug_macro   0x0000f0b5       0x22 src/ASF/common/services/clock/sam3x/sysclk.o
 .debug_macro   0x0000f0d7      0x115 src/ASF/common/services/clock/sam3x/sysclk.o
 .debug_macro   0x0000f1ec      0x115 src/ASF/common/services/clock/sam3x/sysclk.o
 .debug_macro   0x0000f301      0x115 src/ASF/common/services/clock/sam3x/sysclk.o
 .debug_macro   0x0000f416      0x115 src/ASF/common/services/clock/sam3x/sysclk.o
 .debug_macro   0x0000f52b       0x1c src/ASF/common/services/clock/sam3x/sysclk.o
 .debug_macro   0x0000f547       0x2e src/ASF/common/services/clock/sam3x/sysclk.o
 .debug_macro   0x0000f575       0x22 src/ASF/common/services/clock/sam3x/sysclk.o
 .debug_macro   0x0000f597       0x1c src/ASF/common/services/clock/sam3x/sysclk.o
 .debug_macro   0x0000f5b3       0x58 src/ASF/common/services/clock/sam3x/sysclk.o
 .debug_macro   0x0000f60b       0x10 src/ASF/common/services/clock/sam3x/sysclk.o
 .debug_macro   0x0000f61b      0x273 src/ASF/common/services/clock/sam3x/sysclk.o
 .debug_macro   0x0000f88e      0xd43 src/ASF/common/services/clock/sam3x/sysclk.o
 .debug_macro   0x000105d1      0x131 src/ASF/common/services/clock/sam3x/sysclk.o
 .debug_macro   0x00010702       0x58 src/ASF/common/services/clock/sam3x/sysclk.o
 .debug_macro   0x0001075a       0x35 src/ASF/common/services/clock/sam3x/sysclk.o
 .debug_macro   0x0001078f       0xa3 src/ASF/common/services/clock/sam3x/sysclk.o
 .debug_macro   0x00010832       0x16 src/ASF/common/services/clock/sam3x/sysclk.o
 .debug_macro   0x00010848       0x35 src/ASF/common/services/clock/sam3x/sysclk.o
 .debug_macro   0x0001087d       0x10 src/ASF/common/services/clock/sam3x/sysclk.o
 .debug_macro   0x0001088d       0x52 src/ASF/common/services/clock/sam3x/sysclk.o
 .debug_macro   0x000108df       0x16 src/ASF/common/services/clock/sam3x/sysclk.o
 .debug_macro   0x000108f5       0x43 src/ASF/common/services/clock/sam3x/sysclk.o
 .debug_macro   0x00010938      0x180 src/ASF/common/services/clock/sam3x/sysclk.o
 .debug_macro   0x00010ab8       0x10 src/ASF/common/services/clock/sam3x/sysclk.o
 .debug_macro   0x00010ac8       0x22 src/ASF/common/services/clock/sam3x/sysclk.o
 .debug_macro   0x00010aea       0xbd src/ASF/common/services/clock/sam3x/sysclk.o
 .debug_macro   0x00010ba7       0x16 src/ASF/common/services/clock/sam3x/sysclk.o
 .debug_macro   0x00010bbd      0x16c src/ASF/common/services/clock/sam3x/sysclk.o
 .debug_macro   0x00010d29       0x22 src/ASF/common/services/clock/sam3x/sysclk.o
 .debug_macro   0x00010d4b       0x16 src/ASF/common/services/clock/sam3x/sysclk.o
 .debug_macro   0x00010d61       0x16 src/ASF/common/services/clock/sam3x/sysclk.o
 .debug_macro   0x00010d77       0x29 src/ASF/common/services/clock/sam3x/sysclk.o
 .debug_macro   0x00010da0       0x6e src/ASF/common/services/clock/sam3x/sysclk.o
 .debug_macro   0x00010e0e       0x45 src/ASF/common/services/clock/sam3x/sysclk.o
 .debug_macro   0x00010e53      0x3c3 src/ASF/common/services/clock/sam3x/sysclk.o
 .debug_macro   0x00011216      0x242 src/ASF/common/services/clock/sam3x/sysclk.o
 .debug_macro   0x00011458      0x790 src/ASF/common/services/clock/sam3x/sysclk.o
 .debug_macro   0x00011be8       0x5e src/ASF/common/services/clock/sam3x/sysclk.o
 .debug_macro   0x00011c46       0x64 src/ASF/common/services/clock/sam3x/sysclk.o
 .debug_macro   0x00011caa       0x5f src/ASF/common/services/clock/sam3x/sysclk.o
 .debug_macro   0x00011d09       0x90 src/ASF/common/services/clock/sam3x/sysclk.o
 .debug_macro   0x00011d99      0x55a src/ASF/common/services/serial/usart_serial.o
 .debug_macro   0x000122f3      0x248 src/ASF/common/services/serial/usart_serial.o
 .debug_macro   0x0001253b       0x1c src/ASF/common/services/serial/usart_serial.o
 .debug_macro   0x00012557       0x2e src/ASF/common/services/serial/usart_serial.o
 .debug_macro   0x00012585       0x28 src/ASF/common/services/serial/usart_serial.o
 .debug_macro   0x000125ad      0x4b1 src/ASF/common/utils/interrupt/interrupt_sam_nvic.o
 .debug_macro   0x00012a5e       0x3f src/ASF/common/utils/interrupt/interrupt_sam_nvic.o
 .debug_macro   0x00012a9d      0x566 src/ASF/sam/boards/arduino_due_x/init.o
 .debug_macro   0x00013003       0x16 src/ASF/sam/boards/arduino_due_x/init.o
 .debug_macro   0x00013019       0x94 src/ASF/sam/boards/arduino_due_x/init.o
 .debug_macro   0x000130ad       0x40 src/ASF/sam/boards/arduino_due_x/init.o
 .debug_macro   0x000130ed       0x6a src/ASF/sam/boards/arduino_due_x/init.o
 .debug_macro   0x00013157      0x4c2 src/ASF/sam/drivers/pio/pio.o
 .debug_macro   0x00013619       0x8e src/ASF/sam/drivers/pio/pio.o
 .debug_macro   0x000136a7      0x4c6 src/ASF/sam/drivers/pio/pio_handler.o
 .debug_macro   0x00013b6d      0x4bc src/ASF/sam/drivers/pmc/pmc.o
 .debug_macro   0x00014029       0x58 src/ASF/sam/drivers/pmc/pmc.o
 .debug_macro   0x00014081      0x4c2 src/ASF/sam/drivers/tc/tc.o
 .debug_macro   0x00014543       0x16 src/ASF/sam/drivers/tc/tc.o
 .debug_macro   0x00014559       0x4a src/ASF/sam/drivers/tc/tc.o
 .debug_macro   0x000145a3       0x1c src/ASF/sam/drivers/tc/tc.o
 .debug_macro   0x000145bf      0x4b6 src/ASF/sam/drivers/uart/uart.o
 .debug_macro   0x00014a75       0x16 src/ASF/sam/drivers/uart/uart.o
 .debug_macro   0x00014a8b      0x4f2 src/ASF/sam/drivers/usart/usart.o
 .debug_macro   0x00014f7d       0x28 src/ASF/sam/drivers/usart/usart.o
 .debug_macro   0x00014fa5      0x4bb src/ASF/sam/utils/cmsis/sam3x/source/templates/exceptions.o
 .debug_macro   0x00015460      0x4c9 src/ASF/sam/utils/cmsis/sam3x/source/templates/gcc/startup_sam3x.o
 .debug_macro   0x00015929      0x4c9 src/ASF/sam/utils/cmsis/sam3x/source/templates/system_sam3x.o
 .debug_macro   0x00015df2       0x26 src/ASF/sam/utils/cmsis/sam3x/source/templates/system_sam3x.o
 .debug_macro   0x00015e18      0x129 src/ASF/sam/utils/syscalls/gcc/syscalls.o
 .debug_macro   0x00015f41       0x97 src/ASF/sam/utils/syscalls/gcc/syscalls.o
 .debug_macro   0x00015fd8       0xef src/ASF/sam/utils/syscalls/gcc/syscalls.o
 .debug_macro   0x000160c7       0x52 src/ASF/sam/utils/syscalls/gcc/syscalls.o
 .debug_macro   0x00016119       0x16 src/ASF/sam/utils/syscalls/gcc/syscalls.o
 .debug_macro   0x0001612f       0x10 src/ASF/sam/utils/syscalls/gcc/syscalls.o
 .debug_macro   0x0001613f       0x41 src/ASF/sam/utils/syscalls/gcc/syscalls.o
 .debug_macro   0x00016180      0x120 src/ASF/sam/utils/syscalls/gcc/syscalls.o
 .debug_macro   0x000162a0      0x5f1 src/ASF/thirdparty/wireless/addons/sio2host/uart/sio2host.o
 .debug_macro   0x00016891       0x40 src/ASF/thirdparty/wireless/addons/sio2host/uart/sio2host.o
 .debug_macro   0x000168d1      0x5d9 src/ConsoleFunc/ConsoleFunctions.o
 .debug_macro   0x00016eaa      0x20f src/ConsoleFunc/ConsoleFunctions.o
 .debug_macro   0x000170b9       0x22 src/ConsoleFunc/ConsoleFunctions.o
 .debug_macro   0x000170db       0x70 src/ConsoleFunc/ConsoleFunctions.o
 .debug_macro   0x0001714b      0x5e7 src/DelayFunctions.o
 .debug_macro   0x00017732      0x5f6 src/LCD/lcdApplication.o
 .debug_macro   0x00017d28       0x34 src/LCD/lcdApplication.o
 .debug_macro   0x00017d5c      0x60f src/LCD/LCDFunctions.o
 .debug_macro   0x0001836b       0x3a src/LCD/LCDFunctions.o
 .debug_macro   0x000183a5      0x649 src/main.o
 .debug_macro   0x000189ee       0x10 src/main.o
 .debug_macro   0x000189fe       0x3a src/main.o

.debug_line     0x00000000    0x106fb
 .debug_line    0x00000000      0xc48 src/ASF/common/services/clock/sam3x/sysclk.o
 .debug_line    0x00000c48      0xd1b src/ASF/common/services/serial/usart_serial.o
 .debug_line    0x00001963      0xaf2 src/ASF/common/utils/interrupt/interrupt_sam_nvic.o
 .debug_line    0x00002455      0xcf0 src/ASF/sam/boards/arduino_due_x/init.o
 .debug_line    0x00003145      0xe42 src/ASF/sam/drivers/pio/pio.o
 .debug_line    0x00003f87      0xb8d src/ASF/sam/drivers/pio/pio_handler.o
 .debug_line    0x00004b14     0x1045 src/ASF/sam/drivers/pmc/pmc.o
 .debug_line    0x00005b59      0xc7a src/ASF/sam/drivers/tc/tc.o
 .debug_line    0x000067d3      0xc8f src/ASF/sam/drivers/uart/uart.o
 .debug_line    0x00007462     0x11aa src/ASF/sam/drivers/usart/usart.o
 .debug_line    0x0000860c      0xab5 src/ASF/sam/utils/cmsis/sam3x/source/templates/exceptions.o
 .debug_line    0x000090c1      0xb05 src/ASF/sam/utils/cmsis/sam3x/source/templates/gcc/startup_sam3x.o
 .debug_line    0x00009bc6      0xb22 src/ASF/sam/utils/cmsis/sam3x/source/templates/system_sam3x.o
 .debug_line    0x0000a6e8      0x39b src/ASF/sam/utils/syscalls/gcc/syscalls.o
 .debug_line    0x0000aa83     0x103b src/ASF/thirdparty/wireless/addons/sio2host/uart/sio2host.o
 .debug_line    0x0000babe      0xeb2 src/ConsoleFunc/ConsoleFunctions.o
 .debug_line    0x0000c970      0xe83 src/DelayFunctions.o
 .debug_line    0x0000d7f3      0xec6 src/LCD/lcdApplication.o
 .debug_line    0x0000e6b9      0xf8a src/LCD/LCDFunctions.o
 .debug_line    0x0000f643     0x10b8 src/main.o

.debug_str      0x00000000    0x61c86
 .debug_str     0x00000000    0x5c631 src/ASF/common/services/clock/sam3x/sysclk.o
                              0x5c95e (size before relaxing)
 .debug_str     0x0005c631      0x53d src/ASF/common/services/serial/usart_serial.o
                              0x5cba7 (size before relaxing)
 .debug_str     0x0005cb6e       0x94 src/ASF/common/utils/interrupt/interrupt_sam_nvic.o
                              0x58bdf (size before relaxing)
 .debug_str     0x0005cc02      0xb53 src/ASF/sam/boards/arduino_due_x/init.o
                              0x5d1f1 (size before relaxing)
 .debug_str     0x0005d755      0x432 src/ASF/sam/drivers/pio/pio.o
                              0x5953e (size before relaxing)
 .debug_str     0x0005db87      0x45a src/ASF/sam/drivers/pio/pio_handler.o
                              0x59586 (size before relaxing)
 .debug_str     0x0005dfe1      0x691 src/ASF/sam/drivers/pmc/pmc.o
                              0x595b4 (size before relaxing)
 .debug_str     0x0005e672      0x39e src/ASF/sam/drivers/tc/tc.o
                              0x58f42 (size before relaxing)
 .debug_str     0x0005ea10      0x2aa src/ASF/sam/drivers/uart/uart.o
                              0x58f5f (size before relaxing)
 .debug_str     0x0005ecba      0xa20 src/ASF/sam/drivers/usart/usart.o
                              0x59810 (size before relaxing)
 .debug_str     0x0005f6da       0x4d src/ASF/sam/utils/cmsis/sam3x/source/templates/exceptions.o
                              0x58bb3 (size before relaxing)
 .debug_str     0x0005f727       0xb2 src/ASF/sam/utils/cmsis/sam3x/source/templates/gcc/startup_sam3x.o
                              0x58c88 (size before relaxing)
 .debug_str     0x0005f7d9      0x1cd src/ASF/sam/utils/cmsis/sam3x/source/templates/system_sam3x.o
                              0x58e9b (size before relaxing)
 .debug_str     0x0005f9a6      0x748 src/ASF/sam/utils/syscalls/gcc/syscalls.o
                               0x4f2d (size before relaxing)
 .debug_str     0x000600ee      0x816 src/ASF/thirdparty/wireless/addons/sio2host/uart/sio2host.o
                              0x5dff7 (size before relaxing)
 .debug_str     0x00060904       0x60 src/ConsoleFunc/ConsoleFunctions.o
                              0x5d96c (size before relaxing)
 .debug_str     0x00060964       0x46 src/DelayFunctions.o
                              0x5d5ff (size before relaxing)
 .debug_str     0x000609aa      0x195 src/LCD/lcdApplication.o
                              0x5d6ad (size before relaxing)
 .debug_str     0x00060b3f      0xf5b src/LCD/LCDFunctions.o
                              0x5e80e (size before relaxing)
 .debug_str     0x00061a9a      0x1ec src/main.o
                              0x5ea15 (size before relaxing)

.debug_frame    0x00000000     0x1f08
 .debug_frame   0x00000000       0x88 src/ASF/common/services/clock/sam3x/sysclk.o
 .debug_frame   0x00000088       0x60 src/ASF/common/services/serial/usart_serial.o
 .debug_frame   0x000000e8       0x30 src/ASF/common/utils/interrupt/interrupt_sam_nvic.o
 .debug_frame   0x00000118       0x28 src/ASF/sam/boards/arduino_due_x/init.o
 .debug_frame   0x00000140      0x2a8 src/ASF/sam/drivers/pio/pio.o
 .debug_frame   0x000003e8       0xf8 src/ASF/sam/drivers/pio/pio_handler.o
 .debug_frame   0x000004e0      0x410 src/ASF/sam/drivers/pmc/pmc.o
 .debug_frame   0x000008f0      0x198 src/ASF/sam/drivers/tc/tc.o
 .debug_frame   0x00000a88      0x1b8 src/ASF/sam/drivers/uart/uart.o
 .debug_frame   0x00000c40      0x5c8 src/ASF/sam/drivers/usart/usart.o
 .debug_frame   0x00001208       0x20 src/ASF/sam/utils/cmsis/sam3x/source/templates/exceptions.o
 .debug_frame   0x00001228       0x28 src/ASF/sam/utils/cmsis/sam3x/source/templates/gcc/startup_sam3x.o
 .debug_frame   0x00001250       0x40 src/ASF/sam/utils/cmsis/sam3x/source/templates/system_sam3x.o
 .debug_frame   0x00001290       0xa8 src/ASF/sam/utils/syscalls/gcc/syscalls.o
 .debug_frame   0x00001338      0x10c src/ASF/thirdparty/wireless/addons/sio2host/uart/sio2host.o
 .debug_frame   0x00001444       0x2c src/ConsoleFunc/ConsoleFunctions.o
 .debug_frame   0x00001470       0x48 src/DelayFunctions.o
 .debug_frame   0x000014b8       0x64 src/LCD/lcdApplication.o
 .debug_frame   0x0000151c       0x6c src/LCD/LCDFunctions.o
 .debug_frame   0x00001588      0x120 src/main.o
 .debug_frame   0x000016a8       0x2c c:/program files (x86)/atmel/atmel toolchain/arm gcc/native/4.8.1443/arm-gnu-toolchain/bin/../lib/gcc/arm-none-eabi/4.8.4/../../../../arm-none-eabi/lib/armv7-m\libc.a(lib_a-init.o)
 .debug_frame   0x000016d4       0x2c c:/program files (x86)/atmel/atmel toolchain/arm gcc/native/4.8.1443/arm-gnu-toolchain/bin/../lib/gcc/arm-none-eabi/4.8.4/../../../../arm-none-eabi/lib/armv7-m\libc.a(lib_a-memset.o)
 .debug_frame   0x00001700       0x64 c:/program files (x86)/atmel/atmel toolchain/arm gcc/native/4.8.1443/arm-gnu-toolchain/bin/../lib/gcc/arm-none-eabi/4.8.4/../../../../arm-none-eabi/lib/armv7-m\libc.a(lib_a-sprintf.o)
 .debug_frame   0x00001764       0x20 c:/program files (x86)/atmel/atmel toolchain/arm gcc/native/4.8.1443/arm-gnu-toolchain/bin/../lib/gcc/arm-none-eabi/4.8.4/../../../../arm-none-eabi/lib/armv7-m\libc.a(lib_a-strlen.o)
 .debug_frame   0x00001784       0x3c c:/program files (x86)/atmel/atmel toolchain/arm gcc/native/4.8.1443/arm-gnu-toolchain/bin/../lib/gcc/arm-none-eabi/4.8.4/../../../../arm-none-eabi/lib/armv7-m\libc.a(lib_a-svfprintf.o)
 .debug_frame   0x000017c0       0x48 c:/program files (x86)/atmel/atmel toolchain/arm gcc/native/4.8.1443/arm-gnu-toolchain/bin/../lib/gcc/arm-none-eabi/4.8.4/../../../../arm-none-eabi/lib/armv7-m\libc.a(lib_a-__call_atexit.o)
 .debug_frame   0x00001808       0x20 c:/program files (x86)/atmel/atmel toolchain/arm gcc/native/4.8.1443/arm-gnu-toolchain/bin/../lib/gcc/arm-none-eabi/4.8.4/../../../../arm-none-eabi/lib/armv7-m\libc.a(lib_a-atexit.o)
 .debug_frame   0x00001828       0x64 c:/program files (x86)/atmel/atmel toolchain/arm gcc/native/4.8.1443/arm-gnu-toolchain/bin/../lib/gcc/arm-none-eabi/4.8.4/../../../../arm-none-eabi/lib/armv7-m\libc.a(lib_a-dtoa.o)
 .debug_frame   0x0000188c       0x2c c:/program files (x86)/atmel/atmel toolchain/arm gcc/native/4.8.1443/arm-gnu-toolchain/bin/../lib/gcc/arm-none-eabi/4.8.4/../../../../arm-none-eabi/lib/armv7-m\libc.a(lib_a-fini.o)
 .debug_frame   0x000018b8       0x50 c:/program files (x86)/atmel/atmel toolchain/arm gcc/native/4.8.1443/arm-gnu-toolchain/bin/../lib/gcc/arm-none-eabi/4.8.4/../../../../arm-none-eabi/lib/armv7-m\libc.a(lib_a-freer.o)
 .debug_frame   0x00001908       0x98 c:/program files (x86)/atmel/atmel toolchain/arm gcc/native/4.8.1443/arm-gnu-toolchain/bin/../lib/gcc/arm-none-eabi/4.8.4/../../../../arm-none-eabi/lib/armv7-m\libc.a(lib_a-locale.o)
 .debug_frame   0x000019a0       0x30 c:/program files (x86)/atmel/atmel toolchain/arm gcc/native/4.8.1443/arm-gnu-toolchain/bin/../lib/gcc/arm-none-eabi/4.8.4/../../../../arm-none-eabi/lib/armv7-m\libc.a(lib_a-malloc.o)
 .debug_frame   0x000019d0       0x38 c:/program files (x86)/atmel/atmel toolchain/arm gcc/native/4.8.1443/arm-gnu-toolchain/bin/../lib/gcc/arm-none-eabi/4.8.4/../../../../arm-none-eabi/lib/armv7-m\libc.a(lib_a-mallocr.o)
 .debug_frame   0x00001a08       0x2c c:/program files (x86)/atmel/atmel toolchain/arm gcc/native/4.8.1443/arm-gnu-toolchain/bin/../lib/gcc/arm-none-eabi/4.8.4/../../../../arm-none-eabi/lib/armv7-m\libc.a(lib_a-memchr-stub.o)
 .debug_frame   0x00001a34       0x2c c:/program files (x86)/atmel/atmel toolchain/arm gcc/native/4.8.1443/arm-gnu-toolchain/bin/../lib/gcc/arm-none-eabi/4.8.4/../../../../arm-none-eabi/lib/armv7-m\libc.a(lib_a-memmove.o)
 .debug_frame   0x00001a60       0x30 c:/program files (x86)/atmel/atmel toolchain/arm gcc/native/4.8.1443/arm-gnu-toolchain/bin/../lib/gcc/arm-none-eabi/4.8.4/../../../../arm-none-eabi/lib/armv7-m\libc.a(lib_a-mlock.o)
 .debug_frame   0x00001a90      0x228 c:/program files (x86)/atmel/atmel toolchain/arm gcc/native/4.8.1443/arm-gnu-toolchain/bin/../lib/gcc/arm-none-eabi/4.8.4/../../../../arm-none-eabi/lib/armv7-m\libc.a(lib_a-mprec.o)
 .debug_frame   0x00001cb8       0x38 c:/program files (x86)/atmel/atmel toolchain/arm gcc/native/4.8.1443/arm-gnu-toolchain/bin/../lib/gcc/arm-none-eabi/4.8.4/../../../../arm-none-eabi/lib/armv7-m\libc.a(lib_a-reallocr.o)
 .debug_frame   0x00001cf0       0x28 c:/program files (x86)/atmel/atmel toolchain/arm gcc/native/4.8.1443/arm-gnu-toolchain/bin/../lib/gcc/arm-none-eabi/4.8.4/../../../../arm-none-eabi/lib/armv7-m\libc.a(lib_a-s_fpclassify.o)
 .debug_frame   0x00001d18       0x2c c:/program files (x86)/atmel/atmel toolchain/arm gcc/native/4.8.1443/arm-gnu-toolchain/bin/../lib/gcc/arm-none-eabi/4.8.4/../../../../arm-none-eabi/lib/armv7-m\libc.a(lib_a-sbrkr.o)
 .debug_frame   0x00001d44       0x64 c:/program files (x86)/atmel/atmel toolchain/arm gcc/native/4.8.1443/arm-gnu-toolchain/bin/../lib/gcc/arm-none-eabi/4.8.4/../../../../arm-none-eabi/lib/armv7-m\libc.a(lib_a-svfiprintf.o)
 .debug_frame   0x00001da8       0x30 c:/program files (x86)/atmel/atmel toolchain/arm gcc/native/4.8.1443/arm-gnu-toolchain/bin/../lib/gcc/arm-none-eabi/4.8.4/../../../../arm-none-eabi/lib/armv7-m\libc.a(lib_a-__atexit.o)
 .debug_frame   0x00001dd8       0x28 c:/program files (x86)/atmel/atmel toolchain/arm gcc/native/4.8.1443/arm-gnu-toolchain/bin/../lib/gcc/arm-none-eabi/4.8.4/../../../../arm-none-eabi/lib/armv7-m\libc.a(lib_a-callocr.o)
 .debug_frame   0x00001e00       0x48 c:/program files (x86)/atmel/atmel toolchain/arm gcc/native/4.8.1443/arm-gnu-toolchain/bin/../lib/gcc/arm-none-eabi/4.8.4/../../../../arm-none-eabi/lib/armv7-m\libc.a(lib_a-reent.o)
 .debug_frame   0x00001e48       0x58 c:/program files (x86)/atmel/atmel toolchain/arm gcc/native/4.8.1443/arm-gnu-toolchain/bin/../lib/gcc/arm-none-eabi/4.8.4/armv7-m\libgcc.a(bpabi.o)
 .debug_frame   0x00001ea0       0x34 c:/program files (x86)/atmel/atmel toolchain/arm gcc/native/4.8.1443/arm-gnu-toolchain/bin/../lib/gcc/arm-none-eabi/4.8.4/armv7-m\libgcc.a(_divdi3.o)
 .debug_frame   0x00001ed4       0x34 c:/program files (x86)/atmel/atmel toolchain/arm gcc/native/4.8.1443/arm-gnu-toolchain/bin/../lib/gcc/arm-none-eabi/4.8.4/armv7-m\libgcc.a(_udivdi3.o)

Cross Reference Table

Symbol                                            File
ADC_Handler                                       src/ASF/sam/utils/cmsis/sam3x/source/templates/exceptions.o
                                                  src/ASF/sam/utils/cmsis/sam3x/source/templates/gcc/startup_sam3x.o
BusFault_Handler                                  src/ASF/sam/utils/cmsis/sam3x/source/templates/exceptions.o
                                                  src/ASF/sam/utils/cmsis/sam3x/source/templates/gcc/startup_sam3x.o
CAN0_Handler                                      src/ASF/sam/utils/cmsis/sam3x/source/templates/exceptions.o
                                                  src/ASF/sam/utils/cmsis/sam3x/source/templates/gcc/startup_sam3x.o
CAN1_Handler                                      src/ASF/sam/utils/cmsis/sam3x/source/templates/exceptions.o
                                                  src/ASF/sam/utils/cmsis/sam3x/source/templates/gcc/startup_sam3x.o
DACC_Handler                                      src/ASF/sam/utils/cmsis/sam3x/source/templates/exceptions.o
                                                  src/ASF/sam/utils/cmsis/sam3x/source/templates/gcc/startup_sam3x.o
DMAC_Handler                                      src/ASF/sam/utils/cmsis/sam3x/source/templates/exceptions.o
                                                  src/ASF/sam/utils/cmsis/sam3x/source/templates/gcc/startup_sam3x.o
DebugMon_Handler                                  src/ASF/sam/utils/cmsis/sam3x/source/templates/exceptions.o
                                                  src/ASF/sam/utils/cmsis/sam3x/source/templates/gcc/startup_sam3x.o
Dummy_Handler                                     src/ASF/sam/utils/cmsis/sam3x/source/templates/exceptions.o
EFC0_Handler                                      src/ASF/sam/utils/cmsis/sam3x/source/templates/exceptions.o
                                                  src/ASF/sam/utils/cmsis/sam3x/source/templates/gcc/startup_sam3x.o
EFC1_Handler                                      src/ASF/sam/utils/cmsis/sam3x/source/templates/exceptions.o
                                                  src/ASF/sam/utils/cmsis/sam3x/source/templates/gcc/startup_sam3x.o
EMAC_Handler                                      src/ASF/sam/utils/cmsis/sam3x/source/templates/exceptions.o
                                                  src/ASF/sam/utils/cmsis/sam3x/source/templates/gcc/startup_sam3x.o
HSMCI_Handler                                     src/ASF/sam/utils/cmsis/sam3x/source/templates/exceptions.o
                                                  src/ASF/sam/utils/cmsis/sam3x/source/templates/gcc/startup_sam3x.o
HardFault_Handler                                 src/ASF/sam/utils/cmsis/sam3x/source/templates/exceptions.o
                                                  src/ASF/sam/utils/cmsis/sam3x/source/templates/gcc/startup_sam3x.o
MemManage_Handler                                 src/ASF/sam/utils/cmsis/sam3x/source/templates/exceptions.o
                                                  src/ASF/sam/utils/cmsis/sam3x/source/templates/gcc/startup_sam3x.o
NMI_Handler                                       src/ASF/sam/utils/cmsis/sam3x/source/templates/exceptions.o
                                                  src/ASF/sam/utils/cmsis/sam3x/source/templates/gcc/startup_sam3x.o
PIOA_Handler                                      src/ASF/sam/drivers/pio/pio_handler.o
                                                  src/ASF/sam/utils/cmsis/sam3x/source/templates/gcc/startup_sam3x.o
PIOB_Handler                                      src/ASF/sam/drivers/pio/pio_handler.o
                                                  src/ASF/sam/utils/cmsis/sam3x/source/templates/gcc/startup_sam3x.o
PIOC_Handler                                      src/ASF/sam/drivers/pio/pio_handler.o
                                                  src/ASF/sam/utils/cmsis/sam3x/source/templates/gcc/startup_sam3x.o
PIOD_Handler                                      src/ASF/sam/drivers/pio/pio_handler.o
                                                  src/ASF/sam/utils/cmsis/sam3x/source/templates/gcc/startup_sam3x.o
PMC_Handler                                       src/ASF/sam/utils/cmsis/sam3x/source/templates/exceptions.o
                                                  src/ASF/sam/utils/cmsis/sam3x/source/templates/gcc/startup_sam3x.o
PWM_Handler                                       src/ASF/sam/utils/cmsis/sam3x/source/templates/exceptions.o
                                                  src/ASF/sam/utils/cmsis/sam3x/source/templates/gcc/startup_sam3x.o
PendSV_Handler                                    src/ASF/sam/utils/cmsis/sam3x/source/templates/exceptions.o
                                                  src/ASF/sam/utils/cmsis/sam3x/source/templates/gcc/startup_sam3x.o
RSTC_Handler                                      src/ASF/sam/utils/cmsis/sam3x/source/templates/exceptions.o
                                                  src/ASF/sam/utils/cmsis/sam3x/source/templates/gcc/startup_sam3x.o
RTC_Handler                                       src/ASF/sam/utils/cmsis/sam3x/source/templates/exceptions.o
                                                  src/ASF/sam/utils/cmsis/sam3x/source/templates/gcc/startup_sam3x.o
RTT_Handler                                       src/ASF/sam/utils/cmsis/sam3x/source/templates/exceptions.o
                                                  src/ASF/sam/utils/cmsis/sam3x/source/templates/gcc/startup_sam3x.o
Reset_Handler                                     src/ASF/sam/utils/cmsis/sam3x/source/templates/gcc/startup_sam3x.o
SMC_Handler                                       src/ASF/sam/utils/cmsis/sam3x/source/templates/exceptions.o
                                                  src/ASF/sam/utils/cmsis/sam3x/source/templates/gcc/startup_sam3x.o
SPI0_Handler                                      src/ASF/sam/utils/cmsis/sam3x/source/templates/exceptions.o
                                                  src/ASF/sam/utils/cmsis/sam3x/source/templates/gcc/startup_sam3x.o
SSC_Handler                                       src/ASF/sam/utils/cmsis/sam3x/source/templates/exceptions.o
                                                  src/ASF/sam/utils/cmsis/sam3x/source/templates/gcc/startup_sam3x.o
SUPC_Handler                                      src/ASF/sam/utils/cmsis/sam3x/source/templates/exceptions.o
                                                  src/ASF/sam/utils/cmsis/sam3x/source/templates/gcc/startup_sam3x.o
SVC_Handler                                       src/ASF/sam/utils/cmsis/sam3x/source/templates/exceptions.o
                                                  src/ASF/sam/utils/cmsis/sam3x/source/templates/gcc/startup_sam3x.o
SysTick_Handler                                   src/ASF/sam/utils/cmsis/sam3x/source/templates/exceptions.o
                                                  src/ASF/sam/utils/cmsis/sam3x/source/templates/gcc/startup_sam3x.o
SystemCoreClock                                   src/ASF/sam/utils/cmsis/sam3x/source/templates/system_sam3x.o