Archive member included because of file (symbol)

c:/program files (x86)/atmel/atmel toolchain/arm gcc/native/4.8.1443/arm-gnu-toolchain/bin/../lib/gcc/arm-none-eabi/4.8.4/../../../../arm-none-eabi/lib/armv7-m\libc.a(lib_a-exit.o)
                              c:/program files (x86)/atmel/atmel toolchain/arm gcc/native/4.8.1443/arm-gnu-toolchain/bin/../lib/gcc/arm-none-eabi/4.8.4/../../../../arm-none-eabi/lib/armv7-m/crt0.o (exit)
c:/program files (x86)/atmel/atmel toolchain/arm gcc/native/4.8.1443/arm-gnu-toolchain/bin/../lib/gcc/arm-none-eabi/4.8.4/../../../../arm-none-eabi/lib/armv7-m\libc.a(lib_a-impure.o)
                              c:/program files (x86)/atmel/atmel toolchain/arm gcc/native/4.8.1443/arm-gnu-toolchain/bin/../lib/gcc/arm-none-eabi/4.8.4/../../../../arm-none-eabi/lib/armv7-m\libc.a(lib_a-exit.o) (_global_impure_ptr)
c:/program files (x86)/atmel/atmel toolchain/arm gcc/native/4.8.1443/arm-gnu-toolchain/bin/../lib/gcc/arm-none-eabi/4.8.4/../../../../arm-none-eabi/lib/armv7-m\libc.a(lib_a-init.o)
                              c:/program files (x86)/atmel/atmel toolchain/arm gcc/native/4.8.1443/arm-gnu-toolchain/bin/../lib/gcc/arm-none-eabi/4.8.4/../../../../arm-none-eabi/lib/armv7-m/crt0.o (__libc_init_array)
c:/program files (x86)/atmel/atmel toolchain/arm gcc/native/4.8.1443/arm-gnu-toolchain/bin/../lib/gcc/arm-none-eabi/4.8.4/../../../../arm-none-eabi/lib/armv7-m\libc.a(lib_a-iprintf.o)
                              src/task1.o (iprintf)
c:/program files (x86)/atmel/atmel toolchain/arm gcc/native/4.8.1443/arm-gnu-toolchain/bin/../lib/gcc/arm-none-eabi/4.8.4/../../../../arm-none-eabi/lib/armv7-m\libc.a(lib_a-memcpy.o)
                              src/ASF/thirdparty/freertos/freertos-7.3.0/source/queue.o (memcpy)
c:/program files (x86)/atmel/atmel toolchain/arm gcc/native/4.8.1443/arm-gnu-toolchain/bin/../lib/gcc/arm-none-eabi/4.8.4/../../../../arm-none-eabi/lib/armv7-m\libc.a(lib_a-memset.o)
                              c:/program files (x86)/atmel/atmel toolchain/arm gcc/native/4.8.1443/arm-gnu-toolchain/bin/../lib/gcc/arm-none-eabi/4.8.4/../../../../arm-none-eabi/lib/armv7-m/crt0.o (memset)
c:/program files (x86)/atmel/atmel toolchain/arm gcc/native/4.8.1443/arm-gnu-toolchain/bin/../lib/gcc/arm-none-eabi/4.8.4/../../../../arm-none-eabi/lib/armv7-m\libc.a(lib_a-sprintf.o)
                              src/ASF/thirdparty/freertos/freertos-7.3.0/source/tasks.o (sprintf)
c:/program files (x86)/atmel/atmel toolchain/arm gcc/native/4.8.1443/arm-gnu-toolchain/bin/../lib/gcc/arm-none-eabi/4.8.4/../../../../arm-none-eabi/lib/armv7-m\libc.a(lib_a-strcat.o)
                              src/ASF/thirdparty/freertos/freertos-7.3.0/source/tasks.o (strcat)
c:/program files (x86)/atmel/atmel toolchain/arm gcc/native/4.8.1443/arm-gnu-toolchain/bin/../lib/gcc/arm-none-eabi/4.8.4/../../../../arm-none-eabi/lib/armv7-m\libc.a(lib_a-strcpy.o)
                              c:/program files (x86)/atmel/atmel toolchain/arm gcc/native/4.8.1443/arm-gnu-toolchain/bin/../lib/gcc/arm-none-eabi/4.8.4/../../../../arm-none-eabi/lib/armv7-m\libc.a(lib_a-strcat.o) (strcpy)
c:/program files (x86)/atmel/atmel toolchain/arm gcc/native/4.8.1443/arm-gnu-toolchain/bin/../lib/gcc/arm-none-eabi/4.8.4/../../../../arm-none-eabi/lib/armv7-m\libc.a(lib_a-strlen.o)
                              src/ASF/thirdparty/freertos/freertos-7.3.0/source/FreeRTOS_CLI.o (strlen)
c:/program files (x86)/atmel/atmel toolchain/arm gcc/native/4.8.1443/arm-gnu-toolchain/bin/../lib/gcc/arm-none-eabi/4.8.4/../../../../arm-none-eabi/lib/armv7-m\libc.a(lib_a-strncmp.o)
                              src/ASF/thirdparty/freertos/freertos-7.3.0/source/FreeRTOS_CLI.o (strncmp)
c:/program files (x86)/atmel/atmel toolchain/arm gcc/native/4.8.1443/arm-gnu-toolchain/bin/../lib/gcc/arm-none-eabi/4.8.4/../../../../arm-none-eabi/lib/armv7-m\libc.a(lib_a-strncpy.o)
                              src/ASF/thirdparty/freertos/freertos-7.3.0/source/FreeRTOS_CLI.o (strncpy)
c:/program files (x86)/atmel/atmel toolchain/arm gcc/native/4.8.1443/arm-gnu-toolchain/bin/../lib/gcc/arm-none-eabi/4.8.4/../../../../arm-none-eabi/lib/armv7-m\libc.a(lib_a-svfprintf.o)
                              c:/program files (x86)/atmel/atmel toolchain/arm gcc/native/4.8.1443/arm-gnu-toolchain/bin/../lib/gcc/arm-none-eabi/4.8.4/../../../../arm-none-eabi/lib/armv7-m\libc.a(lib_a-sprintf.o) (_svfprintf_r)
c:/program files (x86)/atmel/atmel toolchain/arm gcc/native/4.8.1443/arm-gnu-toolchain/bin/../lib/gcc/arm-none-eabi/4.8.4/../../../../arm-none-eabi/lib/armv7-m\libc.a(lib_a-vfiprintf.o)
                              c:/program files (x86)/atmel/atmel toolchain/arm gcc/native/4.8.1443/arm-gnu-toolchain/bin/../lib/gcc/arm-none-eabi/4.8.4/../../../../arm-none-eabi/lib/armv7-m\libc.a(lib_a-iprintf.o) (_vfiprintf_r)
c:/program files (x86)/atmel/atmel toolchain/arm gcc/native/4.8.1443/arm-gnu-toolchain/bin/../lib/gcc/arm-none-eabi/4.8.4/../../../../arm-none-eabi/lib/armv7-m\libc.a(lib_a-wsetup.o)
[...]
Memory Configuration

Name             Origin             Length             Attributes
rom              0x00080000         0x00080000         xr
sram0            0x20000000         0x00010000         xrw
sram1            0x20080000         0x00008000         xrw
ram              0x20070000         0x00018000         xrw
*default*        0x00000000         0xffffffff

Linker script and memory map

LOAD c:/program files (x86)/atmel/atmel toolchain/arm gcc/native/4.8.1443/arm-gnu-toolchain/bin/../lib/gcc/arm-none-eabi/4.8.4/armv7-m/crti.o
LOAD c:/program files (x86)/atmel/atmel toolchain/arm gcc/native/4.8.1443/arm-gnu-toolchain/bin/../lib/gcc/arm-none-eabi/4.8.4/armv7-m/crtbegin.o
LOAD c:/program files (x86)/atmel/atmel toolchain/arm gcc/native/4.8.1443/arm-gnu-toolchain/bin/../lib/gcc/arm-none-eabi/4.8.4/../../../../arm-none-eabi/lib/armv7-m/crt0.o
LOAD src/task1.o
LOAD src/delay/delayFunctions.o
LOAD src/pins/Init_Pins.o
LOAD src/ASF/common/services/clock/sam3x/sysclk.o
LOAD src/ASF/common/services/serial/usart_serial.o
LOAD src/ASF/common/utils/interrupt/interrupt_sam_nvic.o
LOAD src/ASF/common/utils/stdio/read.o
LOAD src/ASF/common/utils/stdio/write.o
LOAD src/ASF/sam/boards/arduino_due_x/init.o
LOAD src/ASF/sam/drivers/pio/pio.o
LOAD src/ASF/sam/drivers/pio/pio_handler.o
LOAD src/ASF/sam/drivers/pmc/pmc.o
LOAD src/ASF/sam/drivers/pmc/sleep.o
LOAD src/ASF/sam/drivers/tc/tc.o
LOAD src/ASF/sam/drivers/uart/uart.o
LOAD src/ASF/sam/drivers/usart/usart.o
LOAD src/ASF/sam/utils/cmsis/sam3x/source/templates/exceptions.o
LOAD src/ASF/sam/utils/cmsis/sam3x/source/templates/gcc/startup_sam3x.o
LOAD src/ASF/sam/utils/cmsis/sam3x/source/templates/system_sam3x.o
LOAD src/ASF/sam/utils/syscalls/gcc/syscalls.o
LOAD src/ASF/thirdparty/freertos/freertos-7.3.0/source/FreeRTOS_CLI.o
LOAD src/ASF/thirdparty/freertos/freertos-7.3.0/source/list.o
LOAD src/ASF/thirdparty/freertos/freertos-7.3.0/source/portable/gcc/sam/port.o
LOAD src/ASF/thirdparty/freertos/freertos-7.3.0/source/portable/memmang/heap_4.o
LOAD src/ASF/thirdparty/freertos/freertos-7.3.0/source/queue.o
LOAD src/ASF/thirdparty/freertos/freertos-7.3.0/source/tasks.o
LOAD src/ASF/thirdparty/freertos/freertos-7.3.0/source/timers.o
LOAD src/main.o
START GROUP
LOAD ../src/ASF/thirdparty/CMSIS/Lib/GCC\libarm_cortexM3l_math.a
LOAD c:/program files (x86)/atmel/atmel toolchain/arm gcc/native/4.8.1443/arm-gnu-toolchain/bin/../lib/gcc/arm-none-eabi/4.8.4/../../../../arm-none-eabi/lib/armv7-m\libm.a
END GROUP
START GROUP
LOAD c:/program files (x86)/atmel/atmel toolchain/arm gcc/native/4.8.1443/arm-gnu-toolchain/bin/../lib/gcc/arm-none-eabi/4.8.4/armv7-m\libgcc.a
LOAD c:/program files (x86)/atmel/atmel toolchain/arm gcc/native/4.8.1443/arm-gnu-toolchain/bin/../lib/gcc/arm-none-eabi/4.8.4/../../../../arm-none-eabi/lib/armv7-m\libc.a
END GROUP
LOAD c:/program files (x86)/atmel/atmel toolchain/arm gcc/native/4.8.1443/arm-gnu-toolchain/bin/../lib/gcc/arm-none-eabi/4.8.4/armv7-m/crtend.o
LOAD c:/program files (x86)/atmel/atmel toolchain/arm gcc/native/4.8.1443/arm-gnu-toolchain/bin/../lib/gcc/arm-none-eabi/4.8.4/armv7-m/crtn.o
                0x00002000                __stack_size__ = DEFINED (__stack_size__)?__stack_size__:0x2000
                0x20087ffc                __ram_end__ = ((ORIGIN (ram) + 0x18000) - 0x4)

.text           0x00080000     0x4f8c
                0x00080000                . = ALIGN (0x4)
                0x00080000                _sfixed = .
 *(.vectors .vectors.*)
 .vectors       0x00080000       0xf4 src/ASF/sam/utils/cmsis/sam3x/source/templates/gcc/startup_sam3x.o
                0x00080000                exception_table
 *(.text .text.* .gnu.linkonce.t.*)
 .text          0x000800f4       0x54 c:/program files (x86)/atmel/atmel toolchain/arm gcc/native/4.8.1443/arm-gnu-toolchain/bin/../lib/gcc/arm-none-eabi/4.8.4/armv7-m/crtbegin.o
 .text.task_led
                0x00080148       0x50 src/task1.o
                0x00080148                task_led
 .text.delayInit
                0x00080198       0x3c src/delay/delayFunctions.o
                0x00080198                delayInit
 .text.init_pins
                0x000801d4       0x48 src/pins/Init_Pins.o
                0x000801d4                init_pins
 .text.sysclk_init
                0x0008021c       0x64 src/ASF/common/services/clock/sam3x/sysclk.o
                0x0008021c                sysclk_init
 .text._read    0x00080280       0x40 src/ASF/common/utils/stdio/read.o
                0x00080280                _read
 .text._write   0x000802c0       0x54 src/ASF/common/utils/stdio/write.o
                0x000802c0                _write
 .text.board_init
                0x00080314       0x70 src/ASF/sam/boards/arduino_due_x/init.o
                0x00080314                board_init
 .text.pio_set_peripheral
                0x00080384       0x40 src/ASF/sam/drivers/pio/pio.o
                0x00080384                pio_set_peripheral
 .text.pio_set_input
                0x000803c4       0x34 src/ASF/sam/drivers/pio/pio.o
                0x000803c4                pio_set_input
 .text.pio_set_output
                0x000803f8       0x28 src/ASF/sam/drivers/pio/pio.o
                0x000803f8                pio_set_output
 .text.pio_get_interrupt_status
                0x00080420        0x4 src/ASF/sam/drivers/pio/pio.o
                0x00080420                pio_get_interrupt_status
 .text.pio_get_interrupt_mask
                0x00080424        0x4 src/ASF/sam/drivers/pio/pio.o
                0x00080424                pio_get_interrupt_mask
 .text.pio_configure_pin
                0x00080428       0xd4 src/ASF/sam/drivers/pio/pio.o
                0x00080428                pio_configure_pin
 .text.pio_configure_pin_group
                0x000804fc       0xa0 src/ASF/sam/drivers/pio/pio.o
                0x000804fc                pio_configure_pin_group
 .text.pio_handler_process
                0x0008059c       0x58 src/ASF/sam/drivers/pio/pio_handler.o
                0x0008059c                pio_handler_process
 .text.PIOA_Handler
                0x000805f4       0x14 src/ASF/sam/drivers/pio/pio_handler.o
                0x000805f4                PIOA_Handler
 .text.PIOB_Handler
                0x00080608       0x14 src/ASF/sam/drivers/pio/pio_handler.o
                0x00080608                PIOB_Handler
 .text.PIOC_Handler
                0x0008061c       0x14 src/ASF/sam/drivers/pio/pio_handler.o
                0x0008061c                PIOC_Handler
 .text.PIOD_Handler
                0x00080630       0x14 src/ASF/sam/drivers/pio/pio_handler.o
                0x00080630                PIOD_Handler
 .text.pmc_switch_mck_to_pllack
                0x00080644       0x64 src/ASF/sam/drivers/pmc/pmc.o
                0x00080644                pmc_switch_mck_to_pllack
 .text.pmc_switch_mainck_to_xtal
                0x000806a8       0x54 src/ASF/sam/drivers/pmc/pmc.o
                0x000806a8                pmc_switch_mainck_to_xtal
 .text.pmc_osc_is_ready_mainck
                0x000806fc       0x10 src/ASF/sam/drivers/pmc/pmc.o
                0x000806fc                pmc_osc_is_ready_mainck
 .text.pmc_disable_pllack
                0x0008070c       0x10 src/ASF/sam/drivers/pmc/pmc.o
                0x0008070c                pmc_disable_pllack
 .text.pmc_is_locked_pllack
                0x0008071c       0x10 src/ASF/sam/drivers/pmc/pmc.o
                0x0008071c                pmc_is_locked_pllack
 .text.pmc_enable_periph_clk
                0x0008072c       0x58 src/ASF/sam/drivers/pmc/pmc.o
                0x0008072c                pmc_enable_periph_clk
 .text.tc_init  0x00080784       0x1c src/ASF/sam/drivers/tc/tc.o
                0x00080784                tc_init
 .text.tc_set_block_mode
                0x000807a0        0x8 src/ASF/sam/drivers/tc/tc.o
                0x000807a0                tc_set_block_mode
 .text.tc_stop  0x000807a8        0x8 src/ASF/sam/drivers/tc/tc.o
                0x000807a8                tc_stop
 .text.Dummy_Handler
                0x000807b0        0x4 src/ASF/sam/utils/cmsis/sam3x/source/templates/exceptions.o
                0x000807b0                DACC_Handler
                0x000807b0                DebugMon_Handler
                0x000807b0                DMAC_Handler
                0x000807b0                TRNG_Handler
                0x000807b0                HardFault_Handler
                0x000807b0                TC2_Handler
                0x000807b0                USART3_Handler
                0x000807b0                TWI1_Handler
                0x000807b0                NMI_Handler
                0x000807b0                TC7_Handler
                0x000807b0                ADC_Handler
                0x000807b0                SMC_Handler
                0x000807b0                USART0_Handler
                0x000807b0                RTT_Handler
                0x000807b0                EFC1_Handler
                0x000807b0                RTC_Handler
                0x000807b0                UsageFault_Handler
                0x000807b0                TC6_Handler
                0x000807b0                WDT_Handler
                0x000807b0                CAN0_Handler
                0x000807b0                TC4_Handler
                0x000807b0                TC1_Handler
                0x000807b0                HSMCI_Handler
                0x000807b0                TC3_Handler
                0x000807b0                Dummy_Handler
                0x000807b0                TWI0_Handler
                0x000807b0                USART1_Handler
                0x000807b0                SSC_Handler
                0x000807b0                EFC0_Handler
                0x000807b0                PMC_Handler
                0x000807b0                PWM_Handler
                0x000807b0                CAN1_Handler
                0x000807b0                MemManage_Handler
                0x000807b0                SUPC_Handler
                0x000807b0                TC8_Handler
                0x000807b0                USART2_Handler
                0x000807b0                EMAC_Handler
                0x000807b0                UART_Handler
                0x000807b0                BusFault_Handler
                0x000807b0                RSTC_Handler
                0x000807b0                TC0_Handler
                0x000807b0                TC5_Handler
                0x000807b0                UOTGHS_Handler
                0x000807b0                SPI0_Handler
 .text.Reset_Handler
                0x000807b4       0xb0 src/ASF/sam/utils/cmsis/sam3x/source/templates/gcc/startup_sam3x.o
                0x000807b4                Reset_Handler
 .text.SystemCoreClockUpdate
                0x00080864      0x11c src/ASF/sam/utils/cmsis/sam3x/source/templates/system_sam3x.o
                0x00080864                SystemCoreClockUpdate
 .text._sbrk    0x00080980       0x34 src/ASF/sam/utils/syscalls/gcc/syscalls.o
                0x00080980                _sbrk
 .text._close   0x000809b4        0x8 src/ASF/sam/utils/syscalls/gcc/syscalls.o
                0x000809b4                _close
 .text._fstat   0x000809bc        0xc src/ASF/sam/utils/syscalls/gcc/syscalls.o
                0x000809bc                _fstat
 .text._isatty  0x000809c8        0x4 src/ASF/sam/utils/syscalls/gcc/syscalls.o
                0x000809c8                _isatty
 .text._lseek   0x000809cc        0x4 src/ASF/sam/utils/syscalls/gcc/syscalls.o
                0x000809cc                _lseek
 .text.vListInitialise
                0x000809d0       0x18 src/ASF/thirdparty/freertos/freertos-7.3.0/source/list.o
                0x000809d0                vListInitialise
 .text.vListInitialiseItem
                0x000809e8        0x8 src/ASF/thirdparty/freertos/freertos-7.3.0/source/list.o
                0x000809e8                vListInitialiseItem
 .text.vListInsertEnd
                0x000809f0       0x1c src/ASF/thirdparty/freertos/freertos-7.3.0/source/list.o
                0x000809f0                vListInsertEnd
 .text.vListInsert
                0x00080a0c       0x3c src/ASF/thirdparty/freertos/freertos-7.3.0/source/list.o
                0x00080a0c                vListInsert
 .text.uxListRemove
                0x00080a48       0x28 src/ASF/thirdparty/freertos/freertos-7.3.0/source/list.o
                0x00080a48                uxListRemove
 .text.prvPortStartFirstTask
                0x00080a70       0x14 src/ASF/thirdparty/freertos/freertos-7.3.0/source/portable/gcc/sam/port.o
 .text.pxPortInitialiseStack
                0x00080a84       0x1c src/ASF/thirdparty/freertos/freertos-7.3.0/source/portable/gcc/sam/port.o
                0x00080a84                pxPortInitialiseStack
 .text.SVC_Handler
                0x00080aa0       0x20 src/ASF/thirdparty/freertos/freertos-7.3.0/source/portable/gcc/sam/port.o
                0x00080aa0                SVC_Handler
 .text.vPortYieldFromISR
                0x00080ac0       0x10 src/ASF/thirdparty/freertos/freertos-7.3.0/source/portable/gcc/sam/port.o
                0x00080ac0                vPortYieldFromISR
 .text.ulPortSetInterruptMask
                0x00080ad0       0x10 src/ASF/thirdparty/freertos/freertos-7.3.0/source/portable/gcc/sam/port.o
                0x00080ad0                ulPortSetInterruptMask
 .text.vPortEnterCritical
                0x00080ae0       0x18 src/ASF/thirdparty/freertos/freertos-7.3.0/source/portable/gcc/sam/port.o
                0x00080ae0                vPortEnterCritical
 .text.vPortClearInterruptMask
                0x00080af8        0x8 src/ASF/thirdparty/freertos/freertos-7.3.0/source/portable/gcc/sam/port.o
                0x00080af8                vPortClearInterruptMask
 .text.vPortExitCritical
                0x00080b00       0x1c src/ASF/thirdparty/freertos/freertos-7.3.0/source/portable/gcc/sam/port.o
                0x00080b00                vPortExitCritical
 .text.PendSV_Handler
                0x00080b1c       0x3c src/ASF/thirdparty/freertos/freertos-7.3.0/source/portable/gcc/sam/port.o
                0x00080b1c                PendSV_Handler
 .text.SysTick_Handler
                0x00080b58       0x2c src/ASF/thirdparty/freertos/freertos-7.3.0/source/portable/gcc/sam/port.o
                0x00080b58                SysTick_Handler
 .text.vPortSetupTimerInterrupt
                0x00080b84       0x18 src/ASF/thirdparty/freertos/freertos-7.3.0/source/portable/gcc/sam/port.o
                0x00080b84                vPortSetupTimerInterrupt
 .text.xPortStartScheduler
                0x00080b9c       0x38 src/ASF/thirdparty/freertos/freertos-7.3.0/source/portable/gcc/sam/port.o
                0x00080b9c                xPortStartScheduler
 .text.prvInsertBlockIntoFreeList
                0x00080bd4       0x58 src/ASF/thirdparty/freertos/freertos-7.3.0/source/portable/memmang/heap_4.o
 .text.pvPortMalloc
                0x00080c2c       0xc4 src/ASF/thirdparty/freertos/freertos-7.3.0/source/portable/memmang/heap_4.o
                0x00080c2c                pvPortMalloc
 .text.vPortFree
                0x00080cf0       0x34 src/ASF/thirdparty/freertos/freertos-7.3.0/source/portable/memmang/heap_4.o
                0x00080cf0                vPortFree
 .text.prvCopyDataToQueue
                0x00080d24       0x64 src/ASF/thirdparty/freertos/freertos-7.3.0/source/queue.o
 .text.prvCopyDataFromQueue
                0x00080d88       0x28 src/ASF/thirdparty/freertos/freertos-7.3.0/source/queue.o
 .text.prvUnlockQueue
                0x00080db0       0x8c src/ASF/thirdparty/freertos/freertos-7.3.0/source/queue.o
 .text.xQueueGenericReset
                0x00080e3c       0x7c src/ASF/thirdparty/freertos/freertos-7.3.0/source/queue.o
                0x00080e3c                xQueueGenericReset
 .text.xQueueGenericCreate
                0x00080eb8       0x58 src/ASF/thirdparty/freertos/freertos-7.3.0/source/queue.o
                0x00080eb8                xQueueGenericCreate
 .text.xQueueGenericSend
                0x00080f10      0x11c src/ASF/thirdparty/freertos/freertos-7.3.0/source/queue.o
                0x00080f10                xQueueGenericSend
 .text.xQueueGenericSendFromISR
                0x0008102c       0x90 src/ASF/thirdparty/freertos/freertos-7.3.0/source/queue.o
                0x0008102c                xQueueGenericSendFromISR
 .text.xQueueGenericReceive
                0x000810bc      0x15c src/ASF/thirdparty/freertos/freertos-7.3.0/source/queue.o
                0x000810bc                xQueueGenericReceive
 .text.vQueueWaitForMessageRestricted
                0x00081218       0x4c src/ASF/thirdparty/freertos/freertos-7.3.0/source/queue.o
                0x00081218                vQueueWaitForMessageRestricted
 .text.prvAddCurrentTaskToDelayedList
                0x00081264       0x58 src/ASF/thirdparty/freertos/freertos-7.3.0/source/tasks.o
 .text.xTaskGenericCreate
                0x000812bc      0x208 src/ASF/thirdparty/freertos/freertos-7.3.0/source/tasks.o
                0x000812bc                xTaskGenericCreate
 .text.vTaskStartScheduler
                0x000814c4       0x68 src/ASF/thirdparty/freertos/freertos-7.3.0/source/tasks.o
                0x000814c4                vTaskStartScheduler
 .text.vTaskSuspendAll
                0x0008152c       0x10 src/ASF/thirdparty/freertos/freertos-7.3.0/source/tasks.o
                0x0008152c                vTaskSuspendAll
 .text.xTaskGetTickCount
                0x0008153c       0x20 src/ASF/thirdparty/freertos/freertos-7.3.0/source/tasks.o
                0x0008153c                xTaskGetTickCount
 .text.vTaskIncrementTick
                0x0008155c      0x120 src/ASF/thirdparty/freertos/freertos-7.3.0/source/tasks.o
                0x0008155c                vTaskIncrementTick
 .text.xTaskResumeAll
                0x0008167c      0x108 src/ASF/thirdparty/freertos/freertos-7.3.0/source/tasks.o
                0x0008167c                xTaskResumeAll
 .text.vTaskDelayUntil
                0x00081784       0x90 src/ASF/thirdparty/freertos/freertos-7.3.0/source/tasks.o
                0x00081784                vTaskDelayUntil
 .text.prvIdleTask
                0x00081814       0x84 src/ASF/thirdparty/freertos/freertos-7.3.0/source/tasks.o
 .text.vTaskSwitchContext
                0x00081898       0x90 src/ASF/thirdparty/freertos/freertos-7.3.0/source/tasks.o
                0x00081898                vTaskSwitchContext
 .text.vTaskPlaceOnEventList
                0x00081928       0x60 src/ASF/thirdparty/freertos/freertos-7.3.0/source/tasks.o
                0x00081928                vTaskPlaceOnEventList
 .text.vTaskPlaceOnEventListRestricted
                0x00081988       0x44 src/ASF/thirdparty/freertos/freertos-7.3.0/source/tasks.o
                0x00081988                vTaskPlaceOnEventListRestricted
 .text.xTaskRemoveFromEventList
                0x000819cc       0x84 src/ASF/thirdparty/freertos/freertos-7.3.0/source/tasks.o
                0x000819cc                xTaskRemoveFromEventList
 .text.vTaskSetTimeOutState
                0x00081a50       0x28 src/ASF/thirdparty/freertos/freertos-7.3.0/source/tasks.o
                0x00081a50                vTaskSetTimeOutState
 .text.xTaskCheckForTimeOut
                0x00081a78       0x84 src/ASF/thirdparty/freertos/freertos-7.3.0/source/tasks.o
                0x00081a78                xTaskCheckForTimeOut
 .text.vTaskMissedYield
                0x00081afc        0xc src/ASF/thirdparty/freertos/freertos-7.3.0/source/tasks.o
                0x00081afc                vTaskMissedYield
 .text.xTaskGetCurrentTaskHandle
                0x00081b08        0xc src/ASF/thirdparty/freertos/freertos-7.3.0/source/tasks.o
                0x00081b08                xTaskGetCurrentTaskHandle
 .text.xTaskGetSchedulerState
                0x00081b14       0x20 src/ASF/thirdparty/freertos/freertos-7.3.0/source/tasks.o
                0x00081b14                xTaskGetSchedulerState
 .text.vTaskPriorityInherit
                0x00081b34       0x7c src/ASF/thirdparty/freertos/freertos-7.3.0/source/tasks.o
                0x00081b34                vTaskPriorityInherit
 .text.vTaskPriorityDisinherit
                0x00081bb0       0x50 src/ASF/thirdparty/freertos/freertos-7.3.0/source/tasks.o
                0x00081bb0                vTaskPriorityDisinherit
 .text.prvInsertTimerInActiveList
                0x00081c00       0x4c src/ASF/thirdparty/freertos/freertos-7.3.0/source/timers.o
 .text.prvCheckForValidListAndQueue
                0x00081c4c       0x5c src/ASF/thirdparty/freertos/freertos-7.3.0/source/timers.o
 .text.xTimerCreateTimerTask
                0x00081ca8       0x4c src/ASF/thirdparty/freertos/freertos-7.3.0/source/timers.o
                0x00081ca8                xTimerCreateTimerTask
 .text.xTimerGenericCommand
                0x00081cf4       0x54 src/ASF/thirdparty/freertos/freertos-7.3.0/source/timers.o
                0x00081cf4                xTimerGenericCommand
 .text.prvSampleTimeNow
                0x00081d48       0xb4 src/ASF/thirdparty/freertos/freertos-7.3.0/source/timers.o
 .text.prvTimerTask
                0x00081dfc      0x170 src/ASF/thirdparty/freertos/freertos-7.3.0/source/timers.o
 .text.main     0x00081f6c       0x68 src/main.o
                0x00081f6c                main
 .text.__libc_init_array
                0x00081fd4       0x50 c:/program files (x86)/atmel/atmel toolchain/arm gcc/native/4.8.1443/arm-gnu-toolchain/bin/../lib/gcc/arm-none-eabi/4.8.4/../../../../arm-none-eabi/lib/armv7-m\libc.a(lib_a-init.o)
                0x00081fd4                __libc_init_array
 .text.iprintf  0x00082024       0x28 c:/program files (x86)/atmel/atmel toolchain/arm gcc/native/4.8.1443/arm-gnu-toolchain/bin/../lib/gcc/arm-none-eabi/4.8.4/../../../../arm-none-eabi/lib/armv7-m\libc.a(lib_a-iprintf.o)
                0x00082024                iprintf
 .text          0x0008204c       0xec c:/program files (x86)/atmel/atmel toolchain/arm gcc/native/4.8.1443/arm-gnu-toolchain/bin/../lib/gcc/arm-none-eabi/4.8.4/../../../../arm-none-eabi/lib/armv7-m\libc.a(lib_a-memcpy.o)
                0x0008204c                memcpy
 .text.memset   0x00082138       0x94 c:/program files (x86)/atmel/atmel toolchain/arm gcc/native/4.8.1443/arm-gnu-toolchain/bin/../lib/gcc/arm-none-eabi/4.8.4/../../../../arm-none-eabi/lib/armv7-m\libc.a(lib_a-memset.o)
                0x00082138                memset
 .text.strlen   0x000821cc       0x60 c:/program files (x86)/atmel/atmel toolchain/arm gcc/native/4.8.1443/arm-gnu-toolchain/bin/../lib/gcc/arm-none-eabi/4.8.4/../../../../arm-none-eabi/lib/armv7-m\libc.a(lib_a-strlen.o)
                0x000821cc                strlen
 .text.strncpy  0x0008222c       0x64 c:/program files (x86)/atmel/atmel toolchain/arm gcc/native/4.8.1443/arm-gnu-toolchain/bin/../lib/gcc/arm-none-eabi/4.8.4/../../../../arm-none-eabi/lib/armv7-m\libc.a(lib_a-strncpy.o)
                0x0008222c                strncpy
 .text.__sprint_r.part.0
                0x00082290       0x78 c:/program files (x86)/atmel/atmel toolchain/arm gcc/native/4.8.1443/arm-gnu-toolchain/bin/../lib/gcc/arm-none-eabi/4.8.4/../../../../arm-none-eabi/lib/armv7-m\libc.a(lib_a-vfiprintf.o)
 .text._vfiprintf_r
                0x00082308      0xc54 c:/program files (x86)/atmel/atmel toolchain/arm gcc/native/4.8.1443/arm-gnu-toolchain/bin/../lib/gcc/arm-none-eabi/4.8.4/../../../../arm-none-eabi/lib/armv7-m\libc.a(lib_a-vfiprintf.o)
                0x00082308                _vfiprintf_r
 .text.__sbprintf
                0x00082f5c       0x7c c:/program files (x86)/atmel/atmel toolchain/arm gcc/native/4.8.1443/arm-gnu-toolchain/bin/../lib/gcc/arm-none-eabi/4.8.4/../../../../arm-none-eabi/lib/armv7-m\libc.a(lib_a-vfiprintf.o)
 .text.__swsetup_r
                0x00082fd8       0xc4 c:/program files (x86)/atmel/atmel toolchain/arm gcc/native/4.8.1443/arm-gnu-toolchain/bin/../lib/gcc/arm-none-eabi/4.8.4/../../../../arm-none-eabi/lib/armv7-m\libc.a(lib_a-wsetup.o)
                0x00082fd8                __swsetup_r
 .text.startup.register_fini
                0x0008309c       0x14 c:/program files (x86)/atmel/atmel toolchain/arm gcc/native/4.8.1443/arm-gnu-toolchain/bin/../lib/gcc/arm-none-eabi/4.8.4/../../../../arm-none-eabi/lib/armv7-m\libc.a(lib_a-__call_atexit.o)
 .text.atexit   0x000830b0        0xc c:/program files (x86)/atmel/atmel toolchain/arm gcc/native/4.8.1443/arm-gnu-toolchain/bin/../lib/gcc/arm-none-eabi/4.8.4/../../../../arm-none-eabi/lib/armv7-m\libc.a(lib_a-atexit.o)
                0x000830b0                atexit
 .text.__sflush_r
                0x000830bc      0x148 c:/program files (x86)/atmel/atmel toolchain/arm gcc/native/4.8.1443/arm-gnu-toolchain/bin/../lib/gcc/arm-none-eabi/4.8.4/../../../../arm-none-eabi/lib/armv7-m\libc.a(lib_a-fflush.o)
                0x000830bc                __sflush_r
 .text._fflush_r
                0x00083204       0x2c c:/program files (x86)/atmel/atmel toolchain/arm gcc/native/4.8.1443/arm-gnu-toolchain/bin/../lib/gcc/arm-none-eabi/4.8.4/../../../../arm-none-eabi/lib/armv7-m\libc.a(lib_a-fflush.o)
                0x00083204                _fflush_r
 .text._cleanup_r
                0x00083230        0xc c:/program files (x86)/atmel/atmel toolchain/arm gcc/native/4.8.1443/arm-gnu-toolchain/bin/../lib/gcc/arm-none-eabi/4.8.4/../../../../arm-none-eabi/lib/armv7-m\libc.a(lib_a-findfp.o)
                0x00083230                _cleanup_r
 .text.__sinit  0x0008323c       0xf4 c:/program files (x86)/atmel/atmel toolchain/arm gcc/native/4.8.1443/arm-gnu-toolchain/bin/../lib/gcc/arm-none-eabi/4.8.4/../../../../arm-none-eabi/lib/armv7-m\libc.a(lib_a-findfp.o)
                0x0008323c                __sinit
 .text.__sfp_lock_acquire
                0x00083330        0x4 c:/program files (x86)/atmel/atmel toolchain/arm gcc/native/4.8.1443/arm-gnu-toolchain/bin/../lib/gcc/arm-none-eabi/4.8.4/../../../../arm-none-eabi/lib/armv7-m\libc.a(lib_a-findfp.o)
                0x00083330                __sfp_lock_acquire
 .text.__sfp_lock_release
                0x00083334        0x4 c:/program files (x86)/atmel/atmel toolchain/arm gcc/native/4.8.1443/arm-gnu-toolchain/bin/../lib/gcc/arm-none-eabi/4.8.4/../../../../arm-none-eabi/lib/armv7-m\libc.a(lib_a-findfp.o)
                0x00083334                __sfp_lock_release
 .text.__libc_fini_array
                0x00083338       0x30 c:/program files (x86)/atmel/atmel toolchain/arm gcc/native/4.8.1443/arm-gnu-toolchain/bin/../lib/gcc/arm-none-eabi/4.8.4/../../../../arm-none-eabi/lib/armv7-m\libc.a(lib_a-fini.o)
                0x00083338                __libc_fini_array
 .text._fputwc_r
                0x00083368       0xc0 c:/program files (x86)/atmel/atmel toolchain/arm gcc/native/4.8.1443/arm-gnu-toolchain/bin/../lib/gcc/arm-none-eabi/4.8.4/../../../../arm-none-eabi/lib/armv7-m\libc.a(lib_a-fputwc.o)
                0x00083368                _fputwc_r
 .text._malloc_trim_r
                0x00083428       0x9c c:/program files (x86)/atmel/atmel toolchain/arm gcc/native/4.8.1443/arm-gnu-toolchain/bin/../lib/gcc/arm-none-eabi/4.8.4/../../../../arm-none-eabi/lib/armv7-m\libc.a(lib_a-freer.o)
                0x00083428                _malloc_trim_r
 .text._free_r  0x000834c4      0x198 c:/program files (x86)/atmel/atmel toolchain/arm gcc/native/4.8.1443/arm-gnu-toolchain/bin/../lib/gcc/arm-none-eabi/4.8.4/../../../../arm-none-eabi/lib/armv7-m\libc.a(lib_a-freer.o)
                0x000834c4                _free_r
 .text.__sfvwrite_r
                0x0008365c      0x318 c:/program files (x86)/atmel/atmel toolchain/arm gcc/native/4.8.1443/arm-gnu-toolchain/bin/../lib/gcc/arm-none-eabi/4.8.4/../../../../arm-none-eabi/lib/armv7-m\libc.a(lib_a-fvwrite.o)
                0x0008365c                __sfvwrite_r
 .text._fwalk   0x00083974       0x48 c:/program files (x86)/atmel/atmel toolchain/arm gcc/native/4.8.1443/arm-gnu-toolchain/bin/../lib/gcc/arm-none-eabi/4.8.4/../../../../arm-none-eabi/lib/armv7-m\libc.a(lib_a-fwalk.o)
                0x00083974                _fwalk
 .text.__locale_charset
                0x000839bc        0x8 c:/program files (x86)/atmel/atmel toolchain/arm gcc/native/4.8.1443/arm-gnu-toolchain/bin/../lib/gcc/arm-none-eabi/4.8.4/../../../../arm-none-eabi/lib/armv7-m\libc.a(lib_a-locale.o)
                0x000839bc                __locale_charset
 .text.__locale_mb_cur_max
                0x000839c4        0xc c:/program files (x86)/atmel/atmel toolchain/arm gcc/native/4.8.1443/arm-gnu-toolchain/bin/../lib/gcc/arm-none-eabi/4.8.4/../../../../arm-none-eabi/lib/armv7-m\libc.a(lib_a-locale.o)
                0x000839c4                __locale_mb_cur_max
 .text.__smakebuf_r
                0x000839d0       0xe0 c:/program files (x86)/atmel/atmel toolchain/arm gcc/native/4.8.1443/arm-gnu-toolchain/bin/../lib/gcc/arm-none-eabi/4.8.4/../../../../arm-none-eabi/lib/armv7-m\libc.a(lib_a-makebuf.o)
                0x000839d0                __smakebuf_r
 .text._malloc_r
                0x00083ab0      0x538 c:/program files (x86)/atmel/atmel toolchain/arm gcc/native/4.8.1443/arm-gnu-toolchain/bin/../lib/gcc/arm-none-eabi/4.8.4/../../../../arm-none-eabi/lib/armv7-m\libc.a(lib_a-mallocr.o)
                0x00083ab0                _malloc_r
 .text.memchr   0x00083fe8       0x94 c:/program files (x86)/atmel/atmel toolchain/arm gcc/native/4.8.1443/arm-gnu-toolchain/bin/../lib/gcc/arm-none-eabi/4.8.4/../../../../arm-none-eabi/lib/armv7-m\libc.a(lib_a-memchr-stub.o)
                0x00083fe8                memchr
 .text.memmove  0x0008407c       0xcc c:/program files (x86)/atmel/atmel toolchain/arm gcc/native/4.8.1443/arm-gnu-toolchain/bin/../lib/gcc/arm-none-eabi/4.8.4/../../../../arm-none-eabi/lib/armv7-m\libc.a(lib_a-memmove.o)
                0x0008407c                memmove
 .text.__malloc_lock
                0x00084148        0x4 c:/program files (x86)/atmel/atmel toolchain/arm gcc/native/4.8.1443/arm-gnu-toolchain/bin/../lib/gcc/arm-none-eabi/4.8.4/../../../../arm-none-eabi/lib/armv7-m\libc.a(lib_a-mlock.o)
                0x00084148                __malloc_lock
 .text.__malloc_unlock
                0x0008414c        0x4 c:/program files (x86)/atmel/atmel toolchain/arm gcc/native/4.8.1443/arm-gnu-toolchain/bin/../lib/gcc/arm-none-eabi/4.8.4/../../../../arm-none-eabi/lib/armv7-m\libc.a(lib_a-mlock.o)
                0x0008414c                __malloc_unlock
 .text._realloc_r
                0x00084150      0x3c0 c:/program files (x86)/atmel/atmel toolchain/arm gcc/native/4.8.1443/arm-gnu-toolchain/bin/../lib/gcc/arm-none-eabi/4.8.4/../../../../arm-none-eabi/lib/armv7-m\libc.a(lib_a-reallocr.o)
                0x00084150                _realloc_r
 .text._sbrk_r  0x00084510       0x24 c:/program files (x86)/atmel/atmel toolchain/arm gcc/native/4.8.1443/arm-gnu-toolchain/bin/../lib/gcc/arm-none-eabi/4.8.4/../../../../arm-none-eabi/lib/armv7-m\libc.a(lib_a-sbrkr.o)
                0x00084510                _sbrk_r
 .text.__sread  0x00084534       0x24 c:/program files (x86)/atmel/atmel toolchain/arm gcc/native/4.8.1443/arm-gnu-toolchain/bin/../lib/gcc/arm-none-eabi/4.8.4/../../../../arm-none-eabi/lib/armv7-m\libc.a(lib_a-stdio.o)
                0x00084534                __sread
 .text.__swrite
                0x00084558       0x38 c:/program files (x86)/atmel/atmel toolchain/arm gcc/native/4.8.1443/arm-gnu-toolchain/bin/../lib/gcc/arm-none-eabi/4.8.4/../../../../arm-none-eabi/lib/armv7-m\libc.a(lib_a-stdio.o)
                0x00084558                __swrite
 .text.__sseek  0x00084590       0x20 c:/program files (x86)/atmel/atmel toolchain/arm gcc/native/4.8.1443/arm-gnu-toolchain/bin/../lib/gcc/arm-none-eabi/4.8.4/../../../../arm-none-eabi/lib/armv7-m\libc.a(lib_a-stdio.o)
                0x00084590                __sseek
 .text.__sclose
                0x000845b0        0x8 c:/program files (x86)/atmel/atmel toolchain/arm gcc/native/4.8.1443/arm-gnu-toolchain/bin/../lib/gcc/arm-none-eabi/4.8.4/../../../../arm-none-eabi/lib/armv7-m\libc.a(lib_a-stdio.o)
                0x000845b0                __sclose
 .text.__swbuf_r
                0x000845b8       0xa8 c:/program files (x86)/atmel/atmel toolchain/arm gcc/native/4.8.1443/arm-gnu-toolchain/bin/../lib/gcc/arm-none-eabi/4.8.4/../../../../arm-none-eabi/lib/armv7-m\libc.a(lib_a-wbuf.o)
                0x000845b8                __swbuf_r
 .text._wcrtomb_r
                0x00084660       0x50 c:/program files (x86)/atmel/atmel toolchain/arm gcc/native/4.8.1443/arm-gnu-toolchain/bin/../lib/gcc/arm-none-eabi/4.8.4/../../../../arm-none-eabi/lib/armv7-m\libc.a(lib_a-wcrtomb.o)
                0x00084660                _wcrtomb_r
 .text.__ascii_wctomb
                0x000846b0       0x1c c:/program files (x86)/atmel/atmel toolchain/arm gcc/native/4.8.1443/arm-gnu-toolchain/bin/../lib/gcc/arm-none-eabi/4.8.4/../../../../arm-none-eabi/lib/armv7-m\libc.a(lib_a-wctomb_r.o)
                0x000846b0                __ascii_wctomb
 .text._write_r
                0x000846cc       0x28 c:/program files (x86)/atmel/atmel toolchain/arm gcc/native/4.8.1443/arm-gnu-toolchain/bin/../lib/gcc/arm-none-eabi/4.8.4/../../../../arm-none-eabi/lib/armv7-m\libc.a(lib_a-writer.o)
                0x000846cc                _write_r
 .text.__register_exitproc
                0x000846f4       0xa8 c:/program files (x86)/atmel/atmel toolchain/arm gcc/native/4.8.1443/arm-gnu-toolchain/bin/../lib/gcc/arm-none-eabi/4.8.4/../../../../arm-none-eabi/lib/armv7-m\libc.a(lib_a-__atexit.o)
                0x000846f4                __register_exitproc
 .text._close_r
                0x0008479c       0x24 c:/program files (x86)/atmel/atmel toolchain/arm gcc/native/4.8.1443/arm-gnu-toolchain/bin/../lib/gcc/arm-none-eabi/4.8.4/../../../../arm-none-eabi/lib/armv7-m\libc.a(lib_a-closer.o)
                0x0008479c                _close_r
 .text._fclose_r
                0x000847c0       0x80 c:/program files (x86)/atmel/atmel toolchain/arm gcc/native/4.8.1443/arm-gnu-toolchain/bin/../lib/gcc/arm-none-eabi/4.8.4/../../../../arm-none-eabi/lib/armv7-m\libc.a(lib_a-fclose.o)
                0x000847c0                _fclose_r
 .text.fclose   0x00084840       0x10 c:/program files (x86)/atmel/atmel toolchain/arm gcc/native/4.8.1443/arm-gnu-toolchain/bin/../lib/gcc/arm-none-eabi/4.8.4/../../../../arm-none-eabi/lib/armv7-m\libc.a(lib_a-fclose.o)
                0x00084840                fclose
 .text._fstat_r
                0x00084850       0x28 c:/program files (x86)/atmel/atmel toolchain/arm gcc/native/4.8.1443/arm-gnu-toolchain/bin/../lib/gcc/arm-none-eabi/4.8.4/../../../../arm-none-eabi/lib/armv7-m\libc.a(lib_a-fstatr.o)
                0x00084850                _fstat_r
 .text._isatty_r
                0x00084878       0x24 c:/program files (x86)/atmel/atmel toolchain/arm gcc/native/4.8.1443/arm-gnu-toolchain/bin/../lib/gcc/arm-none-eabi/4.8.4/../../../../arm-none-eabi/lib/armv7-m\libc.a(lib_a-isattyr.o)
                0x00084878                _isatty_r
 .text._lseek_r
                0x0008489c       0x28 c:/program files (x86)/atmel/atmel toolchain/arm gcc/native/4.8.1443/arm-gnu-toolchain/bin/../lib/gcc/arm-none-eabi/4.8.4/../../../../arm-none-eabi/lib/armv7-m\libc.a(lib_a-lseekr.o)
                0x0008489c                _lseek_r
 .text._read_r  0x000848c4       0x28 c:/program files (x86)/atmel/atmel toolchain/arm gcc/native/4.8.1443/arm-gnu-toolchain/bin/../lib/gcc/arm-none-eabi/4.8.4/../../../../arm-none-eabi/lib/armv7-m\libc.a(lib_a-readr.o)
                0x000848c4                _read_r
 .text          0x000848ec       0x2c c:/program files (x86)/atmel/atmel toolchain/arm gcc/native/4.8.1443/arm-gnu-toolchain/bin/../lib/gcc/arm-none-eabi/4.8.4/armv7-m\libgcc.a(_aeabi_uldivmod.o)
                0x000848ec                __aeabi_uldivmod
 .text          0x00084918       0x60 c:/program files (x86)/atmel/atmel toolchain/arm gcc/native/4.8.1443/arm-gnu-toolchain/bin/../lib/gcc/arm-none-eabi/4.8.4/armv7-m\libgcc.a(bpabi.o)
                0x00084918                __gnu_ldivmod_helper
                0x00084948                __gnu_uldivmod_helper
 .text          0x00084978        0x4 c:/program files (x86)/atmel/atmel toolchain/arm gcc/native/4.8.1443/arm-gnu-toolchain/bin/../lib/gcc/arm-none-eabi/4.8.4/armv7-m\libgcc.a(_dvmd_tls.o)
                0x00084978                __aeabi_idiv0
                0x00084978                __aeabi_ldiv0
 .text          0x0008497c      0x2a0 c:/program files (x86)/atmel/atmel toolchain/arm gcc/native/4.8.1443/arm-gnu-toolchain/bin/../lib/gcc/arm-none-eabi/4.8.4/armv7-m\libgcc.a(_divdi3.o)
                0x0008497c                __divdi3
 .text          0x00084c1c      0x290 c:/program files (x86)/atmel/atmel toolchain/arm gcc/native/4.8.1443/arm-gnu-toolchain/bin/../lib/gcc/arm-none-eabi/4.8.4/armv7-m\libgcc.a(_udivdi3.o)
                0x00084c1c                __udivdi3
 *(.glue_7t)
 .glue_7t       0x00000000        0x0 linker stubs
 *(.glue_7)
 .glue_7        0x00000000        0x0 linker stubs
 *(.rodata .rodata* .gnu.linkonce.r.*)
 .rodata.str1.4
                0x00084eac        0x9 src/task1.o
                                  0xc (size before relaxing)
 *fill*         0x00084eb5        0x3 
 .rodata.str1.4
                0x00084eb8       0x1f src/ASF/thirdparty/freertos/freertos-7.3.0/source/tasks.o
                                 0x20 (size before relaxing)
 *fill*         0x00084ed7        0x1 
 .rodata.str1.4
                0x00084ed8        0x8 src/ASF/thirdparty/freertos/freertos-7.3.0/source/timers.o
 .rodata.str1.4
                0x00084ee0       0x2e src/main.o
                                 0x30 (size before relaxing)
 *fill*         0x00084f0e        0x2 
 .rodata.str1.4
                0x00084f10        0x2 c:/program files (x86)/atmel/atmel toolchain/arm gcc/native/4.8.1443/arm-gnu-toolchain/bin/../lib/gcc/arm-none-eabi/4.8.4/../../../../arm-none-eabi/lib/armv7-m\libc.a(lib_a-impure.o)
                                  0x4 (size before relaxing)
 *fill*         0x00084f12        0x2 
 .rodata._global_impure_ptr
                0x00084f14        0x4 c:/program files (x86)/atmel/atmel toolchain/arm gcc/native/4.8.1443/arm-gnu-toolchain/bin/../lib/gcc/arm-none-eabi/4.8.4/../../../../arm-none-eabi/lib/armv7-m\libc.a(lib_a-impure.o)
                0x00084f14                _global_impure_ptr
 .rodata.str1.4
                0x00084f18       0x30 c:/program files (x86)/atmel/atmel toolchain/arm gcc/native/4.8.1443/arm-gnu-toolchain/bin/../lib/gcc/arm-none-eabi/4.8.4/../../../../arm-none-eabi/lib/armv7-m\libc.a(lib_a-vfiprintf.o)
 .rodata.zeroes.6721
                0x00084f48       0x10 c:/program files (x86)/atmel/atmel toolchain/arm gcc/native/4.8.1443/arm-gnu-toolchain/bin/../lib/gcc/arm-none-eabi/4.8.4/../../../../arm-none-eabi/lib/armv7-m\libc.a(lib_a-vfiprintf.o)
 .rodata.blanks.6720
                0x00084f58       0x10 c:/program files (x86)/atmel/atmel toolchain/arm gcc/native/4.8.1443/arm-gnu-toolchain/bin/../lib/gcc/arm-none-eabi/4.8.4/../../../../arm-none-eabi/lib/armv7-m\libc.a(lib_a-vfiprintf.o)
 *(.ARM.extab* .gnu.linkonce.armextab.*)
                0x00084f68                . = ALIGN (0x4)
 *(.init)
 .init          0x00084f68        0x4 c:/program files (x86)/atmel/atmel toolchain/arm gcc/native/4.8.1443/arm-gnu-toolchain/bin/../lib/gcc/arm-none-eabi/4.8.4/armv7-m/crti.o
                0x00084f68                _init
 .init          0x00084f6c        0x8 c:/program files (x86)/atmel/atmel toolchain/arm gcc/native/4.8.1443/arm-gnu-toolchain/bin/../lib/gcc/arm-none-eabi/4.8.4/armv7-m/crtn.o
                0x00084f74                . = ALIGN (0x4)
                0x00084f74                __preinit_array_start = .
 *(.preinit_array)
                0x00084f74                __preinit_array_end = .
                0x00084f74                . = ALIGN (0x4)
                0x00084f74                __init_array_start = .
 *(SORT(.init_array.*))
 .init_array.00000
                0x00084f74        0x4 c:/program files (x86)/atmel/atmel toolchain/arm gcc/native/4.8.1443/arm-gnu-toolchain/bin/../lib/gcc/arm-none-eabi/4.8.4/../../../../arm-none-eabi/lib/armv7-m\libc.a(lib_a-__call_atexit.o)
 *(.init_array)
 .init_array    0x00084f78        0x4 c:/program files (x86)/atmel/atmel toolchain/arm gcc/native/4.8.1443/arm-gnu-toolchain/bin/../lib/gcc/arm-none-eabi/4.8.4/armv7-m/crtbegin.o
                0x00084f7c                __init_array_end = .
                0x00084f7c                . = ALIGN (0x4)
 *crtbegin.o(.ctors)
 *(EXCLUDE_FILE(*crtend.o) .ctors)
 *(SORT(.ctors.*))
 *crtend.o(.ctors)
                0x00084f7c                . = ALIGN (0x4)
 *(.fini)
 .fini          0x00084f7c        0x4 c:/program files (x86)/atmel/atmel toolchain/arm gcc/native/4.8.1443/arm-gnu-toolchain/bin/../lib/gcc/arm-none-eabi/4.8.4/armv7-m/crti.o
                0x00084f7c                _fini
 .fini          0x00084f80        0x8 c:/program files (x86)/atmel/atmel toolchain/arm gcc/native/4.8.1443/arm-gnu-toolchain/bin/../lib/gcc/arm-none-eabi/4.8.4/armv7-m/crtn.o
                0x00084f88                . = ALIGN (0x4)
                0x00084f88                __fini_array_start = .
 *(.fini_array)
 .fini_array    0x00084f88        0x4 c:/program files (x86)/atmel/atmel toolchain/arm gcc/native/4.8.1443/arm-gnu-toolchain/bin/../lib/gcc/arm-none-eabi/4.8.4/armv7-m/crtbegin.o
 *(SORT(.fini_array.*))
                0x00084f8c                __fini_array_end = .
 *crtbegin.o(.dtors)
 *(EXCLUDE_FILE(*crtend.o) .dtors)
 *(SORT(.dtors.*))
 *crtend.o(.dtors)
                0x00084f8c                . = ALIGN (0x4)
                0x00084f8c                _efixed = .
                0x00084f8c                PROVIDE (__exidx_start, .)

.vfp11_veneer   0x00084f8c        0x0
 .vfp11_veneer  0x00000000        0x0 linker stubs

.v4_bx          0x00084f8c        0x0
 .v4_bx         0x00000000        0x0 linker stubs

.iplt           0x00084f8c        0x0
 .iplt          0x00000000        0x0 c:/program files (x86)/atmel/atmel toolchain/arm gcc/native/4.8.1443/arm-gnu-toolchain/bin/../lib/gcc/arm-none-eabi/4.8.4/armv7-m/crtbegin.o

.ARM.exidx      0x00084f8c        0x8
 *(.ARM.exidx* .gnu.linkonce.armexidx.*)
 .ARM.exidx     0x00084f8c        0x8 c:/program files (x86)/atmel/atmel toolchain/arm gcc/native/4.8.1443/arm-gnu-toolchain/bin/../lib/gcc/arm-none-eabi/4.8.4/armv7-m\libgcc.a(_divdi3.o)
 .ARM.exidx     0x00084f94        0x0 c:/program files (x86)/atmel/atmel toolchain/arm gcc/native/4.8.1443/arm-gnu-toolchain/bin/../lib/gcc/arm-none-eabi/4.8.4/armv7-m\libgcc.a(_udivdi3.o)
                                  0x8 (size before relaxing)
                0x00084f94                PROVIDE (__exidx_end, .)

.eh_frame       0x00084f94        0x0
 .eh_frame      0x00084f94        0x0 c:/program files (x86)/atmel/atmel toolchain/arm gcc/native/4.8.1443/arm-gnu-toolchain/bin/../lib/gcc/arm-none-eabi/4.8.4/armv7-m/crtbegin.o

.rel.dyn        0x00084f94        0x0
 .rel.iplt      0x00000000        0x0 c:/program files (x86)/atmel/atmel toolchain/arm gcc/native/4.8.1443/arm-gnu-toolchain/bin/../lib/gcc/arm-none-eabi/4.8.4/armv7-m/crtbegin.o

.jcr            0x00084f94        0x0
 .jcr           0x00084f94        0x0 c:/program files (x86)/atmel/atmel toolchain/arm gcc/native/4.8.1443/arm-gnu-toolchain/bin/../lib/gcc/arm-none-eabi/4.8.4/armv7-m/crtbegin.o

.igot.plt       0x00084f94        0x0
 .igot.plt      0x00000000        0x0 c:/program files (x86)/atmel/atmel toolchain/arm gcc/native/4.8.1443/arm-gnu-toolchain/bin/../lib/gcc/arm-none-eabi/4.8.4/armv7-m/crtbegin.o
                0x00084f94                . = ALIGN (0x4)
                0x00084f94                _etext = .

.relocate       0x20070000      0x9a4 load address 0x00084f94
                0x20070000                . = ALIGN (0x4)
                0x20070000                _srelocate = .
 *(.ramfunc .ramfunc.*)
 .ramfunc       0x20070000      0x12c src/ASF/sam/utils/cmsis/sam3x/source/templates/system_sam3x.o
                0x20070000                SystemInit
                0x200700a4                system_init_flash
 *(.data .data.*)
 .data.state    0x2007012c        0x4 src/task1.o
 .data.SystemCoreClock
                0x20070130        0x4 src/ASF/sam/utils/cmsis/sam3x/source/templates/system_sam3x.o
                0x20070130                SystemCoreClock
 .data.uxCriticalNesting
                0x20070134        0x4 src/ASF/thirdparty/freertos/freertos-7.3.0/source/portable/gcc/sam/port.o
 .data.xFreeBytesRemaining
                0x20070138        0x4 src/ASF/thirdparty/freertos/freertos-7.3.0/source/portable/memmang/heap_4.o
 .data.xNextTaskUnblockTime
                0x2007013c        0x4 src/ASF/thirdparty/freertos/freertos-7.3.0/source/tasks.o
 .data.impure_data
                0x20070140      0x428 c:/program files (x86)/atmel/atmel toolchain/arm gcc/native/4.8.1443/arm-gnu-toolchain/bin/../lib/gcc/arm-none-eabi/4.8.4/../../../../arm-none-eabi/lib/armv7-m\libc.a(lib_a-impure.o)
 .data._impure_ptr
                0x20070568        0x4 c:/program files (x86)/atmel/atmel toolchain/arm gcc/native/4.8.1443/arm-gnu-toolchain/bin/../lib/gcc/arm-none-eabi/4.8.4/../../../../arm-none-eabi/lib/armv7-m\libc.a(lib_a-impure.o)
                0x20070568                _impure_ptr
 .data.lc_ctype_charset
                0x2007056c       0x20 c:/program files (x86)/atmel/atmel toolchain/arm gcc/native/4.8.1443/arm-gnu-toolchain/bin/../lib/gcc/arm-none-eabi/4.8.4/../../../../arm-none-eabi/lib/armv7-m\libc.a(lib_a-locale.o)
 .data.__mb_cur_max
                0x2007058c        0x4 c:/program files (x86)/atmel/atmel toolchain/arm gcc/native/4.8.1443/arm-gnu-toolchain/bin/../lib/gcc/arm-none-eabi/4.8.4/../../../../arm-none-eabi/lib/armv7-m\libc.a(lib_a-locale.o)
                0x2007058c                __mb_cur_max
 .data.__malloc_av_
                0x20070590      0x408 c:/program files (x86)/atmel/atmel toolchain/arm gcc/native/4.8.1443/arm-gnu-toolchain/bin/../lib/gcc/arm-none-eabi/4.8.4/../../../../arm-none-eabi/lib/armv7-m\libc.a(lib_a-mallocr.o)
                0x20070590                __malloc_av_
 .data.__malloc_trim_threshold
                0x20070998        0x4 c:/program files (x86)/atmel/atmel toolchain/arm gcc/native/4.8.1443/arm-gnu-toolchain/bin/../lib/gcc/arm-none-eabi/4.8.4/../../../../arm-none-eabi/lib/armv7-m\libc.a(lib_a-mallocr.o)
                0x20070998                __malloc_trim_threshold
 .data.__malloc_sbrk_base
                0x2007099c        0x4 c:/program files (x86)/atmel/atmel toolchain/arm gcc/native/4.8.1443/arm-gnu-toolchain/bin/../lib/gcc/arm-none-eabi/4.8.4/../../../../arm-none-eabi/lib/armv7-m\libc.a(lib_a-mallocr.o)
                0x2007099c                __malloc_sbrk_base
 .data.__wctomb
                0x200709a0        0x4 c:/program files (x86)/atmel/atmel toolchain/arm gcc/native/4.8.1443/arm-gnu-toolchain/bin/../lib/gcc/arm-none-eabi/4.8.4/../../../../arm-none-eabi/lib/armv7-m\libc.a(lib_a-wctomb_r.o)
                0x200709a0                __wctomb
                0x200709a4                . = ALIGN (0x4)
                0x200709a4                _erelocate = .

.bss            0x200709a8     0xa218 load address 0x00085940
                0x200709a8                . = ALIGN (0x4)
                0x200709a8                _sbss = .
                0x200709a8                _szero = .
 *(.bss .bss.*)
 .bss           0x200709a8       0x1c c:/program files (x86)/atmel/atmel toolchain/arm gcc/native/4.8.1443/arm-gnu-toolchain/bin/../lib/gcc/arm-none-eabi/4.8.4/armv7-m/crtbegin.o
 .bss.gs_interrupt_sources
                0x200709c4       0x70 src/ASF/sam/drivers/pio/pio_handler.o
 .bss.heap.5098
                0x20070a34        0x4 src/ASF/sam/utils/syscalls/gcc/syscalls.o
 .bss.xHeap     0x20070a38     0xa000 src/ASF/thirdparty/freertos/freertos-7.3.0/source/portable/memmang/heap_4.o
 .bss.pxEnd     0x2007aa38        0x4 src/ASF/thirdparty/freertos/freertos-7.3.0/source/portable/memmang/heap_4.o
 .bss.xStart    0x2007aa3c        0x8 src/ASF/thirdparty/freertos/freertos-7.3.0/source/portable/memmang/heap_4.o
 .bss.uxMissedTicks
                0x2007aa44        0x4 src/ASF/thirdparty/freertos/freertos-7.3.0/source/tasks.o
 .bss.xSuspendedTaskList
                0x2007aa48       0x14 src/ASF/thirdparty/freertos/freertos-7.3.0/source/tasks.o
 .bss.pxDelayedTaskList
                0x2007aa5c        0x4 src/ASF/thirdparty/freertos/freertos-7.3.0/source/tasks.o
 .bss.xSchedulerRunning
                0x2007aa60        0x4 src/ASF/thirdparty/freertos/freertos-7.3.0/source/tasks.o
 .bss.uxTasksDeleted
                0x2007aa64        0x4 src/ASF/thirdparty/freertos/freertos-7.3.0/source/tasks.o
 .bss.xTasksWaitingTermination
                0x2007aa68       0x14 src/ASF/thirdparty/freertos/freertos-7.3.0/source/tasks.o
 .bss.xDelayedTaskList2
                0x2007aa7c       0x14 src/ASF/thirdparty/freertos/freertos-7.3.0/source/tasks.o
 .bss.uxTopReadyPriority
                0x2007aa90        0x4 src/ASF/thirdparty/freertos/freertos-7.3.0/source/tasks.o
 .bss.pxReadyTasksLists
                0x2007aa94       0x64 src/ASF/thirdparty/freertos/freertos-7.3.0/source/tasks.o
 .bss.uxSchedulerSuspended
                0x2007aaf8        0x4 src/ASF/thirdparty/freertos/freertos-7.3.0/source/tasks.o
 .bss.pxCurrentTCB
                0x2007aafc        0x4 src/ASF/thirdparty/freertos/freertos-7.3.0/source/tasks.o
                0x2007aafc                pxCurrentTCB
 .bss.xPendingReadyList
                0x2007ab00       0x14 src/ASF/thirdparty/freertos/freertos-7.3.0/source/tasks.o
 .bss.xNumOfOverflows
                0x2007ab14        0x4 src/ASF/thirdparty/freertos/freertos-7.3.0/source/tasks.o
 .bss.xTickCount
                0x2007ab18        0x4 src/ASF/thirdparty/freertos/freertos-7.3.0/source/tasks.o
 .bss.pxOverflowDelayedTaskList
                0x2007ab1c        0x4 src/ASF/thirdparty/freertos/freertos-7.3.0/source/tasks.o
 .bss.uxTaskNumber
                0x2007ab20        0x4 src/ASF/thirdparty/freertos/freertos-7.3.0/source/tasks.o
 .bss.xDelayedTaskList1
                0x2007ab24       0x14 src/ASF/thirdparty/freertos/freertos-7.3.0/source/tasks.o
 .bss.xMissedYield
                0x2007ab38        0x4 src/ASF/thirdparty/freertos/freertos-7.3.0/source/tasks.o
 .bss.uxCurrentNumberOfTasks
                0x2007ab3c        0x4 src/ASF/thirdparty/freertos/freertos-7.3.0/source/tasks.o
 .bss.uxTopUsedPriority
                0x2007ab40        0x4 src/ASF/thirdparty/freertos/freertos-7.3.0/source/tasks.o
 .bss.pxCurrentTimerList
                0x2007ab44        0x4 src/ASF/thirdparty/freertos/freertos-7.3.0/source/timers.o
 .bss.xActiveTimerList1
                0x2007ab48       0x14 src/ASF/thirdparty/freertos/freertos-7.3.0/source/timers.o
 .bss.xActiveTimerList2
                0x2007ab5c       0x14 src/ASF/thirdparty/freertos/freertos-7.3.0/source/timers.o
 .bss.xLastTime.4487
                0x2007ab70        0x4 src/ASF/thirdparty/freertos/freertos-7.3.0/source/timers.o
 .bss.xTimerQueue
                0x2007ab74        0x4 src/ASF/thirdparty/freertos/freertos-7.3.0/source/timers.o
 .bss.pxOverflowTimerList
                0x2007ab78        0x4 src/ASF/thirdparty/freertos/freertos-7.3.0/source/timers.o
 .bss.__malloc_max_total_mem
                0x2007ab7c        0x4 c:/program files (x86)/atmel/atmel toolchain/arm gcc/native/4.8.1443/arm-gnu-toolchain/bin/../lib/gcc/arm-none-eabi/4.8.4/../../../../arm-none-eabi/lib/armv7-m\libc.a(lib_a-mallocr.o)
                0x2007ab7c                __malloc_max_total_mem
 .bss.__malloc_max_sbrked_mem
                0x2007ab80        0x4 c:/program files (x86)/atmel/atmel toolchain/arm gcc/native/4.8.1443/arm-gnu-toolchain/bin/../lib/gcc/arm-none-eabi/4.8.4/../../../../arm-none-eabi/lib/armv7-m\libc.a(lib_a-mallocr.o)
                0x2007ab80                __malloc_max_sbrked_mem
 .bss.__malloc_top_pad
                0x2007ab84        0x4 c:/program files (x86)/atmel/atmel toolchain/arm gcc/native/4.8.1443/arm-gnu-toolchain/bin/../lib/gcc/arm-none-eabi/4.8.4/../../../../arm-none-eabi/lib/armv7-m\libc.a(lib_a-mallocr.o)
                0x2007ab84                __malloc_top_pad
 .bss.__malloc_current_mallinfo
                0x2007ab88       0x28 c:/program files (x86)/atmel/atmel toolchain/arm gcc/native/4.8.1443/arm-gnu-toolchain/bin/../lib/gcc/arm-none-eabi/4.8.4/../../../../arm-none-eabi/lib/armv7-m\libc.a(lib_a-mallocr.o)
                0x2007ab88                __malloc_current_mallinfo
 *(COMMON)
 COMMON         0x2007abb0        0x4 src/ASF/common/utils/stdio/read.o
                0x2007abb0                ptr_get
 COMMON         0x2007abb4        0x8 src/ASF/common/utils/stdio/write.o
                0x2007abb4                ptr_put
                0x2007abb8                stdio_base
 COMMON         0x2007abbc        0x4 c:/program files (x86)/atmel/atmel toolchain/arm gcc/native/4.8.1443/arm-gnu-toolchain/bin/../lib/gcc/arm-none-eabi/4.8.4/../../../../arm-none-eabi/lib/armv7-m\libc.a(lib_a-reent.o)
                0x2007abbc                errno
                0x2007abc0                . = ALIGN (0x4)
                0x2007abc0                _ebss = .
                0x2007abc0                _ezero = .

.stack          0x2007abc0     0x2000 load address 0x0008fb58
                0x2007abc0                . = ALIGN (0x8)
                0x2007abc0                _sstack = .
                0x2007cbc0                . = (. + __stack_size__)
 *fill*         0x2007abc0     0x2000 
                0x2007cbc0                . = ALIGN (0x8)
                0x2007cbc0                _estack = .
                0x2007cbc0                . = ALIGN (0x4)
                0x2007cbc0                _end = .
OUTPUT(rtos_project.elf elf32-littlearm)

.ARM.attributes
                0x00000000       0x29
 .ARM.attributes
                0x00000000       0x1d c:/program files (x86)/atmel/atmel toolchain/arm gcc/native/4.8.1443/arm-gnu-toolchain/bin/../lib/gcc/arm-none-eabi/4.8.4/armv7-m/crti.o
 .ARM.attributes
                0x0000001d       0x2d c:/program files (x86)/atmel/atmel toolchain/arm gcc/native/4.8.1443/arm-gnu-toolchain/bin/../lib/gcc/arm-none-eabi/4.8.4/armv7-m/crtbegin.o
 .ARM.attributes
                0x0000004a       0x33 src/task1.o
 .ARM.attributes
                0x0000007d       0x33 src/delay/delayFunctions.o
 .ARM.attributes
                0x000000b0       0x33 src/pins/Init_Pins.o
 .ARM.attributes
                0x000000e3       0x33 src/ASF/common/services/clock/sam3x/sysclk.o
 .ARM.attributes
                0x00000116       0x33 src/ASF/common/utils/stdio/read.o
 .ARM.attributes
                0x00000149       0x33 src/ASF/common/utils/stdio/write.o
 .ARM.attributes
                0x0000017c       0x33 src/ASF/sam/boards/arduino_due_x/init.o
 .ARM.attributes
                0x000001af       0x33 src/ASF/sam/drivers/pio/pio.o
 .ARM.attributes
                0x000001e2       0x33 src/ASF/sam/drivers/pio/pio_handler.o
 .ARM.attributes
                0x00000215       0x33 src/ASF/sam/drivers/pmc/pmc.o
 .ARM.attributes
                0x00000248       0x33 src/ASF/sam/drivers/tc/tc.o
 .ARM.attributes
                0x0000027b       0x33 src/ASF/sam/utils/cmsis/sam3x/source/templates/exceptions.o
 .ARM.attributes
                0x000002ae       0x33 src/ASF/sam/utils/cmsis/sam3x/source/templates/gcc/startup_sam3x.o
 .ARM.attributes
                0x000002e1       0x33 src/ASF/sam/utils/cmsis/sam3x/source/templates/system_sam3x.o
 .ARM.attributes
                0x00000314       0x33 src/ASF/sam/utils/syscalls/gcc/syscalls.o
 .ARM.attributes
                0x00000347       0x33 src/ASF/thirdparty/freertos/freertos-7.3.0/source/list.o
 .ARM.attributes
                0x0000037a       0x33 src/ASF/thirdparty/freertos/freertos-7.3.0/source/portable/gcc/sam/port.o
 .ARM.attributes
                0x000003ad       0x33 src/ASF/thirdparty/freertos/freertos-7.3.0/source/portable/memmang/heap_4.o
 .ARM.attributes
                0x000003e0       0x33 src/ASF/thirdparty/freertos/freertos-7.3.0/source/queue.o
 .ARM.attributes
                0x00000413       0x33 src/ASF/thirdparty/freertos/freertos-7.3.0/source/tasks.o
 .ARM.attributes
                0x00000446       0x33 src/ASF/thirdparty/freertos/freertos-7.3.0/source/timers.o
 .ARM.attributes
                0x00000479       0x33 src/main.o
 .ARM.attributes
                0x000004ac       0x2d c:/program files (x86)/atmel/atmel toolchain/arm gcc/native/4.8.1443/arm-gnu-toolchain/bin/../lib/gcc/arm-none-eabi/4.8.4/../../../../arm-none-eabi/lib/armv7-m\libc.a(lib_a-impure.o)
 .ARM.attributes
                0x000004d9       0x2d c:/program files (x86)/atmel/atmel toolchain/arm gcc/native/4.8.1443/arm-gnu-toolchain/bin/../lib/gcc/arm-none-eabi/4.8.4/../../../../arm-none-eabi/lib/armv7-m\libc.a(lib_a-init.o)
 .ARM.attributes
                0x00000506       0x2d c:/program files (x86)/atmel/atmel toolchain/arm gcc/native/4.8.1443/arm-gnu-toolchain/bin/../lib/gcc/arm-none-eabi/4.8.4/../../../../arm-none-eabi/lib/armv7-m\libc.a(lib_a-iprintf.o)
 .ARM.attributes
                0x00000533       0x1b c:/program files (x86)/atmel/atmel toolchain/arm gcc/native/4.8.1443/arm-gnu-toolchain/bin/../lib/gcc/arm-none-eabi/4.8.4/../../../../arm-none-eabi/lib/armv7-m\libc.a(lib_a-memcpy.o)
 .ARM.attributes
                0x0000054e       0x2d c:/program files (x86)/atmel/atmel toolchain/arm gcc/native/4.8.1443/arm-gnu-toolchain/bin/../lib/gcc/arm-none-eabi/4.8.4/../../../../arm-none-eabi/lib/armv7-m\libc.a(lib_a-memset.o)
 .ARM.attributes
                0x0000057b       0x2d c:/program files (x86)/atmel/atmel toolchain/arm gcc/native/4.8.1443/arm-gnu-toolchain/bin/../lib/gcc/arm-none-eabi/4.8.4/../../../../arm-none-eabi/lib/armv7-m\libc.a(lib_a-strlen.o)
 .ARM.attributes
                0x000005a8       0x2d c:/program files (x86)/atmel/atmel toolchain/arm gcc/native/4.8.1443/arm-gnu-toolchain/bin/../lib/gcc/arm-none-eabi/4.8.4/../../../../arm-none-eabi/lib/armv7-m\libc.a(lib_a-strncpy.o)
 .ARM.attributes
                0x000005d5       0x2d c:/program files (x86)/atmel/atmel toolchain/arm gcc/native/4.8.1443/arm-gnu-toolchain/bin/../lib/gcc/arm-none-eabi/4.8.4/../../../../arm-none-eabi/lib/armv7-m\libc.a(lib_a-vfiprintf.o)
 .ARM.attributes
                0x00000602       0x2d c:/program files (x86)/atmel/atmel toolchain/arm gcc/native/4.8.1443/arm-gnu-toolchain/bin/../lib/gcc/arm-none-eabi/4.8.4/../../../../arm-none-eabi/lib/armv7-m\libc.a(lib_a-wsetup.o)
 .ARM.attributes
                0x0000062f       0x2d c:/program files (x86)/atmel/atmel toolchain/arm gcc/native/4.8.1443/arm-gnu-toolchain/bin/../lib/gcc/arm-none-eabi/4.8.4/../../../../arm-none-eabi/lib/armv7-m\libc.a(lib_a-__call_atexit.o)
 .ARM.attributes
                0x0000065c       0x2d c:/program files (x86)/atmel/atmel toolchain/arm gcc/native/4.8.1443/arm-gnu-toolchain/bin/../lib/gcc/arm-none-eabi/4.8.4/../../../../arm-none-eabi/lib/armv7-m\libc.a(lib_a-atexit.o)
 .ARM.attributes
                0x00000689       0x2d c:/program files (x86)/atmel/atmel toolchain/arm gcc/native/4.8.1443/arm-gnu-toolchain/bin/../lib/gcc/arm-none-eabi/4.8.4/../../../../arm-none-eabi/lib/armv7-m\libc.a(lib_a-fflush.o)
 .ARM.attributes
                0x000006b6       0x2d c:/program files (x86)/atmel/atmel toolchain/arm gcc/native/4.8.1443/arm-gnu-toolchain/bin/../lib/gcc/arm-none-eabi/4.8.4/../../../../arm-none-eabi/lib/armv7-m\libc.a(lib_a-findfp.o)
 .ARM.attributes
                0x000006e3       0x2d c:/program files (x86)/atmel/atmel toolchain/arm gcc/native/4.8.1443/arm-gnu-toolchain/bin/../lib/gcc/arm-none-eabi/4.8.4/../../../../arm-none-eabi/lib/armv7-m\libc.a(lib_a-fini.o)
 .ARM.attributes
                0x00000710       0x2d c:/program files (x86)/atmel/atmel toolchain/arm gcc/native/4.8.1443/arm-gnu-toolchain/bin/../lib/gcc/arm-none-eabi/4.8.4/../../../../arm-none-eabi/lib/armv7-m\libc.a(lib_a-fputwc.o)
 .ARM.attributes
                0x0000073d       0x2d c:/program files (x86)/atmel/atmel toolchain/arm gcc/native/4.8.1443/arm-gnu-toolchain/bin/../lib/gcc/arm-none-eabi/4.8.4/../../../../arm-none-eabi/lib/armv7-m\libc.a(lib_a-freer.o)
 .ARM.attributes
                0x0000076a       0x2d c:/program files (x86)/atmel/atmel toolchain/arm gcc/native/4.8.1443/arm-gnu-toolchain/bin/../lib/gcc/arm-none-eabi/4.8.4/../../../../arm-none-eabi/lib/armv7-m\libc.a(lib_a-fvwrite.o)
 .ARM.attributes
                0x00000797       0x2d c:/program files (x86)/atmel/atmel toolchain/arm gcc/native/4.8.1443/arm-gnu-toolchain/bin/../lib/gcc/arm-none-eabi/4.8.4/../../../../arm-none-eabi/lib/armv7-m\libc.a(lib_a-fwalk.o)
 .ARM.attributes
                0x000007c4       0x2d c:/program files (x86)/atmel/atmel toolchain/arm gcc/native/4.8.1443/arm-gnu-toolchain/bin/../lib/gcc/arm-none-eabi/4.8.4/../../../../arm-none-eabi/lib/armv7-m\libc.a(lib_a-locale.o)
 .ARM.attributes
                0x000007f1       0x2d c:/program files (x86)/atmel/atmel toolchain/arm gcc/native/4.8.1443/arm-gnu-toolchain/bin/../lib/gcc/arm-none-eabi/4.8.4/../../../../arm-none-eabi/lib/armv7-m\libc.a(lib_a-makebuf.o)
 .ARM.attributes
                0x0000081e       0x2d c:/program files (x86)/atmel/atmel toolchain/arm gcc/native/4.8.1443/arm-gnu-toolchain/bin/../lib/gcc/arm-none-eabi/4.8.4/../../../../arm-none-eabi/lib/armv7-m\libc.a(lib_a-mallocr.o)
 .ARM.attributes
                0x0000084b       0x2d c:/program files (x86)/atmel/atmel toolchain/arm gcc/native/4.8.1443/arm-gnu-toolchain/bin/../lib/gcc/arm-none-eabi/4.8.4/../../../../arm-none-eabi/lib/armv7-m\libc.a(lib_a-memchr-stub.o)
 .ARM.attributes
                0x00000878       0x2d c:/program files (x86)/atmel/atmel toolchain/arm gcc/native/4.8.1443/arm-gnu-toolchain/bin/../lib/gcc/arm-none-eabi/4.8.4/../../../../arm-none-eabi/lib/armv7-m\libc.a(lib_a-memmove.o)
 .ARM.attributes
                0x000008a5       0x2d c:/program files (x86)/atmel/atmel toolchain/arm gcc/native/4.8.1443/arm-gnu-toolchain/bin/../lib/gcc/arm-none-eabi/4.8.4/../../../../arm-none-eabi/lib/armv7-m\libc.a(lib_a-mlock.o)
 .ARM.attributes
                0x000008d2       0x2d c:/program files (x86)/atmel/atmel toolchain/arm gcc/native/4.8.1443/arm-gnu-toolchain/bin/../lib/gcc/arm-none-eabi/4.8.4/../../../../arm-none-eabi/lib/armv7-m\libc.a(lib_a-reallocr.o)
 .ARM.attributes
                0x000008ff       0x2d c:/program files (x86)/atmel/atmel toolchain/arm gcc/native/4.8.1443/arm-gnu-toolchain/bin/../lib/gcc/arm-none-eabi/4.8.4/../../../../arm-none-eabi/lib/armv7-m\libc.a(lib_a-sbrkr.o)
 .ARM.attributes
                0x0000092c       0x2d c:/program files (x86)/atmel/atmel toolchain/arm gcc/native/4.8.1443/arm-gnu-toolchain/bin/../lib/gcc/arm-none-eabi/4.8.4/../../../../arm-none-eabi/lib/armv7-m\libc.a(lib_a-stdio.o)
 .ARM.attributes
                0x00000959       0x2d c:/program files (x86)/atmel/atmel toolchain/arm gcc/native/4.8.1443/arm-gnu-toolchain/bin/../lib/gcc/arm-none-eabi/4.8.4/../../../../arm-none-eabi/lib/armv7-m\libc.a(lib_a-wbuf.o)
 .ARM.attributes
                0x00000986       0x2d c:/program files (x86)/atmel/atmel toolchain/arm gcc/native/4.8.1443/arm-gnu-toolchain/bin/../lib/gcc/arm-none-eabi/4.8.4/../../../../arm-none-eabi/lib/armv7-m\libc.a(lib_a-wcrtomb.o)
 .ARM.attributes
                0x000009b3       0x2d c:/program files (x86)/atmel/atmel toolchain/arm gcc/native/4.8.1443/arm-gnu-toolchain/bin/../lib/gcc/arm-none-eabi/4.8.4/../../../../arm-none-eabi/lib/armv7-m\libc.a(lib_a-wctomb_r.o)
 .ARM.attributes
                0x000009e0       0x2d c:/program files (x86)/atmel/atmel toolchain/arm gcc/native/4.8.1443/arm-gnu-toolchain/bin/../lib/gcc/arm-none-eabi/4.8.4/../../../../arm-none-eabi/lib/armv7-m\libc.a(lib_a-writer.o)
 .ARM.attributes
                0x00000a0d       0x2d c:/program files (x86)/atmel/atmel toolchain/arm gcc/native/4.8.1443/arm-gnu-toolchain/bin/../lib/gcc/arm-none-eabi/4.8.4/../../../../arm-none-eabi/lib/armv7-m\libc.a(lib_a-__atexit.o)
 .ARM.attributes
                0x00000a3a       0x2d c:/program files (x86)/atmel/atmel toolchain/arm gcc/native/4.8.1443/arm-gnu-toolchain/bin/../lib/gcc/arm-none-eabi/4.8.4/../../../../arm-none-eabi/lib/armv7-m\libc.a(lib_a-closer.o)
 .ARM.attributes
                0x00000a67       0x2d c:/program files (x86)/atmel/atmel toolchain/arm gcc/native/4.8.1443/arm-gnu-toolchain/bin/../lib/gcc/arm-none-eabi/4.8.4/../../../../arm-none-eabi/lib/armv7-m\libc.a(lib_a-fclose.o)
 .ARM.attributes
                0x00000a94       0x2d c:/program files (x86)/atmel/atmel toolchain/arm gcc/native/4.8.1443/arm-gnu-toolchain/bin/../lib/gcc/arm-none-eabi/4.8.4/../../../../arm-none-eabi/lib/armv7-m\libc.a(lib_a-fstatr.o)
 .ARM.attributes
                0x00000ac1       0x2d c:/program files (x86)/atmel/atmel toolchain/arm gcc/native/4.8.1443/arm-gnu-toolchain/bin/../lib/gcc/arm-none-eabi/4.8.4/../../../../arm-none-eabi/lib/armv7-m\libc.a(lib_a-isattyr.o)
 .ARM.attributes
                0x00000aee       0x2d c:/program files (x86)/atmel/atmel toolchain/arm gcc/native/4.8.1443/arm-gnu-toolchain/bin/../lib/gcc/arm-none-eabi/4.8.4/../../../../arm-none-eabi/lib/armv7-m\libc.a(lib_a-lseekr.o)
 .ARM.attributes
                0x00000b1b       0x2d c:/program files (x86)/atmel/atmel toolchain/arm gcc/native/4.8.1443/arm-gnu-toolchain/bin/../lib/gcc/arm-none-eabi/4.8.4/../../../../arm-none-eabi/lib/armv7-m\libc.a(lib_a-readr.o)
 .ARM.attributes
                0x00000b48       0x2d c:/program files (x86)/atmel/atmel toolchain/arm gcc/native/4.8.1443/arm-gnu-toolchain/bin/../lib/gcc/arm-none-eabi/4.8.4/../../../../arm-none-eabi/lib/armv7-m\libc.a(lib_a-reent.o)
 .ARM.attributes
                0x00000b75       0x1d c:/program files (x86)/atmel/atmel toolchain/arm gcc/native/4.8.1443/arm-gnu-toolchain/bin/../lib/gcc/arm-none-eabi/4.8.4/armv7-m\libgcc.a(_aeabi_uldivmod.o)
 .ARM.attributes
                0x00000b92       0x2d c:/program files (x86)/atmel/atmel toolchain/arm gcc/native/4.8.1443/arm-gnu-toolchain/bin/../lib/gcc/arm-none-eabi/4.8.4/armv7-m\libgcc.a(bpabi.o)
 .ARM.attributes
                0x00000bbf       0x1d c:/program files (x86)/atmel/atmel toolchain/arm gcc/native/4.8.1443/arm-gnu-toolchain/bin/../lib/gcc/arm-none-eabi/4.8.4/armv7-m\libgcc.a(_dvmd_tls.o)
 .ARM.attributes
                0x00000bdc       0x2d c:/program files (x86)/atmel/atmel toolchain/arm gcc/native/4.8.1443/arm-gnu-toolchain/bin/../lib/gcc/arm-none-eabi/4.8.4/armv7-m\libgcc.a(_divdi3.o)
 .ARM.attributes
                0x00000c09       0x2d c:/program files (x86)/atmel/atmel toolchain/arm gcc/native/4.8.1443/arm-gnu-toolchain/bin/../lib/gcc/arm-none-eabi/4.8.4/armv7-m\libgcc.a(_udivdi3.o)
 .ARM.attributes
                0x00000c36       0x1d c:/program files (x86)/atmel/atmel toolchain/arm gcc/native/4.8.1443/arm-gnu-toolchain/bin/../lib/gcc/arm-none-eabi/4.8.4/armv7-m/crtn.o

.comment        0x00000000       0x5b
 .comment       0x00000000       0x5b src/task1.o
                                 0x5c (size before relaxing)
 .comment       0x00000000       0x5c src/delay/delayFunctions.o
 .comment       0x00000000       0x5c src/pins/Init_Pins.o
 .comment       0x00000000       0x5c src/ASF/common/services/clock/sam3x/sysclk.o
 .comment       0x00000000       0x5c src/ASF/common/utils/stdio/read.o
 .comment       0x00000000       0x5c src/ASF/common/utils/stdio/write.o
 .comment       0x00000000       0x5c src/ASF/sam/boards/arduino_due_x/init.o
 .comment       0x00000000       0x5c src/ASF/sam/drivers/pio/pio.o
 .comment       0x00000000       0x5c src/ASF/sam/drivers/pio/pio_handler.o
 .comment       0x00000000       0x5c src/ASF/sam/drivers/pmc/pmc.o
 .comment       0x00000000       0x5c src/ASF/sam/drivers/tc/tc.o
 .comment       0x00000000       0x5c src/ASF/sam/utils/cmsis/sam3x/source/templates/exceptions.o
 .comment       0x00000000       0x5c src/ASF/sam/utils/cmsis/sam3x/source/templates/gcc/startup_sam3x.o
 .comment       0x00000000       0x5c src/ASF/sam/utils/cmsis/sam3x/source/templates/system_sam3x.o
 .comment       0x00000000       0x5c src/ASF/sam/utils/syscalls/gcc/syscalls.o
 .comment       0x00000000       0x5c src/ASF/thirdparty/freertos/freertos-7.3.0/source/list.o
 .comment       0x00000000       0x5c src/ASF/thirdparty/freertos/freertos-7.3.0/source/portable/gcc/sam/port.o
 .comment       0x00000000       0x5c src/ASF/thirdparty/freertos/freertos-7.3.0/source/portable/memmang/heap_4.o
 .comment       0x00000000       0x5c src/ASF/thirdparty/freertos/freertos-7.3.0/source/queue.o
 .comment       0x00000000       0x5c src/ASF/thirdparty/freertos/freertos-7.3.0/source/tasks.o
 .comment       0x00000000       0x5c src/ASF/thirdparty/freertos/freertos-7.3.0/source/timers.o
 .comment       0x00000000       0x5c src/main.o

.debug_info     0x00000000     0xd19c
 .debug_info    0x00000000     0x1017 src/task1.o
 .debug_info    0x00001017      0xd16 src/delay/delayFunctions.o
 .debug_info    0x00001d2d     0x1185 src/pins/Init_Pins.o
 .debug_info    0x00002eb2      0x796 src/ASF/common/services/clock/sam3x/sysclk.o
 .debug_info    0x00003648      0x1bb src/ASF/common/utils/stdio/read.o
 .debug_info    0x00003803      0x1c0 src/ASF/common/utils/stdio/write.o
 .debug_info    0x000039c3      0x726 src/ASF/sam/boards/arduino_due_x/init.o
 .debug_info    0x000040e9     0x1385 src/ASF/sam/drivers/pio/pio.o
 .debug_info    0x0000546e      0xe52 src/ASF/sam/drivers/pio/pio_handler.o
 .debug_info    0x000062c0     0x1080 src/ASF/sam/drivers/pmc/pmc.o
 .debug_info    0x00007340      0x94f src/ASF/sam/drivers/tc/tc.o
 .debug_info    0x00007c8f      0x124 src/ASF/sam/utils/cmsis/sam3x/source/templates/exceptions.o
 .debug_info    0x00007db3      0x3bd src/ASF/sam/utils/cmsis/sam3x/source/templates/gcc/startup_sam3x.o
 .debug_info    0x00008170      0x4c6 src/ASF/sam/utils/cmsis/sam3x/source/templates/system_sam3x.o
 .debug_info    0x00008636      0x43f src/ASF/sam/utils/syscalls/gcc/syscalls.o
 .debug_info    0x00008a75      0x2b7 src/ASF/thirdparty/freertos/freertos-7.3.0/source/list.o
 .debug_info    0x00008d2c      0x3a1 src/ASF/thirdparty/freertos/freertos-7.3.0/source/portable/gcc/sam/port.o
 .debug_info    0x000090cd      0x38d src/ASF/thirdparty/freertos/freertos-7.3.0/source/portable/memmang/heap_4.o
 .debug_info    0x0000945a      0xf9e src/ASF/thirdparty/freertos/freertos-7.3.0/source/queue.o
 .debug_info    0x0000a3f8     0x178d src/ASF/thirdparty/freertos/freertos-7.3.0/source/tasks.o
 .debug_info    0x0000bb85      0xb44 src/ASF/thirdparty/freertos/freertos-7.3.0/source/timers.o
 .debug_info    0x0000c6c9      0xad3 src/main.o

.debug_abbrev   0x00000000     0x2903
 .debug_abbrev  0x00000000      0x29b src/task1.o
 .debug_abbrev  0x0000029b      0x1fa src/delay/delayFunctions.o
 .debug_abbrev  0x00000495      0x29b src/pins/Init_Pins.o
 .debug_abbrev  0x00000730      0x227 src/ASF/common/services/clock/sam3x/sysclk.o
 .debug_abbrev  0x00000957      0x101 src/ASF/common/utils/stdio/read.o
 .debug_abbrev  0x00000a58       0xf5 src/ASF/common/utils/stdio/write.o
 .debug_abbrev  0x00000b4d      0x16d src/ASF/sam/boards/arduino_due_x/init.o
 .debug_abbrev  0x00000cba      0x2d5 src/ASF/sam/drivers/pio/pio.o
 .debug_abbrev  0x00000f8f      0x257 src/ASF/sam/drivers/pio/pio_handler.o
 .debug_abbrev  0x000011e6      0x268 src/ASF/sam/drivers/pmc/pmc.o
 .debug_abbrev  0x0000144e      0x1bb src/ASF/sam/drivers/tc/tc.o
 .debug_abbrev  0x00001609       0x8c src/ASF/sam/utils/cmsis/sam3x/source/templates/exceptions.o
 .debug_abbrev  0x00001695      0x118 src/ASF/sam/utils/cmsis/sam3x/source/templates/gcc/startup_sam3x.o
 .debug_abbrev  0x000017ad      0x115 src/ASF/sam/utils/cmsis/sam3x/source/templates/system_sam3x.o
 .debug_abbrev  0x000018c2      0x14e src/ASF/sam/utils/syscalls/gcc/syscalls.o
 .debug_abbrev  0x00001a10       0xfb src/ASF/thirdparty/freertos/freertos-7.3.0/source/list.o
 .debug_abbrev  0x00001b0b      0x22c src/ASF/thirdparty/freertos/freertos-7.3.0/source/portable/gcc/sam/port.o
 .debug_abbrev  0x00001d37      0x220 src/ASF/thirdparty/freertos/freertos-7.3.0/source/portable/memmang/heap_4.o
 .debug_abbrev  0x00001f57      0x288 src/ASF/thirdparty/freertos/freertos-7.3.0/source/queue.o
 .debug_abbrev  0x000021df      0x2e0 src/ASF/thirdparty/freertos/freertos-7.3.0/source/tasks.o
 .debug_abbrev  0x000024bf      0x261 src/ASF/thirdparty/freertos/freertos-7.3.0/source/timers.o
 .debug_abbrev  0x00002720      0x1e3 src/main.o

.debug_loc      0x00000000     0x5dd2
 .debug_loc     0x00000000       0x73 src/task1.o
 .debug_loc     0x00000073       0x6c src/delay/delayFunctions.o
 .debug_loc     0x000000df       0x20 src/pins/Init_Pins.o
 .debug_loc     0x000000ff      0x12d src/ASF/common/services/clock/sam3x/sysclk.o
 .debug_loc     0x0000022c       0xc5 src/ASF/common/utils/stdio/read.o
 .debug_loc     0x000002f1      0x161 src/ASF/common/utils/stdio/write.o
 .debug_loc     0x00000452       0x20 src/ASF/sam/boards/arduino_due_x/init.o
 .debug_loc     0x00000472      0xa83 src/ASF/sam/drivers/pio/pio.o
 .debug_loc     0x00000ef5      0x53d src/ASF/sam/drivers/pio/pio_handler.o
 .debug_loc     0x00001432      0xc95 src/ASF/sam/drivers/pmc/pmc.o
 .debug_loc     0x000020c7      0x57a src/ASF/sam/drivers/tc/tc.o
 .debug_loc     0x00002641       0x7e src/ASF/sam/utils/cmsis/sam3x/source/templates/gcc/startup_sam3x.o
 .debug_loc     0x000026bf      0x12b src/ASF/sam/utils/syscalls/gcc/syscalls.o
 .debug_loc     0x000027ea       0x85 src/ASF/thirdparty/freertos/freertos-7.3.0/source/list.o
 .debug_loc     0x0000286f      0x100 src/ASF/thirdparty/freertos/freertos-7.3.0/source/portable/gcc/sam/port.o
 .debug_loc     0x0000296f      0x371 src/ASF/thirdparty/freertos/freertos-7.3.0/source/portable/memmang/heap_4.o
 .debug_loc     0x00002ce0     0x1190 src/ASF/thirdparty/freertos/freertos-7.3.0/source/queue.o
 .debug_loc     0x00003e70     0x1578 src/ASF/thirdparty/freertos/freertos-7.3.0/source/tasks.o
 .debug_loc     0x000053e8      0x9be src/ASF/thirdparty/freertos/freertos-7.3.0/source/timers.o
 .debug_loc     0x00005da6       0x2c src/main.o

.debug_aranges  0x00000000      0x9c8
 .debug_aranges
                0x00000000       0x20 src/task1.o
 .debug_aranges
                0x00000020       0x28 src/delay/delayFunctions.o
 .debug_aranges
                0x00000048       0x20 src/pins/Init_Pins.o
 .debug_aranges
                0x00000068       0x40 src/ASF/common/services/clock/sam3x/sysclk.o
 .debug_aranges
                0x000000a8       0x20 src/ASF/common/utils/stdio/read.o
 .debug_aranges
                0x000000c8       0x20 src/ASF/common/utils/stdio/write.o
 .debug_aranges
                0x000000e8       0x20 src/ASF/sam/boards/arduino_due_x/init.o
 .debug_aranges
                0x00000108      0x148 src/ASF/sam/drivers/pio/pio.o
 .debug_aranges
                0x00000250       0x58 src/ASF/sam/drivers/pio/pio_handler.o
 .debug_aranges
                0x000002a8      0x200 src/ASF/sam/drivers/pmc/pmc.o
 .debug_aranges
                0x000004a8       0xd0 src/ASF/sam/drivers/tc/tc.o
 .debug_aranges
                0x00000578       0x20 src/ASF/sam/utils/cmsis/sam3x/source/templates/exceptions.o
 .debug_aranges
                0x00000598       0x20 src/ASF/sam/utils/cmsis/sam3x/source/templates/gcc/startup_sam3x.o
 .debug_aranges
                0x000005b8       0x30 src/ASF/sam/utils/cmsis/sam3x/source/templates/system_sam3x.o
 .debug_aranges
                0x000005e8       0x60 src/ASF/sam/utils/syscalls/gcc/syscalls.o
 .debug_aranges
                0x00000648       0x40 src/ASF/thirdparty/freertos/freertos-7.3.0/source/list.o
 .debug_aranges
                0x00000688       0x80 src/ASF/thirdparty/freertos/freertos-7.3.0/source/portable/gcc/sam/port.o
 .debug_aranges
                0x00000708       0x40 src/ASF/thirdparty/freertos/freertos-7.3.0/source/portable/memmang/heap_4.o
 .debug_aranges
                0x00000748       0xd0 src/ASF/thirdparty/freertos/freertos-7.3.0/source/queue.o
 .debug_aranges
                0x00000818      0x130 src/ASF/thirdparty/freertos/freertos-7.3.0/source/tasks.o
 .debug_aranges
                0x00000948       0x60 src/ASF/thirdparty/freertos/freertos-7.3.0/source/timers.o
 .debug_aranges
                0x000009a8       0x20 src/main.o

.debug_ranges   0x00000000      0x938
 .debug_ranges  0x00000000       0x28 src/task1.o
 .debug_ranges  0x00000028       0x18 src/delay/delayFunctions.o
 .debug_ranges  0x00000040       0x10 src/pins/Init_Pins.o
 .debug_ranges  0x00000050       0x30 src/ASF/common/services/clock/sam3x/sysclk.o
 .debug_ranges  0x00000080       0x10 src/ASF/common/utils/stdio/read.o
 .debug_ranges  0x00000090       0x10 src/ASF/common/utils/stdio/write.o
 .debug_ranges  0x000000a0       0x10 src/ASF/sam/boards/arduino_due_x/init.o
 .debug_ranges  0x000000b0      0x138 src/ASF/sam/drivers/pio/pio.o
 .debug_ranges  0x000001e8       0x48 src/ASF/sam/drivers/pio/pio_handler.o
 .debug_ranges  0x00000230      0x1f0 src/ASF/sam/drivers/pmc/pmc.o
 .debug_ranges  0x00000420       0xc0 src/ASF/sam/drivers/tc/tc.o
 .debug_ranges  0x000004e0       0x10 src/ASF/sam/utils/cmsis/sam3x/source/templates/exceptions.o
 .debug_ranges  0x000004f0       0x10 src/ASF/sam/utils/cmsis/sam3x/source/templates/gcc/startup_sam3x.o
 .debug_ranges  0x00000500       0x20 src/ASF/sam/utils/cmsis/sam3x/source/templates/system_sam3x.o
 .debug_ranges  0x00000520       0x50 src/ASF/sam/utils/syscalls/gcc/syscalls.o
 .debug_ranges  0x00000570       0x30 src/ASF/thirdparty/freertos/freertos-7.3.0/source/list.o
 .debug_ranges  0x000005a0       0x70 src/ASF/thirdparty/freertos/freertos-7.3.0/source/portable/gcc/sam/port.o
 .debug_ranges  0x00000610       0x30 src/ASF/thirdparty/freertos/freertos-7.3.0/source/portable/memmang/heap_4.o
 .debug_ranges  0x00000640       0xd8 src/ASF/thirdparty/freertos/freertos-7.3.0/source/queue.o
 .debug_ranges  0x00000718      0x168 src/ASF/thirdparty/freertos/freertos-7.3.0/source/tasks.o
 .debug_ranges  0x00000880       0xa8 src/ASF/thirdparty/freertos/freertos-7.3.0/source/timers.o
 .debug_ranges  0x00000928       0x10 src/main.o

.debug_macro    0x00000000    0x18fc0
 .debug_macro   0x00000000      0x6b9 src/task1.o
 .debug_macro   0x000006b9      0x87a src/task1.o
 .debug_macro   0x00000f33      0x166 src/task1.o
 .debug_macro   0x00001099      0x4d1 src/task1.o
 .debug_macro   0x0000156a       0x76 src/task1.o
 .debug_macro   0x000015e0       0x16 src/task1.o
 .debug_macro   0x000015f6      0x6e4 src/task1.o
 .debug_macro   0x00001cda       0x16 src/task1.o
 .debug_macro   0x00001cf0       0x44 src/task1.o
 .debug_macro   0x00001d34      0x209 src/task1.o
 .debug_macro   0x00001f3d       0x20 src/task1.o
 .debug_macro   0x00001f5d       0x3a src/task1.o
 .debug_macro   0x00001f97       0x18 src/task1.o
 .debug_macro   0x00001faf      0xb09 src/task1.o
 .debug_macro   0x00002ab8      0xab6 src/task1.o
 .debug_macro   0x0000356e      0x569 src/task1.o
 .debug_macro   0x00003ad7      0x2b5 src/task1.o
 .debug_macro   0x00003d8c      0x31a src/task1.o
 .debug_macro   0x000040a6      0x74f src/task1.o
 .debug_macro   0x000047f5       0x82 src/task1.o
 .debug_macro   0x00004877      0x57b src/task1.o
 .debug_macro   0x00004df2       0x1c src/task1.o
 .debug_macro   0x00004e0e      0x6b7 src/task1.o
 .debug_macro   0x000054c5      0x52d src/task1.o
 .debug_macro   0x000059f2       0xbe src/task1.o
 .debug_macro   0x00005ab0     0x2342 src/task1.o
 .debug_macro   0x00007df2      0x85d src/task1.o
 .debug_macro   0x0000864f      0xdc9 src/task1.o
 .debug_macro   0x00009418       0x7c src/task1.o
 .debug_macro   0x00009494      0x263 src/task1.o
 .debug_macro   0x000096f7       0x58 src/task1.o
 .debug_macro   0x0000974f      0x9a7 src/task1.o
 .debug_macro   0x0000a0f6      0x248 src/task1.o
 .debug_macro   0x0000a33e      0x4df src/task1.o
 .debug_macro   0x0000a81d      0x6b3 src/task1.o
 .debug_macro   0x0000aed0      0x59f src/task1.o
 .debug_macro   0x0000b46f       0x46 src/task1.o
 .debug_macro   0x0000b4b5      0x34d src/task1.o
 .debug_macro   0x0000b802      0x28c src/task1.o
 .debug_macro   0x0000ba8e     0x14d7 src/task1.o
 .debug_macro   0x0000cf65      0x7ba src/task1.o
 .debug_macro   0x0000d71f       0x76 src/task1.o
 .debug_macro   0x0000d795       0x82 src/task1.o
 .debug_macro   0x0000d817       0x76 src/task1.o
 .debug_macro   0x0000d88d       0x4c src/task1.o
 .debug_macro   0x0000d8d9      0x105 src/task1.o
 .debug_macro   0x0000d9de      0x105 src/task1.o
 .debug_macro   0x0000dae3      0x105 src/task1.o
 .debug_macro   0x0000dbe8       0x88 src/task1.o
 .debug_macro   0x0000dc70       0x88 src/task1.o
 .debug_macro   0x0000dcf8      0x3b4 src/task1.o
 .debug_macro   0x0000e0ac       0xb8 src/task1.o
 .debug_macro   0x0000e164       0xb8 src/task1.o
 .debug_macro   0x0000e21c       0xb8 src/task1.o
 .debug_macro   0x0000e2d4       0xb8 src/task1.o
 .debug_macro   0x0000e38c      0x2b8 src/task1.o
 .debug_macro   0x0000e644      0x125 src/task1.o
 .debug_macro   0x0000e769      0x225 src/task1.o
 .debug_macro   0x0000e98e      0x225 src/task1.o
 .debug_macro   0x0000ebb3       0x2e src/task1.o
 .debug_macro   0x0000ebe1       0xac src/task1.o
 .debug_macro   0x0000ec8d      0x14d src/task1.o
 .debug_macro   0x0000edda       0x7c src/task1.o
 .debug_macro   0x0000ee56      0x205 src/task1.o
 .debug_macro   0x0000f05b       0x64 src/task1.o
 .debug_macro   0x0000f0bf       0xa6 src/task1.o
 .debug_macro   0x0000f165       0x7c src/task1.o
 .debug_macro   0x0000f1e1       0x16 src/task1.o
 .debug_macro   0x0000f1f7       0x22 src/task1.o
 .debug_macro   0x0000f219       0x22 src/task1.o
 .debug_macro   0x0000f23b      0x115 src/task1.o
 .debug_macro   0x0000f350      0x115 src/task1.o
 .debug_macro   0x0000f465      0x115 src/task1.o
 .debug_macro   0x0000f57a      0x115 src/task1.o
 .debug_macro   0x0000f68f       0x1c src/task1.o
 .debug_macro   0x0000f6ab       0x2e src/task1.o
 .debug_macro   0x0000f6d9       0x22 src/task1.o
 .debug_macro   0x0000f6fb       0x1c src/task1.o
 .debug_macro   0x0000f717       0x58 src/task1.o
 .debug_macro   0x0000f76f       0x10 src/task1.o
 .debug_macro   0x0000f77f      0x273 src/task1.o
 .debug_macro   0x0000f9f2      0xd43 src/task1.o
 .debug_macro   0x00010735      0x131 src/task1.o
 .debug_macro   0x00010866       0x58 src/task1.o
 .debug_macro   0x000108be       0x35 src/task1.o
 .debug_macro   0x000108f3       0xa3 src/task1.o
 .debug_macro   0x00010996       0x16 src/task1.o
 .debug_macro   0x000109ac       0x35 src/task1.o
 .debug_macro   0x000109e1       0x10 src/task1.o
 .debug_macro   0x000109f1       0x52 src/task1.o
 .debug_macro   0x00010a43       0x16 src/task1.o
 .debug_macro   0x00010a59       0x43 src/task1.o
 .debug_macro   0x00010a9c      0x180 src/task1.o
 .debug_macro   0x00010c1c       0x10 src/task1.o
 .debug_macro   0x00010c2c       0x22 src/task1.o
 .debug_macro   0x00010c4e       0xbd src/task1.o
 .debug_macro   0x00010d0b       0x16 src/task1.o
 .debug_macro   0x00010d21      0x16c src/task1.o
 .debug_macro   0x00010e8d       0x22 src/task1.o
 .debug_macro   0x00010eaf       0x16 src/task1.o
 .debug_macro   0x00010ec5       0x16 src/task1.o
 .debug_macro   0x00010edb       0x29 src/task1.o
 .debug_macro   0x00010f04       0x6e src/task1.o
 .debug_macro   0x00010f72       0x45 src/task1.o
 .debug_macro   0x00010fb7      0x3c3 src/task1.o
 .debug_macro   0x0001137a       0x46 src/task1.o
 .debug_macro   0x000113c0      0x101 src/task1.o
 .debug_macro   0x000114c1       0x9c src/task1.o
 .debug_macro   0x0001155d       0x12 src/task1.o
 .debug_macro   0x0001156f       0x1f src/task1.o
 .debug_macro   0x0001158e      0x1d9 src/task1.o
 .debug_macro   0x00011767       0x10 src/task1.o
 .debug_macro   0x00011777       0x16 src/task1.o
 .debug_macro   0x0001178d       0x5e src/task1.o
 .debug_macro   0x000117eb       0x43 src/task1.o
 .debug_macro   0x0001182e       0x96 src/task1.o
 .debug_macro   0x000118c4       0x77 src/task1.o
 .debug_macro   0x0001193b       0x5d src/task1.o
 .debug_macro   0x00011998       0x5b src/task1.o
 .debug_macro   0x000119f3       0x94 src/task1.o
 .debug_macro   0x00011a87       0x40 src/task1.o
 .debug_macro   0x00011ac7      0x248 src/task1.o
 .debug_macro   0x00011d0f      0x790 src/task1.o
 .debug_macro   0x0001249f       0x34 src/task1.o
 .debug_macro   0x000124d3       0x5e src/task1.o
 .debug_macro   0x00012531       0x64 src/task1.o
 .debug_macro   0x00012595       0x5f src/task1.o
 .debug_macro   0x000125f4       0x90 src/task1.o
 .debug_macro   0x00012684       0x6a src/task1.o
 .debug_macro   0x000126ee       0x34 src/task1.o
 .debug_macro   0x00012722       0x1c src/task1.o
 .debug_macro   0x0001273e       0x2e src/task1.o
 .debug_macro   0x0001276c       0x16 src/task1.o
 .debug_macro   0x00012782       0x1c src/task1.o
 .debug_macro   0x0001279e      0x6a6 src/delay/delayFunctions.o
 .debug_macro   0x00012e44      0x6b8 src/pins/Init_Pins.o
 .debug_macro   0x000134fc       0x4a src/pins/Init_Pins.o
 .debug_macro   0x00013546       0x82 src/pins/Init_Pins.o
 .debug_macro   0x000135c8      0x452 src/pins/Init_Pins.o
 .debug_macro   0x00013a1a       0xf6 src/pins/Init_Pins.o
 .debug_macro   0x00013b10       0x26 src/pins/Init_Pins.o
 .debug_macro   0x00013b36       0x22 src/pins/Init_Pins.o
 .debug_macro   0x00013b58      0x527 src/ASF/common/services/clock/sam3x/sysclk.o
 .debug_macro   0x0001407f      0x242 src/ASF/common/services/clock/sam3x/sysclk.o
 .debug_macro   0x000142c1      0x4a7 src/ASF/common/utils/stdio/read.o
 .debug_macro   0x00014768      0x4a7 src/ASF/common/utils/stdio/write.o
 .debug_macro   0x00014c0f      0x566 src/ASF/sam/boards/arduino_due_x/init.o
 .debug_macro   0x00015175       0x58 src/ASF/sam/boards/arduino_due_x/init.o
 .debug_macro   0x000151cd      0x4c2 src/ASF/sam/drivers/pio/pio.o
 .debug_macro   0x0001568f       0x8e src/ASF/sam/drivers/pio/pio.o
 .debug_macro   0x0001571d      0x4c6 src/ASF/sam/drivers/pio/pio_handler.o
 .debug_macro   0x00015be3      0x4bc src/ASF/sam/drivers/pmc/pmc.o
 .debug_macro   0x0001609f       0x58 src/ASF/sam/drivers/pmc/pmc.o
 .debug_macro   0x000160f7      0x4c2 src/ASF/sam/drivers/tc/tc.o
 .debug_macro   0x000165b9       0x16 src/ASF/sam/drivers/tc/tc.o
 .debug_macro   0x000165cf       0x1c src/ASF/sam/drivers/tc/tc.o
 .debug_macro   0x000165eb      0x4bb src/ASF/sam/utils/cmsis/sam3x/source/templates/exceptions.o
 .debug_macro   0x00016aa6      0x4c9 src/ASF/sam/utils/cmsis/sam3x/source/templates/gcc/startup_sam3x.o
 .debug_macro   0x00016f6f      0x4c9 src/ASF/sam/utils/cmsis/sam3x/source/templates/system_sam3x.o
 .debug_macro   0x00017438      0x129 src/ASF/sam/utils/syscalls/gcc/syscalls.o
 .debug_macro   0x00017561       0x97 src/ASF/sam/utils/syscalls/gcc/syscalls.o
 .debug_macro   0x000175f8       0xef src/ASF/sam/utils/syscalls/gcc/syscalls.o
 .debug_macro   0x000176e7       0x52 src/ASF/sam/utils/syscalls/gcc/syscalls.o
 .debug_macro   0x00017739       0x16 src/ASF/sam/utils/syscalls/gcc/syscalls.o
 .debug_macro   0x0001774f       0x10 src/ASF/sam/utils/syscalls/gcc/syscalls.o
 .debug_macro   0x0001775f       0x41 src/ASF/sam/utils/syscalls/gcc/syscalls.o
 .debug_macro   0x000177a0      0x120 src/ASF/sam/utils/syscalls/gcc/syscalls.o
 .debug_macro   0x000178c0      0x13f src/ASF/thirdparty/freertos/freertos-7.3.0/source/list.o
 .debug_macro   0x000179ff      0x10e src/ASF/thirdparty/freertos/freertos-7.3.0/source/list.o
 .debug_macro   0x00017b0d       0x7f src/ASF/thirdparty/freertos/freertos-7.3.0/source/list.o
 .debug_macro   0x00017b8c       0xfb src/ASF/thirdparty/freertos/freertos-7.3.0/source/list.o
 .debug_macro   0x00017c87      0x5ed src/ASF/thirdparty/freertos/freertos-7.3.0/source/portable/gcc/sam/port.o
 .debug_macro   0x00018274      0x160 src/ASF/thirdparty/freertos/freertos-7.3.0/source/portable/memmang/heap_4.o
 .debug_macro   0x000183d4      0x1fc src/ASF/thirdparty/freertos/freertos-7.3.0/source/queue.o
 .debug_macro   0x000185d0      0x255 src/ASF/thirdparty/freertos/freertos-7.3.0/source/tasks.o
 .debug_macro   0x00018825       0xe1 src/ASF/thirdparty/freertos/freertos-7.3.0/source/timers.o
 .debug_macro   0x00018906      0x6ba src/main.o

.debug_line     0x00000000     0xf6ea
 .debug_line    0x00000000      0xfd2 src/task1.o
 .debug_line    0x00000fd2      0xfb6 src/delay/delayFunctions.o
 .debug_line    0x00001f88      0xfad src/pins/Init_Pins.o
 .debug_line    0x00002f35      0xc48 src/ASF/common/services/clock/sam3x/sysclk.o
 .debug_line    0x00003b7d      0xad9 src/ASF/common/utils/stdio/read.o
 .debug_line    0x00004656      0xacf src/ASF/common/utils/stdio/write.o
 .debug_line    0x00005125      0xcda src/ASF/sam/boards/arduino_due_x/init.o
 .debug_line    0x00005dff      0xe42 src/ASF/sam/drivers/pio/pio.o
 .debug_line    0x00006c41      0xb8d src/ASF/sam/drivers/pio/pio_handler.o
 .debug_line    0x000077ce     0x1045 src/ASF/sam/drivers/pmc/pmc.o
 .debug_line    0x00008813      0xc7a src/ASF/sam/drivers/tc/tc.o
 .debug_line    0x0000948d      0xab5 src/ASF/sam/utils/cmsis/sam3x/source/templates/exceptions.o
 .debug_line    0x00009f42      0xb05 src/ASF/sam/utils/cmsis/sam3x/source/templates/gcc/startup_sam3x.o
 .debug_line    0x0000aa47      0xb22 src/ASF/sam/utils/cmsis/sam3x/source/templates/system_sam3x.o
 .debug_line    0x0000b569      0x39b src/ASF/sam/utils/syscalls/gcc/syscalls.o
 .debug_line    0x0000b904      0x467 src/ASF/thirdparty/freertos/freertos-7.3.0/source/list.o
 .debug_line    0x0000bd6b      0xdcd src/ASF/thirdparty/freertos/freertos-7.3.0/source/portable/gcc/sam/port.o
 .debug_line    0x0000cb38      0x4c2 src/ASF/thirdparty/freertos/freertos-7.3.0/source/portable/memmang/heap_4.o
 .debug_line    0x0000cffa      0x80a src/ASF/thirdparty/freertos/freertos-7.3.0/source/queue.o
 .debug_line    0x0000d804      0xa28 src/ASF/thirdparty/freertos/freertos-7.3.0/source/tasks.o
 .debug_line    0x0000e22c      0x4ee src/ASF/thirdparty/freertos/freertos-7.3.0/source/timers.o
 .debug_line    0x0000e71a      0xfd0 src/main.o

.debug_str      0x00000000    0x66ee3
 .debug_str     0x00000000    0x60d4d src/task1.o
                              0x610f8 (size before relaxing)
 .debug_str     0x00060d4d       0xe7 src/delay/delayFunctions.o
                              0x60e09 (size before relaxing)
 .debug_str     0x00060e34      0xe8a src/pins/Init_Pins.o
                              0x61eb0 (size before relaxing)
 .debug_str     0x00061cbe      0x2e6 src/ASF/common/services/clock/sam3x/sysclk.o
                              0x5c983 (size before relaxing)
 .debug_str     0x00061fa4       0x2c src/ASF/common/utils/stdio/read.o
                              0x58bb3 (size before relaxing)
 .debug_str     0x00061fd0       0x26 src/ASF/common/utils/stdio/write.o
                              0x58bb5 (size before relaxing)
 .debug_str     0x00061ff6      0x1ae src/ASF/sam/boards/arduino_due_x/init.o
                              0x5d24c (size before relaxing)
 .debug_str     0x000621a4      0x432 src/ASF/sam/drivers/pio/pio.o
                              0x59558 (size before relaxing)
 .debug_str     0x000625d6      0x445 src/ASF/sam/drivers/pio/pio_handler.o
                              0x595a0 (size before relaxing)
 .debug_str     0x00062a1b      0x691 src/ASF/sam/drivers/pmc/pmc.o
                              0x595ce (size before relaxing)
 .debug_str     0x000630ac      0x2f4 src/ASF/sam/drivers/tc/tc.o
                              0x58f5c (size before relaxing)
 .debug_str     0x000633a0       0x4d src/ASF/sam/utils/cmsis/sam3x/source/templates/exceptions.o
                              0x58bcd (size before relaxing)
 .debug_str     0x000633ed       0xb2 src/ASF/sam/utils/cmsis/sam3x/source/templates/gcc/startup_sam3x.o
                              0x58ca2 (size before relaxing)
 .debug_str     0x0006349f      0x1cd src/ASF/sam/utils/cmsis/sam3x/source/templates/system_sam3x.o
                              0x58eb5 (size before relaxing)
 .debug_str     0x0006366c      0x746 src/ASF/sam/utils/syscalls/gcc/syscalls.o
                               0x4f47 (size before relaxing)
 .debug_str     0x00063db2      0x165 src/ASF/thirdparty/freertos/freertos-7.3.0/source/list.o
                               0x61a8 (size before relaxing)
 .debug_str     0x00063f17      0x539 src/ASF/thirdparty/freertos/freertos-7.3.0/source/portable/gcc/sam/port.o
                              0x5e96e (size before relaxing)
 .debug_str     0x00064450      0x240 src/ASF/thirdparty/freertos/freertos-7.3.0/source/portable/memmang/heap_4.o
                               0x65bc (size before relaxing)
 .debug_str     0x00064690     0x167a src/ASF/thirdparty/freertos/freertos-7.3.0/source/queue.o
                               0x7bfe (size before relaxing)
 .debug_str     0x00065d0a      0xe37 src/ASF/thirdparty/freertos/freertos-7.3.0/source/tasks.o
                               0x9398 (size before relaxing)
 .debug_str     0x00066b41      0x383 src/ASF/thirdparty/freertos/freertos-7.3.0/source/timers.o
                               0x625e (size before relaxing)
 .debug_str     0x00066ec4       0x1f src/main.o
                              0x60de4 (size before relaxing)

.debug_frame    0x00000000     0x2030
 .debug_frame   0x00000000       0x30 src/task1.o
 .debug_frame   0x00000030       0x48 src/delay/delayFunctions.o
 .debug_frame   0x00000078       0x28 src/pins/Init_Pins.o
 .debug_frame   0x000000a0       0x88 src/ASF/common/services/clock/sam3x/sysclk.o
 .debug_frame   0x00000128       0x30 src/ASF/common/utils/stdio/read.o
 .debug_frame   0x00000158       0x30 src/ASF/common/utils/stdio/write.o
 .debug_frame   0x00000188       0x28 src/ASF/sam/boards/arduino_due_x/init.o
 .debug_frame   0x000001b0      0x2a8 src/ASF/sam/drivers/pio/pio.o
 .debug_frame   0x00000458       0xf8 src/ASF/sam/drivers/pio/pio_handler.o
 .debug_frame   0x00000550      0x410 src/ASF/sam/drivers/pmc/pmc.o
 .debug_frame   0x00000960      0x198 src/ASF/sam/drivers/tc/tc.o
 .debug_frame   0x00000af8       0x20 src/ASF/sam/utils/cmsis/sam3x/source/templates/exceptions.o
 .debug_frame   0x00000b18       0x28 src/ASF/sam/utils/cmsis/sam3x/source/templates/gcc/startup_sam3x.o
 .debug_frame   0x00000b40       0x40 src/ASF/sam/utils/cmsis/sam3x/source/templates/system_sam3x.o
 .debug_frame   0x00000b80       0xa8 src/ASF/sam/utils/syscalls/gcc/syscalls.o
 .debug_frame   0x00000c28       0x68 src/ASF/thirdparty/freertos/freertos-7.3.0/source/list.o
 .debug_frame   0x00000c90      0x100 src/ASF/thirdparty/freertos/freertos-7.3.0/source/portable/gcc/sam/port.o