Archive member included because of file (symbol)

c:/program files (x86)/atmel/atmel toolchain/arm gcc/native/4.8.1443/arm-gnu-toolchain/bin/../lib/gcc/arm-none-eabi/4.8.4/../../../../arm-none-eabi/lib/armv7-m\libc.a(lib_a-exit.o)
                              c:/program files (x86)/atmel/atmel toolchain/arm gcc/native/4.8.1443/arm-gnu-toolchain/bin/../lib/gcc/arm-none-eabi/4.8.4/../../../../arm-none-eabi/lib/armv7-m/crt0.o (exit)
c:/program files (x86)/atmel/atmel toolchain/arm gcc/native/4.8.1443/arm-gnu-toolchain/bin/../lib/gcc/arm-none-eabi/4.8.4/../../../../arm-none-eabi/lib/armv7-m\libc.a(lib_a-impure.o)
                              c:/program files (x86)/atmel/atmel toolchain/arm gcc/native/4.8.1443/arm-gnu-toolchain/bin/../lib/gcc/arm-none-eabi/4.8.4/../../../../arm-none-eabi/lib/armv7-m\libc.a(lib_a-exit.o) (_global_impure_ptr)
c:/program files (x86)/atmel/atmel toolchain/arm gcc/native/4.8.1443/arm-gnu-toolchain/bin/../lib/gcc/arm-none-eabi/4.8.4/../../../../arm-none-eabi/lib/armv7-m\libc.a(lib_a-init.o)
                              c:/program files (x86)/atmel/atmel toolchain/arm gcc/native/4.8.1443/arm-gnu-toolchain/bin/../lib/gcc/arm-none-eabi/4.8.4/../../../../arm-none-eabi/lib/armv7-m/crt0.o (__libc_init_array)
c:/program files (x86)/atmel/atmel toolchain/arm gcc/native/4.8.1443/arm-gnu-toolchain/bin/../lib/gcc/arm-none-eabi/4.8.4/../../../../arm-none-eabi/lib/armv7-m\libc.a(lib_a-iprintf.o)
                              src/ASF/sam/utils/syscalls/gcc/syscalls.o (iprintf)
c:/program files (x86)/atmel/atmel toolchain/arm gcc/native/4.8.1443/arm-gnu-toolchain/bin/../lib/gcc/arm-none-eabi/4.8.4/../../../../arm-none-eabi/lib/armv7-m\libc.a(lib_a-memcpy.o)
                              src/ASF/common/services/freertos/sam/freertos_peripheral_control.o (memcpy)
c:/program files (x86)/atmel/atmel toolchain/arm gcc/native/4.8.1443/arm-gnu-toolchain/bin/../lib/gcc/arm-none-eabi/4.8.4/../../../../arm-none-eabi/lib/armv7-m\libc.a(lib_a-memset.o)
                              c:/program files (x86)/atmel/atmel toolchain/arm gcc/native/4.8.1443/arm-gnu-toolchain/bin/../lib/gcc/arm-none-eabi/4.8.4/../../../../arm-none-eabi/lib/armv7-m/crt0.o (memset)
c:/program files (x86)/atmel/atmel toolchain/arm gcc/native/4.8.1443/arm-gnu-toolchain/bin/../lib/gcc/arm-none-eabi/4.8.4/../../../../arm-none-eabi/lib/armv7-m\libc.a(lib_a-sprintf.o)
                              src/ASF/thirdparty/freertos/freertos-7.3.0/source/tasks.o (sprintf)
c:/program files (x86)/atmel/atmel toolchain/arm gcc/native/4.8.1443/arm-gnu-toolchain/bin/../lib/gcc/arm-none-eabi/4.8.4/../../../../arm-none-eabi/lib/armv7-m\libc.a(lib_a-strcat.o)
                              src/ASF/thirdparty/freertos/freertos-7.3.0/source/tasks.o (strcat)
c:/program files (x86)/atmel/atmel toolchain/arm gcc/native/4.8.1443/arm-gnu-toolchain/bin/../lib/gcc/arm-none-eabi/4.8.4/../../../../arm-none-eabi/lib/armv7-m\libc.a(lib_a-strcpy.o)
                              c:/program files (x86)/atmel/atmel toolchain/arm gcc/native/4.8.1443/arm-gnu-toolchain/bin/../lib/gcc/arm-none-eabi/4.8.4/../../../../arm-none-eabi/lib/armv7-m\libc.a(lib_a-strcat.o) (strcpy)
c:/program files (x86)/atmel/atmel toolchain/arm gcc/native/4.8.1443/arm-gnu-toolchain/bin/../lib/gcc/arm-none-eabi/4.8.4/../../../../arm-none-eabi/lib/armv7-m\libc.a(lib_a-strlen.o)
                              src/ASF/thirdparty/freertos/freertos-7.3.0/source/FreeRTOS_CLI.o (strlen)
c:/program files (x86)/atmel/atmel toolchain/arm gcc/native/4.8.1443/arm-gnu-toolchain/bin/../lib/gcc/arm-none-eabi/4.8.4/../../../../arm-none-eabi/lib/armv7-m\libc.a(lib_a-strncmp.o)
                              src/ASF/thirdparty/freertos/freertos-7.3.0/source/FreeRTOS_CLI.o (strncmp)
c:/program files (x86)/atmel/atmel toolchain/arm gcc/native/4.8.1443/arm-gnu-toolchain/bin/../lib/gcc/arm-none-eabi/4.8.4/../../../../arm-none-eabi/lib/armv7-m\libc.a(lib_a-strncpy.o)
                              src/ASF/thirdparty/freertos/freertos-7.3.0/source/FreeRTOS_CLI.o (strncpy)
c:/program files (x86)/atmel/atmel toolchain/arm gcc/native/4.8.1443/arm-gnu-toolchain/bin/../lib/gcc/arm-none-eabi/4.8.4/../../../../arm-none-eabi/lib/armv7-m\libc.a(lib_a-svfprintf.o)
                              c:/program files (x86)/atmel/atmel toolchain/arm gcc/native/4.8.1443/arm-gnu-toolchain/bin/../lib/gcc/arm-none-eabi/4.8.4/../../../../arm-none-eabi/lib/armv7-m\libc.a(lib_a-sprintf.o) (_svfprintf_r)
c:/program files (x86)/atmel/atmel toolchain/arm gcc/native/4.8.1443/arm-gnu-toolchain/bin/../lib/gcc/arm-none-eabi/4.8.4/../../../../arm-none-eabi/lib/armv7-m\libc.a(lib_a-vfiprintf.o)
                              c:/program files (x86)/atmel/atmel toolchain/arm gcc/native/4.8.1443/arm-gnu-toolchain/bin/../lib/gcc/arm-none-eabi/4.8.4/../../../../arm-none-eabi/lib/armv7-m\libc.a(lib_a-iprintf.o) (_vfiprintf_r)
[...]
Memory Configuration

Name             Origin             Length             Attributes
rom              0x00080000         0x00080000         xr
sram0            0x20000000         0x00010000         xrw
sram1            0x20080000         0x00008000         xrw
ram              0x20070000         0x00018000         xrw
*default*        0x00000000         0xffffffff

Linker script and memory map

LOAD c:/program files (x86)/atmel/atmel toolchain/arm gcc/native/4.8.1443/arm-gnu-toolchain/bin/../lib/gcc/arm-none-eabi/4.8.4/armv7-m/crti.o
LOAD c:/program files (x86)/atmel/atmel toolchain/arm gcc/native/4.8.1443/arm-gnu-toolchain/bin/../lib/gcc/arm-none-eabi/4.8.4/armv7-m/crtbegin.o
LOAD c:/program files (x86)/atmel/atmel toolchain/arm gcc/native/4.8.1443/arm-gnu-toolchain/bin/../lib/gcc/arm-none-eabi/4.8.4/../../../../arm-none-eabi/lib/armv7-m/crt0.o
LOAD src/ASF/common/services/freertos/sam/freertos_uart_serial.o
LOAD src/ConsoleFunctions.o
LOAD src/dummyTask1.o
LOAD src/dummyTask2.o
LOAD src/task1.o
LOAD src/usb_print.o
LOAD src/ASF/common/services/clock/sam3x/sysclk.o
LOAD src/ASF/common/services/freertos/sam/freertos_peripheral_control.o
LOAD src/ASF/common/services/freertos/sam/freertos_usart_serial.o
LOAD src/ASF/common/services/serial/usart_serial.o
LOAD src/ASF/common/utils/interrupt/interrupt_sam_nvic.o
LOAD src/ASF/sam/boards/arduino_due_x/init.o
LOAD src/ASF/sam/drivers/pdc/pdc.o
LOAD src/ASF/sam/drivers/pio/pio.o
LOAD src/ASF/sam/drivers/pio/pio_handler.o
LOAD src/ASF/sam/drivers/pmc/pmc.o
LOAD src/ASF/sam/drivers/pmc/sleep.o
LOAD src/ASF/sam/drivers/uart/uart.o
LOAD src/ASF/sam/drivers/usart/usart.o
LOAD src/ASF/sam/utils/cmsis/sam3x/source/templates/exceptions.o
LOAD src/ASF/sam/utils/cmsis/sam3x/source/templates/gcc/startup_sam3x.o
LOAD src/ASF/sam/utils/cmsis/sam3x/source/templates/system_sam3x.o
LOAD src/ASF/sam/utils/syscalls/gcc/syscalls.o
LOAD src/ASF/thirdparty/freertos/freertos-7.3.0/source/FreeRTOS_CLI.o
LOAD src/ASF/thirdparty/freertos/freertos-7.3.0/source/list.o
LOAD src/ASF/thirdparty/freertos/freertos-7.3.0/source/portable/gcc/sam/port.o
LOAD src/ASF/thirdparty/freertos/freertos-7.3.0/source/portable/memmang/heap_4.o
LOAD src/ASF/thirdparty/freertos/freertos-7.3.0/source/queue.o
LOAD src/ASF/thirdparty/freertos/freertos-7.3.0/source/tasks.o
LOAD src/ASF/thirdparty/freertos/freertos-7.3.0/source/timers.o
LOAD src/main.o
START GROUP
LOAD ../src/ASF/thirdparty/CMSIS/Lib/GCC\libarm_cortexM3l_math.a
LOAD c:/program files (x86)/atmel/atmel toolchain/arm gcc/native/4.8.1443/arm-gnu-toolchain/bin/../lib/gcc/arm-none-eabi/4.8.4/../../../../arm-none-eabi/lib/armv7-m\libm.a
END GROUP
START GROUP
LOAD c:/program files (x86)/atmel/atmel toolchain/arm gcc/native/4.8.1443/arm-gnu-toolchain/bin/../lib/gcc/arm-none-eabi/4.8.4/armv7-m\libgcc.a
LOAD c:/program files (x86)/atmel/atmel toolchain/arm gcc/native/4.8.1443/arm-gnu-toolchain/bin/../lib/gcc/arm-none-eabi/4.8.4/../../../../arm-none-eabi/lib/armv7-m\libc.a
END GROUP
LOAD c:/program files (x86)/atmel/atmel toolchain/arm gcc/native/4.8.1443/arm-gnu-toolchain/bin/../lib/gcc/arm-none-eabi/4.8.4/armv7-m/crtend.o
LOAD c:/program files (x86)/atmel/atmel toolchain/arm gcc/native/4.8.1443/arm-gnu-toolchain/bin/../lib/gcc/arm-none-eabi/4.8.4/armv7-m/crtn.o
                0x00002000                __stack_size__ = DEFINED (__stack_size__)?__stack_size__:0x2000
                0x20087ffc                __ram_end__ = ((ORIGIN (ram) + 0x18000) - 0x4)

.text           0x00080000     0x31e0
                0x00080000                . = ALIGN (0x4)
                0x00080000                _sfixed = .
 *(.vectors .vectors.*)
 .vectors       0x00080000       0xf4 src/ASF/sam/utils/cmsis/sam3x/source/templates/gcc/startup_sam3x.o
                0x00080000                exception_table
 *(.text .text.* .gnu.linkonce.t.*)
 .text          0x000800f4       0x54 c:/program files (x86)/atmel/atmel toolchain/arm gcc/native/4.8.1443/arm-gnu-toolchain/bin/../lib/gcc/arm-none-eabi/4.8.4/armv7-m/crtbegin.o
 .text.configure_rx_dma
                0x00080148       0xa0 src/ASF/common/services/freertos/sam/freertos_uart_serial.o
 .text.freertos_uart_serial_init
                0x000801e8      0x1c4 src/ASF/common/services/freertos/sam/freertos_uart_serial.o
                0x000801e8                freertos_uart_serial_init
 .text.freertos_uart_write_packet_async
                0x000803ac       0x84 src/ASF/common/services/freertos/sam/freertos_uart_serial.o
                0x000803ac                freertos_uart_write_packet_async
 .text.UART_Handler
                0x00080430      0x100 src/ASF/common/services/freertos/sam/freertos_uart_serial.o
                0x00080430                UART_Handler
 .text.task_dummy1
                0x00080530       0x24 src/dummyTask1.o
                0x00080530                task_dummy1
 .text.task_dummy2
                0x00080554       0x24 src/dummyTask2.o
                0x00080554                task_dummy2
 .text.task_uart
                0x00080578       0x68 src/task1.o
                0x00080578                task_uart
 .text.init     0x000805e0       0x28 src/usb_print.o
                0x000805e0                init
 .text.print    0x00080608       0x24 src/usb_print.o
                0x00080608                print
 .text.sysclk_init
                0x0008062c       0x64 src/ASF/common/services/clock/sam3x/sysclk.o
                0x0008062c                sysclk_init
 .text.get_pdc_peripheral_details
                0x00080690       0x2c src/ASF/common/services/freertos/sam/freertos_peripheral_control.o
                0x00080690                get_pdc_peripheral_details
 .text.check_requested_operating_mode
                0x000806bc       0x30 src/ASF/common/services/freertos/sam/freertos_peripheral_control.o
                0x000806bc                check_requested_operating_mode
 .text.create_peripheral_control_semaphores
                0x000806ec       0xac src/ASF/common/services/freertos/sam/freertos_peripheral_control.o
                0x000806ec                create_peripheral_control_semaphores
 .text.configure_interrupt_controller
                0x00080798       0x64 src/ASF/common/services/freertos/sam/freertos_peripheral_control.o
                0x00080798                configure_interrupt_controller
 .text.freertos_copy_bytes_from_pdc_circular_buffer
                0x000807fc       0x88 src/ASF/common/services/freertos/sam/freertos_peripheral_control.o
                0x000807fc                freertos_copy_bytes_from_pdc_circular_buffer
 .text.freertos_obtain_peripheral_access_mutex
                0x00080884       0x50 src/ASF/common/services/freertos/sam/freertos_peripheral_control.o
                0x00080884                freertos_obtain_peripheral_access_mutex
 .text.freertos_start_pdc_transfer
                0x000808d4       0x80 src/ASF/common/services/freertos/sam/freertos_peripheral_control.o
                0x000808d4                freertos_start_pdc_transfer
 .text.freertos_optionally_wait_transfer_completion
                0x00080954       0x28 src/ASF/common/services/freertos/sam/freertos_peripheral_control.o
                0x00080954                freertos_optionally_wait_transfer_completion
 .text.configure_rx_dma
                0x0008097c       0xa4 src/ASF/common/services/freertos/sam/freertos_usart_serial.o
 .text.local_usart_handler
                0x00080a20      0x12c src/ASF/common/services/freertos/sam/freertos_usart_serial.o
 .text.freertos_usart_serial_init
                0x00080b4c      0x1ec src/ASF/common/services/freertos/sam/freertos_usart_serial.o
                0x00080b4c                freertos_usart_serial_init
 .text.freertos_usart_write_packet_async
                0x00080d38       0x88 src/ASF/common/services/freertos/sam/freertos_usart_serial.o
                0x00080d38                freertos_usart_write_packet_async
 .text.freertos_usart_serial_read_packet
                0x00080dc0      0x158 src/ASF/common/services/freertos/sam/freertos_usart_serial.o
                0x00080dc0                freertos_usart_serial_read_packet
 .text.USART0_Handler
                0x00080f18       0x10 src/ASF/common/services/freertos/sam/freertos_usart_serial.o
                0x00080f18                USART0_Handler
 .text.USART1_Handler
                0x00080f28       0x10 src/ASF/common/services/freertos/sam/freertos_usart_serial.o
                0x00080f28                USART1_Handler
 .text.USART2_Handler
                0x00080f38       0x10 src/ASF/common/services/freertos/sam/freertos_usart_serial.o
                0x00080f38                USART2_Handler
 .text.USART3_Handler
                0x00080f48       0x10 src/ASF/common/services/freertos/sam/freertos_usart_serial.o
                0x00080f48                USART3_Handler
 .text.board_init
                0x00080f58       0x88 src/ASF/sam/boards/arduino_due_x/init.o
                0x00080f58                board_init
 .text.pdc_tx_init
                0x00080fe0       0x18 src/ASF/sam/drivers/pdc/pdc.o
                0x00080fe0                pdc_tx_init
 .text.pdc_rx_init
                0x00080ff8       0x18 src/ASF/sam/drivers/pdc/pdc.o
                0x00080ff8                pdc_rx_init
 .text.pdc_enable_transfer
                0x00081010        0xc src/ASF/sam/drivers/pdc/pdc.o
                0x00081010                pdc_enable_transfer
 .text.pdc_disable_transfer
                0x0008101c       0x10 src/ASF/sam/drivers/pdc/pdc.o
                0x0008101c                pdc_disable_transfer
 .text.pio_set_peripheral
                0x0008102c       0x40 src/ASF/sam/drivers/pio/pio.o
                0x0008102c                pio_set_peripheral
 .text.pio_set_input
                0x0008106c       0x34 src/ASF/sam/drivers/pio/pio.o
                0x0008106c                pio_set_input
 .text.pio_set_output
                0x000810a0       0x28 src/ASF/sam/drivers/pio/pio.o
                0x000810a0                pio_set_output
 .text.pio_get_interrupt_status
                0x000810c8        0x4 src/ASF/sam/drivers/pio/pio.o
                0x000810c8                pio_get_interrupt_status
 .text.pio_get_interrupt_mask
                0x000810cc        0x4 src/ASF/sam/drivers/pio/pio.o
                0x000810cc                pio_get_interrupt_mask
 .text.pio_configure_pin
                0x000810d0       0xd4 src/ASF/sam/drivers/pio/pio.o
                0x000810d0                pio_configure_pin
 .text.pio_handler_process
                0x000811a4       0x58 src/ASF/sam/drivers/pio/pio_handler.o
                0x000811a4                pio_handler_process
 .text.PIOA_Handler
                0x000811fc       0x14 src/ASF/sam/drivers/pio/pio_handler.o
                0x000811fc                PIOA_Handler
 .text.PIOB_Handler
                0x00081210       0x14 src/ASF/sam/drivers/pio/pio_handler.o
                0x00081210                PIOB_Handler
 .text.PIOC_Handler
                0x00081224       0x14 src/ASF/sam/drivers/pio/pio_handler.o
                0x00081224                PIOC_Handler
 .text.PIOD_Handler
                0x00081238       0x14 src/ASF/sam/drivers/pio/pio_handler.o
                0x00081238                PIOD_Handler
 .text.pmc_switch_mck_to_pllack
                0x0008124c       0x64 src/ASF/sam/drivers/pmc/pmc.o
                0x0008124c                pmc_switch_mck_to_pllack
 .text.pmc_switch_mainck_to_xtal
                0x000812b0       0x54 src/ASF/sam/drivers/pmc/pmc.o
                0x000812b0                pmc_switch_mainck_to_xtal
 .text.pmc_osc_is_ready_mainck
                0x00081304       0x10 src/ASF/sam/drivers/pmc/pmc.o
                0x00081304                pmc_osc_is_ready_mainck
 .text.pmc_disable_pllack
                0x00081314       0x10 src/ASF/sam/drivers/pmc/pmc.o
                0x00081314                pmc_disable_pllack
 .text.pmc_is_locked_pllack
                0x00081324       0x10 src/ASF/sam/drivers/pmc/pmc.o
                0x00081324                pmc_is_locked_pllack
 .text.pmc_enable_periph_clk
                0x00081334       0x58 src/ASF/sam/drivers/pmc/pmc.o
                0x00081334                pmc_enable_periph_clk
 .text.uart_init
                0x0008138c       0x38 src/ASF/sam/drivers/uart/uart.o
                0x0008138c                uart_init
 .text.uart_enable_tx
                0x000813c4        0x8 src/ASF/sam/drivers/uart/uart.o
                0x000813c4                uart_enable_tx
 .text.uart_disable_tx
                0x000813cc        0x8 src/ASF/sam/drivers/uart/uart.o
                0x000813cc                uart_disable_tx
 .text.uart_enable_rx
                0x000813d4        0x8 src/ASF/sam/drivers/uart/uart.o
                0x000813d4                uart_enable_rx
 .text.uart_disable_rx
                0x000813dc        0x8 src/ASF/sam/drivers/uart/uart.o
                0x000813dc                uart_disable_rx
 .text.uart_enable_interrupt
                0x000813e4        0x4 src/ASF/sam/drivers/uart/uart.o
                0x000813e4                uart_enable_interrupt
 .text.uart_disable_interrupt
                0x000813e8        0x4 src/ASF/sam/drivers/uart/uart.o
                0x000813e8                uart_disable_interrupt
 .text.uart_get_interrupt_mask
                0x000813ec        0x4 src/ASF/sam/drivers/uart/uart.o
                0x000813ec                uart_get_interrupt_mask
 .text.uart_get_status
                0x000813f0        0x4 src/ASF/sam/drivers/uart/uart.o
                0x000813f0                uart_get_status
 .text.uart_reset_status
                0x000813f4        0x8 src/ASF/sam/drivers/uart/uart.o
                0x000813f4                uart_reset_status
 .text.usart_set_async_baudrate
                0x000813fc       0x64 src/ASF/sam/drivers/usart/usart.o
                0x000813fc                usart_set_async_baudrate
 .text.usart_reset
                0x00081460       0x28 src/ASF/sam/drivers/usart/usart.o
                0x00081460                usart_reset
 .text.usart_init_rs232
                0x00081488       0x54 src/ASF/sam/drivers/usart/usart.o
                0x00081488                usart_init_rs232
 .text.usart_enable_tx
                0x000814dc        0x8 src/ASF/sam/drivers/usart/usart.o
                0x000814dc                usart_enable_tx
 .text.usart_disable_tx
                0x000814e4        0x8 src/ASF/sam/drivers/usart/usart.o
                0x000814e4                usart_disable_tx
 .text.usart_enable_rx
                0x000814ec        0x8 src/ASF/sam/drivers/usart/usart.o
                0x000814ec                usart_enable_rx
 .text.usart_disable_rx
                0x000814f4        0x8 src/ASF/sam/drivers/usart/usart.o
                0x000814f4                usart_disable_rx
 .text.usart_set_rx_timeout
                0x000814fc        0x4 src/ASF/sam/drivers/usart/usart.o
                0x000814fc                usart_set_rx_timeout
 .text.usart_enable_interrupt
                0x00081500        0x4 src/ASF/sam/drivers/usart/usart.o
                0x00081500                usart_enable_interrupt
 .text.usart_disable_interrupt
                0x00081504        0x4 src/ASF/sam/drivers/usart/usart.o
                0x00081504                usart_disable_interrupt
 .text.usart_get_interrupt_mask
                0x00081508        0x4 src/ASF/sam/drivers/usart/usart.o
                0x00081508                usart_get_interrupt_mask
 .text.usart_get_status
                0x0008150c        0x4 src/ASF/sam/drivers/usart/usart.o
                0x0008150c                usart_get_status
 .text.usart_reset_status
                0x00081510        0x8 src/ASF/sam/drivers/usart/usart.o
                0x00081510                usart_reset_status
 .text.usart_start_rx_timeout
                0x00081518        0x8 src/ASF/sam/drivers/usart/usart.o
                0x00081518                usart_start_rx_timeout
 .text.Dummy_Handler
                0x00081520        0x4 src/ASF/sam/utils/cmsis/sam3x/source/templates/exceptions.o
                0x00081520                DACC_Handler
                0x00081520                DebugMon_Handler
                0x00081520                DMAC_Handler
                0x00081520                TRNG_Handler
                0x00081520                HardFault_Handler
                0x00081520                TC2_Handler
                0x00081520                TWI1_Handler
                0x00081520                NMI_Handler
                0x00081520                TC7_Handler
                0x00081520                ADC_Handler
                0x00081520                SMC_Handler
                0x00081520                RTT_Handler
                0x00081520                EFC1_Handler
                0x00081520                RTC_Handler
                0x00081520                UsageFault_Handler
                0x00081520                TC6_Handler
                0x00081520                WDT_Handler
                0x00081520                CAN0_Handler
                0x00081520                TC4_Handler
                0x00081520                TC1_Handler
                0x00081520                HSMCI_Handler
                0x00081520                TC3_Handler
                0x00081520                Dummy_Handler
                0x00081520                TWI0_Handler
                0x00081520                SSC_Handler
                0x00081520                EFC0_Handler
                0x00081520                PMC_Handler
                0x00081520                PWM_Handler
                0x00081520                CAN1_Handler
                0x00081520                MemManage_Handler
                0x00081520                SUPC_Handler
                0x00081520                TC8_Handler
                0x00081520                EMAC_Handler
                0x00081520                BusFault_Handler
                0x00081520                RSTC_Handler
                0x00081520                TC0_Handler
                0x00081520                TC5_Handler
                0x00081520                UOTGHS_Handler
                0x00081520                SPI0_Handler
 .text.Reset_Handler
                0x00081524       0xb0 src/ASF/sam/utils/cmsis/sam3x/source/templates/gcc/startup_sam3x.o
                0x00081524                Reset_Handler
 .text.SystemCoreClockUpdate
                0x000815d4      0x11c src/ASF/sam/utils/cmsis/sam3x/source/templates/system_sam3x.o
                0x000815d4                SystemCoreClockUpdate
 .text.vListInitialise
                0x000816f0       0x18 src/ASF/thirdparty/freertos/freertos-7.3.0/source/list.o
                0x000816f0                vListInitialise
 .text.vListInitialiseItem
                0x00081708        0x8 src/ASF/thirdparty/freertos/freertos-7.3.0/source/list.o
                0x00081708                vListInitialiseItem
 .text.vListInsertEnd
                0x00081710       0x1c src/ASF/thirdparty/freertos/freertos-7.3.0/source/list.o
                0x00081710                vListInsertEnd
 .text.vListInsert
                0x0008172c       0x3c src/ASF/thirdparty/freertos/freertos-7.3.0/source/list.o
                0x0008172c                vListInsert
 .text.uxListRemove
                0x00081768       0x28 src/ASF/thirdparty/freertos/freertos-7.3.0/source/list.o
                0x00081768                uxListRemove
 .text.prvPortStartFirstTask
                0x00081790       0x14 src/ASF/thirdparty/freertos/freertos-7.3.0/source/portable/gcc/sam/port.o
 .text.pxPortInitialiseStack
                0x000817a4       0x1c src/ASF/thirdparty/freertos/freertos-7.3.0/source/portable/gcc/sam/port.o
                0x000817a4                pxPortInitialiseStack
 .text.SVC_Handler
                0x000817c0       0x20 src/ASF/thirdparty/freertos/freertos-7.3.0/source/portable/gcc/sam/port.o
                0x000817c0                SVC_Handler
 .text.vPortYieldFromISR
                0x000817e0       0x10 src/ASF/thirdparty/freertos/freertos-7.3.0/source/portable/gcc/sam/port.o
                0x000817e0                vPortYieldFromISR
 .text.ulPortSetInterruptMask
                0x000817f0       0x10 src/ASF/thirdparty/freertos/freertos-7.3.0/source/portable/gcc/sam/port.o
                0x000817f0                ulPortSetInterruptMask
 .text.vPortEnterCritical
                0x00081800       0x18 src/ASF/thirdparty/freertos/freertos-7.3.0/source/portable/gcc/sam/port.o
                0x00081800                vPortEnterCritical
 .text.vPortClearInterruptMask
                0x00081818        0x8 src/ASF/thirdparty/freertos/freertos-7.3.0/source/portable/gcc/sam/port.o
                0x00081818                vPortClearInterruptMask
 .text.vPortExitCritical
                0x00081820       0x1c src/ASF/thirdparty/freertos/freertos-7.3.0/source/portable/gcc/sam/port.o
                0x00081820                vPortExitCritical
 .text.PendSV_Handler
                0x0008183c       0x3c src/ASF/thirdparty/freertos/freertos-7.3.0/source/portable/gcc/sam/port.o
                0x0008183c                PendSV_Handler
 .text.SysTick_Handler
                0x00081878       0x2c src/ASF/thirdparty/freertos/freertos-7.3.0/source/portable/gcc/sam/port.o
                0x00081878                SysTick_Handler
 .text.vPortSetupTimerInterrupt
                0x000818a4       0x18 src/ASF/thirdparty/freertos/freertos-7.3.0/source/portable/gcc/sam/port.o
                0x000818a4                vPortSetupTimerInterrupt
 .text.xPortStartScheduler
                0x000818bc       0x38 src/ASF/thirdparty/freertos/freertos-7.3.0/source/portable/gcc/sam/port.o
                0x000818bc                xPortStartScheduler
 .text.prvInsertBlockIntoFreeList
                0x000818f4       0x58 src/ASF/thirdparty/freertos/freertos-7.3.0/source/portable/memmang/heap_4.o
 .text.pvPortMalloc
                0x0008194c       0xc4 src/ASF/thirdparty/freertos/freertos-7.3.0/source/portable/memmang/heap_4.o
                0x0008194c                pvPortMalloc
 .text.vPortFree
                0x00081a10       0x34 src/ASF/thirdparty/freertos/freertos-7.3.0/source/portable/memmang/heap_4.o
                0x00081a10                vPortFree
 .text.prvCopyDataToQueue
                0x00081a44       0x64 src/ASF/thirdparty/freertos/freertos-7.3.0/source/queue.o
 .text.prvCopyDataFromQueue
                0x00081aa8       0x28 src/ASF/thirdparty/freertos/freertos-7.3.0/source/queue.o
 .text.prvUnlockQueue
                0x00081ad0       0x8c src/ASF/thirdparty/freertos/freertos-7.3.0/source/queue.o
 .text.xQueueGenericReset
                0x00081b5c       0x7c src/ASF/thirdparty/freertos/freertos-7.3.0/source/queue.o
                0x00081b5c                xQueueGenericReset
 .text.xQueueGenericCreate
                0x00081bd8       0x58 src/ASF/thirdparty/freertos/freertos-7.3.0/source/queue.o
                0x00081bd8                xQueueGenericCreate
 .text.xQueueCreateCountingSemaphore
                0x00081c30       0x28 src/ASF/thirdparty/freertos/freertos-7.3.0/source/queue.o
                0x00081c30                xQueueCreateCountingSemaphore
 .text.xQueueGenericSend
                0x00081c58      0x11c src/ASF/thirdparty/freertos/freertos-7.3.0/source/queue.o
                0x00081c58                xQueueGenericSend
 .text.xQueueCreateMutex
                0x00081d74       0x64 src/ASF/thirdparty/freertos/freertos-7.3.0/source/queue.o
                0x00081d74                xQueueCreateMutex
 .text.xQueueGenericSendFromISR
                0x00081dd8       0x90 src/ASF/thirdparty/freertos/freertos-7.3.0/source/queue.o
                0x00081dd8                xQueueGenericSendFromISR
 .text.xQueueGenericReceive
                0x00081e68      0x15c src/ASF/thirdparty/freertos/freertos-7.3.0/source/queue.o
                0x00081e68                xQueueGenericReceive
 .text.vQueueWaitForMessageRestricted
                0x00081fc4       0x4c src/ASF/thirdparty/freertos/freertos-7.3.0/source/queue.o
                0x00081fc4                vQueueWaitForMessageRestricted
 .text.prvAddCurrentTaskToDelayedList
                0x00082010       0x58 src/ASF/thirdparty/freertos/freertos-7.3.0/source/tasks.o
 .text.xTaskGenericCreate
                0x00082068      0x208 src/ASF/thirdparty/freertos/freertos-7.3.0/source/tasks.o
                0x00082068                xTaskGenericCreate
 .text.vTaskStartScheduler
                0x00082270       0x68 src/ASF/thirdparty/freertos/freertos-7.3.0/source/tasks.o
                0x00082270                vTaskStartScheduler
 .text.vTaskSuspendAll
                0x000822d8       0x10 src/ASF/thirdparty/freertos/freertos-7.3.0/source/tasks.o
                0x000822d8                vTaskSuspendAll
 .text.xTaskGetTickCount
                0x000822e8       0x20 src/ASF/thirdparty/freertos/freertos-7.3.0/source/tasks.o
                0x000822e8                xTaskGetTickCount
 .text.vTaskIncrementTick
                0x00082308      0x120 src/ASF/thirdparty/freertos/freertos-7.3.0/source/tasks.o
                0x00082308                vTaskIncrementTick
 .text.xTaskResumeAll
                0x00082428      0x108 src/ASF/thirdparty/freertos/freertos-7.3.0/source/tasks.o
                0x00082428                xTaskResumeAll
 .text.vTaskDelayUntil
                0x00082530       0x90 src/ASF/thirdparty/freertos/freertos-7.3.0/source/tasks.o
                0x00082530                vTaskDelayUntil
 .text.prvIdleTask
                0x000825c0       0x84 src/ASF/thirdparty/freertos/freertos-7.3.0/source/tasks.o
 .text.vTaskSwitchContext
                0x00082644       0x90 src/ASF/thirdparty/freertos/freertos-7.3.0/source/tasks.o
                0x00082644                vTaskSwitchContext
 .text.vTaskPlaceOnEventList
                0x000826d4       0x60 src/ASF/thirdparty/freertos/freertos-7.3.0/source/tasks.o
                0x000826d4                vTaskPlaceOnEventList
 .text.vTaskPlaceOnEventListRestricted
                0x00082734       0x44 src/ASF/thirdparty/freertos/freertos-7.3.0/source/tasks.o
                0x00082734                vTaskPlaceOnEventListRestricted
 .text.xTaskRemoveFromEventList
                0x00082778       0x84 src/ASF/thirdparty/freertos/freertos-7.3.0/source/tasks.o
                0x00082778                xTaskRemoveFromEventList
 .text.vTaskSetTimeOutState
                0x000827fc       0x28 src/ASF/thirdparty/freertos/freertos-7.3.0/source/tasks.o
                0x000827fc                vTaskSetTimeOutState
 .text.xTaskCheckForTimeOut
                0x00082824       0x84 src/ASF/thirdparty/freertos/freertos-7.3.0/source/tasks.o
                0x00082824                xTaskCheckForTimeOut
 .text.vTaskMissedYield
                0x000828a8        0xc src/ASF/thirdparty/freertos/freertos-7.3.0/source/tasks.o
                0x000828a8                vTaskMissedYield
 .text.xTaskGetCurrentTaskHandle
                0x000828b4        0xc src/ASF/thirdparty/freertos/freertos-7.3.0/source/tasks.o
                0x000828b4                xTaskGetCurrentTaskHandle
 .text.xTaskGetSchedulerState
                0x000828c0       0x20 src/ASF/thirdparty/freertos/freertos-7.3.0/source/tasks.o
                0x000828c0                xTaskGetSchedulerState
 .text.vTaskPriorityInherit
                0x000828e0       0x7c src/ASF/thirdparty/freertos/freertos-7.3.0/source/tasks.o
                0x000828e0                vTaskPriorityInherit
 .text.vTaskPriorityDisinherit
                0x0008295c       0x50 src/ASF/thirdparty/freertos/freertos-7.3.0/source/tasks.o
                0x0008295c                vTaskPriorityDisinherit
 .text.prvInsertTimerInActiveList
                0x000829ac       0x4c src/ASF/thirdparty/freertos/freertos-7.3.0/source/timers.o
 .text.prvCheckForValidListAndQueue
                0x000829f8       0x5c src/ASF/thirdparty/freertos/freertos-7.3.0/source/timers.o
 .text.xTimerCreateTimerTask
                0x00082a54       0x4c src/ASF/thirdparty/freertos/freertos-7.3.0/source/timers.o
                0x00082a54                xTimerCreateTimerTask
 .text.xTimerGenericCommand
                0x00082aa0       0x54 src/ASF/thirdparty/freertos/freertos-7.3.0/source/timers.o
                0x00082aa0                xTimerGenericCommand
 .text.prvSampleTimeNow
                0x00082af4       0xb4 src/ASF/thirdparty/freertos/freertos-7.3.0/source/timers.o
 .text.prvTimerTask
                0x00082ba8      0x170 src/ASF/thirdparty/freertos/freertos-7.3.0/source/timers.o
 .text.main     0x00082d18       0xa4 src/main.o
                0x00082d18                main
 .text.__libc_init_array
                0x00082dbc       0x50 c:/program files (x86)/atmel/atmel toolchain/arm gcc/native/4.8.1443/arm-gnu-toolchain/bin/../lib/gcc/arm-none-eabi/4.8.4/../../../../arm-none-eabi/lib/armv7-m\libc.a(lib_a-init.o)
                0x00082dbc                __libc_init_array
 .text          0x00082e0c       0xec c:/program files (x86)/atmel/atmel toolchain/arm gcc/native/4.8.1443/arm-gnu-toolchain/bin/../lib/gcc/arm-none-eabi/4.8.4/../../../../arm-none-eabi/lib/armv7-m\libc.a(lib_a-memcpy.o)
                0x00082e0c                memcpy
 .text.memset   0x00082ef8       0x94 c:/program files (x86)/atmel/atmel toolchain/arm gcc/native/4.8.1443/arm-gnu-toolchain/bin/../lib/gcc/arm-none-eabi/4.8.4/../../../../arm-none-eabi/lib/armv7-m\libc.a(lib_a-memset.o)
                0x00082ef8                memset
 .text.strncpy  0x00082f8c       0x64 c:/program files (x86)/atmel/atmel toolchain/arm gcc/native/4.8.1443/arm-gnu-toolchain/bin/../lib/gcc/arm-none-eabi/4.8.4/../../../../arm-none-eabi/lib/armv7-m\libc.a(lib_a-strncpy.o)
                0x00082f8c                strncpy
 .text.startup.register_fini
                0x00082ff0       0x14 c:/program files (x86)/atmel/atmel toolchain/arm gcc/native/4.8.1443/arm-gnu-toolchain/bin/../lib/gcc/arm-none-eabi/4.8.4/../../../../arm-none-eabi/lib/armv7-m\libc.a(lib_a-__call_atexit.o)
 .text.atexit   0x00083004        0xc c:/program files (x86)/atmel/atmel toolchain/arm gcc/native/4.8.1443/arm-gnu-toolchain/bin/../lib/gcc/arm-none-eabi/4.8.4/../../../../arm-none-eabi/lib/armv7-m\libc.a(lib_a-atexit.o)
                0x00083004                atexit
 .text.__libc_fini_array
                0x00083010       0x30 c:/program files (x86)/atmel/atmel toolchain/arm gcc/native/4.8.1443/arm-gnu-toolchain/bin/../lib/gcc/arm-none-eabi/4.8.4/../../../../arm-none-eabi/lib/armv7-m\libc.a(lib_a-fini.o)
                0x00083010                __libc_fini_array
 .text.__register_exitproc
                0x00083040       0xa8 c:/program files (x86)/atmel/atmel toolchain/arm gcc/native/4.8.1443/arm-gnu-toolchain/bin/../lib/gcc/arm-none-eabi/4.8.4/../../../../arm-none-eabi/lib/armv7-m\libc.a(lib_a-__atexit.o)
                0x00083040                __register_exitproc
 *(.glue_7t)
 .glue_7t       0x00000000        0x0 linker stubs
 *(.glue_7)
 .glue_7        0x00000000        0x0 linker stubs
 *(.rodata .rodata* .gnu.linkonce.r.*)
 .rodata.all_uart_definitions
                0x000830e8       0x10 src/ASF/common/services/freertos/sam/freertos_uart_serial.o
 .rodata.str1.4
                0x000830f8        0x9 src/task1.o
                                  0xc (size before relaxing)
 *fill*         0x00083101        0x3 
 .rodata.uart_settings
                0x00083104        0xc src/usb_print.o
                0x00083104                uart_settings
 .rodata.all_usart_definitions
                0x00083110       0x40 src/ASF/common/services/freertos/sam/freertos_usart_serial.o
 .rodata.str1.4
                0x00083150       0x1f src/ASF/thirdparty/freertos/freertos-7.3.0/source/tasks.o
                                 0x20 (size before relaxing)
 *fill*         0x0008316f        0x1 
 .rodata.str1.4
                0x00083170        0x8 src/ASF/thirdparty/freertos/freertos-7.3.0/source/timers.o
 .rodata.usart_settings
                0x00083178       0x18 src/main.o
                0x00083178                usart_settings
 .rodata.str1.4
                0x00083190       0x22 src/main.o
                                 0x24 (size before relaxing)
 *fill*         0x000831b2        0x2 
 .rodata.str1.4
                0x000831b4        0x4 c:/program files (x86)/atmel/atmel toolchain/arm gcc/native/4.8.1443/arm-gnu-toolchain/bin/../lib/gcc/arm-none-eabi/4.8.4/../../../../arm-none-eabi/lib/armv7-m\libc.a(lib_a-impure.o)
 .rodata._global_impure_ptr
                0x000831b8        0x4 c:/program files (x86)/atmel/atmel toolchain/arm gcc/native/4.8.1443/arm-gnu-toolchain/bin/../lib/gcc/arm-none-eabi/4.8.4/../../../../arm-none-eabi/lib/armv7-m\libc.a(lib_a-impure.o)
                0x000831b8                _global_impure_ptr
 *(.ARM.extab* .gnu.linkonce.armextab.*)
                0x000831bc                . = ALIGN (0x4)
 *(.init)
 .init          0x000831bc        0x4 c:/program files (x86)/atmel/atmel toolchain/arm gcc/native/4.8.1443/arm-gnu-toolchain/bin/../lib/gcc/arm-none-eabi/4.8.4/armv7-m/crti.o
                0x000831bc                _init
 .init          0x000831c0        0x8 c:/program files (x86)/atmel/atmel toolchain/arm gcc/native/4.8.1443/arm-gnu-toolchain/bin/../lib/gcc/arm-none-eabi/4.8.4/armv7-m/crtn.o
                0x000831c8                . = ALIGN (0x4)
                0x000831c8                __preinit_array_start = .
 *(.preinit_array)
                0x000831c8                __preinit_array_end = .
                0x000831c8                . = ALIGN (0x4)
                0x000831c8                __init_array_start = .
 *(SORT(.init_array.*))
 .init_array.00000
                0x000831c8        0x4 c:/program files (x86)/atmel/atmel toolchain/arm gcc/native/4.8.1443/arm-gnu-toolchain/bin/../lib/gcc/arm-none-eabi/4.8.4/../../../../arm-none-eabi/lib/armv7-m\libc.a(lib_a-__call_atexit.o)
 *(.init_array)
 .init_array    0x000831cc        0x4 c:/program files (x86)/atmel/atmel toolchain/arm gcc/native/4.8.1443/arm-gnu-toolchain/bin/../lib/gcc/arm-none-eabi/4.8.4/armv7-m/crtbegin.o
                0x000831d0                __init_array_end = .
                0x000831d0                . = ALIGN (0x4)
 *crtbegin.o(.ctors)
 *(EXCLUDE_FILE(*crtend.o) .ctors)
 *(SORT(.ctors.*))
 *crtend.o(.ctors)
                0x000831d0                . = ALIGN (0x4)
 *(.fini)
 .fini          0x000831d0        0x4 c:/program files (x86)/atmel/atmel toolchain/arm gcc/native/4.8.1443/arm-gnu-toolchain/bin/../lib/gcc/arm-none-eabi/4.8.4/armv7-m/crti.o
                0x000831d0                _fini
 .fini          0x000831d4        0x8 c:/program files (x86)/atmel/atmel toolchain/arm gcc/native/4.8.1443/arm-gnu-toolchain/bin/../lib/gcc/arm-none-eabi/4.8.4/armv7-m/crtn.o
                0x000831dc                . = ALIGN (0x4)
                0x000831dc                __fini_array_start = .
 *(.fini_array)
 .fini_array    0x000831dc        0x4 c:/program files (x86)/atmel/atmel toolchain/arm gcc/native/4.8.1443/arm-gnu-toolchain/bin/../lib/gcc/arm-none-eabi/4.8.4/armv7-m/crtbegin.o
 *(SORT(.fini_array.*))
                0x000831e0                __fini_array_end = .
 *crtbegin.o(.dtors)
 *(EXCLUDE_FILE(*crtend.o) .dtors)
 *(SORT(.dtors.*))
 *crtend.o(.dtors)
                0x000831e0                . = ALIGN (0x4)
                0x000831e0                _efixed = .
                0x000831e0                PROVIDE (__exidx_start, .)

.vfp11_veneer   0x000831e0        0x0
 .vfp11_veneer  0x00000000        0x0 linker stubs

.v4_bx          0x000831e0        0x0
 .v4_bx         0x00000000        0x0 linker stubs

.iplt           0x000831e0        0x0
 .iplt          0x00000000        0x0 c:/program files (x86)/atmel/atmel toolchain/arm gcc/native/4.8.1443/arm-gnu-toolchain/bin/../lib/gcc/arm-none-eabi/4.8.4/armv7-m/crtbegin.o

.eh_frame       0x000831e0        0x0
 .eh_frame      0x000831e0        0x0 c:/program files (x86)/atmel/atmel toolchain/arm gcc/native/4.8.1443/arm-gnu-toolchain/bin/../lib/gcc/arm-none-eabi/4.8.4/armv7-m/crtbegin.o

.rel.dyn        0x000831e0        0x0
 .rel.iplt      0x00000000        0x0 c:/program files (x86)/atmel/atmel toolchain/arm gcc/native/4.8.1443/arm-gnu-toolchain/bin/../lib/gcc/arm-none-eabi/4.8.4/armv7-m/crtbegin.o

.jcr            0x000831e0        0x0
 .jcr           0x000831e0        0x0 c:/program files (x86)/atmel/atmel toolchain/arm gcc/native/4.8.1443/arm-gnu-toolchain/bin/../lib/gcc/arm-none-eabi/4.8.4/armv7-m/crtbegin.o

.igot.plt       0x000831e0        0x0
 .igot.plt      0x00000000        0x0 c:/program files (x86)/atmel/atmel toolchain/arm gcc/native/4.8.1443/arm-gnu-toolchain/bin/../lib/gcc/arm-none-eabi/4.8.4/armv7-m/crtbegin.o

.ARM.exidx
 *(.ARM.exidx* .gnu.linkonce.armexidx.*)
                0x000831e0                PROVIDE (__exidx_end, .)
                0x000831e0                . = ALIGN (0x4)
                0x000831e0                _etext = .

.relocate       0x20070000      0x588 load address 0x000831e0
                0x20070000                . = ALIGN (0x4)
                0x20070000                _srelocate = .
 *(.ramfunc .ramfunc.*)
 .ramfunc       0x20070000      0x12c src/ASF/sam/utils/cmsis/sam3x/source/templates/system_sam3x.o
                0x20070000                SystemInit
                0x200700a4                system_init_flash
 *(.data .data.*)
 .data.driver_options_uart
                0x2007012c       0x10 src/usb_print.o
                0x2007012c                driver_options_uart
 .data.SystemCoreClock
                0x2007013c        0x4 src/ASF/sam/utils/cmsis/sam3x/source/templates/system_sam3x.o
                0x2007013c                SystemCoreClock
 .data.uxCriticalNesting
                0x20070140        0x4 src/ASF/thirdparty/freertos/freertos-7.3.0/source/portable/gcc/sam/port.o
 .data.xFreeBytesRemaining
                0x20070144        0x4 src/ASF/thirdparty/freertos/freertos-7.3.0/source/portable/memmang/heap_4.o
 .data.xNextTaskUnblockTime
                0x20070148        0x4 src/ASF/thirdparty/freertos/freertos-7.3.0/source/tasks.o
 .data.driver_options
                0x2007014c       0x10 src/main.o
                0x2007014c                driver_options
 *fill*         0x2007015c        0x4 
 .data.impure_data
                0x20070160      0x428 c:/program files (x86)/atmel/atmel toolchain/arm gcc/native/4.8.1443/arm-gnu-toolchain/bin/../lib/gcc/arm-none-eabi/4.8.4/../../../../arm-none-eabi/lib/armv7-m\libc.a(lib_a-impure.o)
                0x20070588                . = ALIGN (0x4)
                0x20070588                _erelocate = .

.bss            0x20070588     0xa29c load address 0x00083768
                0x20070588                . = ALIGN (0x4)
                0x20070588                _sbss = .
                0x20070588                _szero = .
 *(.bss .bss.*)
 .bss           0x20070588       0x1c c:/program files (x86)/atmel/atmel toolchain/arm gcc/native/4.8.1443/arm-gnu-toolchain/bin/../lib/gcc/arm-none-eabi/4.8.4/armv7-m/crtbegin.o
 .bss.rx_buffer_definitions
                0x200705a4       0x1c src/ASF/common/services/freertos/sam/freertos_uart_serial.o
 .bss.tx_dma_control
                0x200705c0        0x8 src/ASF/common/services/freertos/sam/freertos_uart_serial.o
 .bss.rx_buffer_definitions
                0x200705c8       0x70 src/ASF/common/services/freertos/sam/freertos_usart_serial.o
 .bss.tx_dma_control
                0x20070638       0x20 src/ASF/common/services/freertos/sam/freertos_usart_serial.o
 .bss.gs_interrupt_sources
                0x20070658       0x70 src/ASF/sam/drivers/pio/pio_handler.o
 .bss.ul_reg_val.7190
                0x200706c8        0x4 src/ASF/sam/drivers/usart/usart.o
 *fill*         0x200706cc        0x4 
 .bss.xHeap     0x200706d0     0xa000 src/ASF/thirdparty/freertos/freertos-7.3.0/source/portable/memmang/heap_4.o
 .bss.pxEnd     0x2007a6d0        0x4 src/ASF/thirdparty/freertos/freertos-7.3.0/source/portable/memmang/heap_4.o
 .bss.xStart    0x2007a6d4        0x8 src/ASF/thirdparty/freertos/freertos-7.3.0/source/portable/memmang/heap_4.o
 .bss.uxMissedTicks
                0x2007a6dc        0x4 src/ASF/thirdparty/freertos/freertos-7.3.0/source/tasks.o
 .bss.xSuspendedTaskList
                0x2007a6e0       0x14 src/ASF/thirdparty/freertos/freertos-7.3.0/source/tasks.o
 .bss.pxDelayedTaskList
                0x2007a6f4        0x4 src/ASF/thirdparty/freertos/freertos-7.3.0/source/tasks.o
 .bss.xSchedulerRunning
                0x2007a6f8        0x4 src/ASF/thirdparty/freertos/freertos-7.3.0/source/tasks.o
 .bss.uxTasksDeleted
                0x2007a6fc        0x4 src/ASF/thirdparty/freertos/freertos-7.3.0/source/tasks.o
 .bss.xTasksWaitingTermination
                0x2007a700       0x14 src/ASF/thirdparty/freertos/freertos-7.3.0/source/tasks.o
 .bss.xDelayedTaskList2
                0x2007a714       0x14 src/ASF/thirdparty/freertos/freertos-7.3.0/source/tasks.o
 .bss.uxTopReadyPriority
                0x2007a728        0x4 src/ASF/thirdparty/freertos/freertos-7.3.0/source/tasks.o
 .bss.pxReadyTasksLists
                0x2007a72c       0x64 src/ASF/thirdparty/freertos/freertos-7.3.0/source/tasks.o
 .bss.uxSchedulerSuspended
                0x2007a790        0x4 src/ASF/thirdparty/freertos/freertos-7.3.0/source/tasks.o
 .bss.pxCurrentTCB
                0x2007a794        0x4 src/ASF/thirdparty/freertos/freertos-7.3.0/source/tasks.o
                0x2007a794                pxCurrentTCB
 .bss.xPendingReadyList
                0x2007a798       0x14 src/ASF/thirdparty/freertos/freertos-7.3.0/source/tasks.o
 .bss.xNumOfOverflows
                0x2007a7ac        0x4 src/ASF/thirdparty/freertos/freertos-7.3.0/source/tasks.o
 .bss.xTickCount
                0x2007a7b0        0x4 src/ASF/thirdparty/freertos/freertos-7.3.0/source/tasks.o
 .bss.pxOverflowDelayedTaskList
                0x2007a7b4        0x4 src/ASF/thirdparty/freertos/freertos-7.3.0/source/tasks.o
 .bss.uxTaskNumber
                0x2007a7b8        0x4 src/ASF/thirdparty/freertos/freertos-7.3.0/source/tasks.o
 .bss.xDelayedTaskList1
                0x2007a7bc       0x14 src/ASF/thirdparty/freertos/freertos-7.3.0/source/tasks.o
 .bss.xMissedYield
                0x2007a7d0        0x4 src/ASF/thirdparty/freertos/freertos-7.3.0/source/tasks.o
 .bss.uxCurrentNumberOfTasks
                0x2007a7d4        0x4 src/ASF/thirdparty/freertos/freertos-7.3.0/source/tasks.o
 .bss.uxTopUsedPriority
                0x2007a7d8        0x4 src/ASF/thirdparty/freertos/freertos-7.3.0/source/tasks.o
 .bss.pxCurrentTimerList
                0x2007a7dc        0x4 src/ASF/thirdparty/freertos/freertos-7.3.0/source/timers.o
 .bss.xActiveTimerList1
                0x2007a7e0       0x14 src/ASF/thirdparty/freertos/freertos-7.3.0/source/timers.o
 .bss.xActiveTimerList2
                0x2007a7f4       0x14 src/ASF/thirdparty/freertos/freertos-7.3.0/source/timers.o
 .bss.xLastTime.4487
                0x2007a808        0x4 src/ASF/thirdparty/freertos/freertos-7.3.0/source/timers.o
 .bss.xTimerQueue
                0x2007a80c        0x4 src/ASF/thirdparty/freertos/freertos-7.3.0/source/timers.o
 .bss.pxOverflowTimerList
                0x2007a810        0x4 src/ASF/thirdparty/freertos/freertos-7.3.0/source/timers.o
 *(COMMON)
 COMMON         0x2007a814        0xc src/usb_print.o
                0x2007a814                freertos_uart
                0x2007a818                receive_buffer
 COMMON         0x2007a820        0x4 src/main.o
                0x2007a820                freertos_usart
                0x2007a824                . = ALIGN (0x4)
                0x2007a824                _ebss = .
                0x2007a824                _ezero = .

.stack          0x2007a824     0x2004 load address 0x0008da04
                0x2007a828                . = ALIGN (0x8)
 *fill*         0x2007a824        0x4 
                0x2007a828                _sstack = .
                0x2007c828                . = (. + __stack_size__)
 *fill*         0x2007a828     0x2000 
                0x2007c828                . = ALIGN (0x8)
                0x2007c828                _estack = .
                0x2007c828                . = ALIGN (0x4)
                0x2007c828                _end = .
OUTPUT(platformgruppernas_RTOS.elf elf32-littlearm)

.ARM.attributes
                0x00000000       0x29
 .ARM.attributes
                0x00000000       0x1d c:/program files (x86)/atmel/atmel toolchain/arm gcc/native/4.8.1443/arm-gnu-toolchain/bin/../lib/gcc/arm-none-eabi/4.8.4/armv7-m/crti.o
 .ARM.attributes
                0x0000001d       0x2d c:/program files (x86)/atmel/atmel toolchain/arm gcc/native/4.8.1443/arm-gnu-toolchain/bin/../lib/gcc/arm-none-eabi/4.8.4/armv7-m/crtbegin.o
 .ARM.attributes
                0x0000004a       0x33 src/ASF/common/services/freertos/sam/freertos_uart_serial.o
 .ARM.attributes
                0x0000007d       0x33 src/dummyTask1.o
 .ARM.attributes
                0x000000b0       0x33 src/dummyTask2.o
 .ARM.attributes
                0x000000e3       0x33 src/task1.o
 .ARM.attributes
                0x00000116       0x33 src/usb_print.o
 .ARM.attributes
                0x00000149       0x33 src/ASF/common/services/clock/sam3x/sysclk.o
 .ARM.attributes
                0x0000017c       0x33 src/ASF/common/services/freertos/sam/freertos_peripheral_control.o
 .ARM.attributes
                0x000001af       0x33 src/ASF/common/services/freertos/sam/freertos_usart_serial.o
 .ARM.attributes
                0x000001e2       0x33 src/ASF/sam/boards/arduino_due_x/init.o
 .ARM.attributes
                0x00000215       0x33 src/ASF/sam/drivers/pdc/pdc.o
 .ARM.attributes
                0x00000248       0x33 src/ASF/sam/drivers/pio/pio.o
 .ARM.attributes
                0x0000027b       0x33 src/ASF/sam/drivers/pio/pio_handler.o
 .ARM.attributes
                0x000002ae       0x33 src/ASF/sam/drivers/pmc/pmc.o
 .ARM.attributes
                0x000002e1       0x33 src/ASF/sam/drivers/uart/uart.o
 .ARM.attributes
                0x00000314       0x33 src/ASF/sam/drivers/usart/usart.o
 .ARM.attributes
                0x00000347       0x33 src/ASF/sam/utils/cmsis/sam3x/source/templates/exceptions.o
 .ARM.attributes
                0x0000037a       0x33 src/ASF/sam/utils/cmsis/sam3x/source/templates/gcc/startup_sam3x.o
 .ARM.attributes
                0x000003ad       0x33 src/ASF/sam/utils/cmsis/sam3x/source/templates/system_sam3x.o
 .ARM.attributes
                0x000003e0       0x33 src/ASF/thirdparty/freertos/freertos-7.3.0/source/list.o
 .ARM.attributes
                0x00000413       0x33 src/ASF/thirdparty/freertos/freertos-7.3.0/source/portable/gcc/sam/port.o
 .ARM.attributes
                0x00000446       0x33 src/ASF/thirdparty/freertos/freertos-7.3.0/source/portable/memmang/heap_4.o
 .ARM.attributes
                0x00000479       0x33 src/ASF/thirdparty/freertos/freertos-7.3.0/source/queue.o
 .ARM.attributes
                0x000004ac       0x33 src/ASF/thirdparty/freertos/freertos-7.3.0/source/tasks.o
 .ARM.attributes
                0x000004df       0x33 src/ASF/thirdparty/freertos/freertos-7.3.0/source/timers.o
 .ARM.attributes
                0x00000512       0x33 src/main.o
 .ARM.attributes
                0x00000545       0x2d c:/program files (x86)/atmel/atmel toolchain/arm gcc/native/4.8.1443/arm-gnu-toolchain/bin/../lib/gcc/arm-none-eabi/4.8.4/../../../../arm-none-eabi/lib/armv7-m\libc.a(lib_a-impure.o)
 .ARM.attributes
                0x00000572       0x2d c:/program files (x86)/atmel/atmel toolchain/arm gcc/native/4.8.1443/arm-gnu-toolchain/bin/../lib/gcc/arm-none-eabi/4.8.4/../../../../arm-none-eabi/lib/armv7-m\libc.a(lib_a-init.o)
 .ARM.attributes
                0x0000059f       0x1b c:/program files (x86)/atmel/atmel toolchain/arm gcc/native/4.8.1443/arm-gnu-toolchain/bin/../lib/gcc/arm-none-eabi/4.8.4/../../../../arm-none-eabi/lib/armv7-m\libc.a(lib_a-memcpy.o)
 .ARM.attributes
                0x000005ba       0x2d c:/program files (x86)/atmel/atmel toolchain/arm gcc/native/4.8.1443/arm-gnu-toolchain/bin/../lib/gcc/arm-none-eabi/4.8.4/../../../../arm-none-eabi/lib/armv7-m\libc.a(lib_a-memset.o)
 .ARM.attributes
                0x000005e7       0x2d c:/program files (x86)/atmel/atmel toolchain/arm gcc/native/4.8.1443/arm-gnu-toolchain/bin/../lib/gcc/arm-none-eabi/4.8.4/../../../../arm-none-eabi/lib/armv7-m\libc.a(lib_a-strncpy.o)
 .ARM.attributes
                0x00000614       0x2d c:/program files (x86)/atmel/atmel toolchain/arm gcc/native/4.8.1443/arm-gnu-toolchain/bin/../lib/gcc/arm-none-eabi/4.8.4/../../../../arm-none-eabi/lib/armv7-m\libc.a(lib_a-__call_atexit.o)
 .ARM.attributes
                0x00000641       0x2d c:/program files (x86)/atmel/atmel toolchain/arm gcc/native/4.8.1443/arm-gnu-toolchain/bin/../lib/gcc/arm-none-eabi/4.8.4/../../../../arm-none-eabi/lib/armv7-m\libc.a(lib_a-atexit.o)
 .ARM.attributes
                0x0000066e       0x2d c:/program files (x86)/atmel/atmel toolchain/arm gcc/native/4.8.1443/arm-gnu-toolchain/bin/../lib/gcc/arm-none-eabi/4.8.4/../../../../arm-none-eabi/lib/armv7-m\libc.a(lib_a-fini.o)
 .ARM.attributes
                0x0000069b       0x2d c:/program files (x86)/atmel/atmel toolchain/arm gcc/native/4.8.1443/arm-gnu-toolchain/bin/../lib/gcc/arm-none-eabi/4.8.4/../../../../arm-none-eabi/lib/armv7-m\libc.a(lib_a-__atexit.o)
 .ARM.attributes
                0x000006c8       0x1d c:/program files (x86)/atmel/atmel toolchain/arm gcc/native/4.8.1443/arm-gnu-toolchain/bin/../lib/gcc/arm-none-eabi/4.8.4/armv7-m/crtn.o

.comment        0x00000000       0x5b
 .comment       0x00000000       0x5b src/ASF/common/services/freertos/sam/freertos_uart_serial.o
                                 0x5c (size before relaxing)
 .comment       0x00000000       0x5c src/dummyTask1.o
 .comment       0x00000000       0x5c src/dummyTask2.o
 .comment       0x00000000       0x5c src/task1.o
 .comment       0x00000000       0x5c src/usb_print.o
 .comment       0x00000000       0x5c src/ASF/common/services/clock/sam3x/sysclk.o
 .comment       0x00000000       0x5c src/ASF/common/services/freertos/sam/freertos_peripheral_control.o
 .comment       0x00000000       0x5c src/ASF/common/services/freertos/sam/freertos_usart_serial.o
 .comment       0x00000000       0x5c src/ASF/sam/boards/arduino_due_x/init.o
 .comment       0x00000000       0x5c src/ASF/sam/drivers/pdc/pdc.o
 .comment       0x00000000       0x5c src/ASF/sam/drivers/pio/pio.o
 .comment       0x00000000       0x5c src/ASF/sam/drivers/pio/pio_handler.o
 .comment       0x00000000       0x5c src/ASF/sam/drivers/pmc/pmc.o
 .comment       0x00000000       0x5c src/ASF/sam/drivers/uart/uart.o
 .comment       0x00000000       0x5c src/ASF/sam/drivers/usart/usart.o
 .comment       0x00000000       0x5c src/ASF/sam/utils/cmsis/sam3x/source/templates/exceptions.o
 .comment       0x00000000       0x5c src/ASF/sam/utils/cmsis/sam3x/source/templates/gcc/startup_sam3x.o
 .comment       0x00000000       0x5c src/ASF/sam/utils/cmsis/sam3x/source/templates/system_sam3x.o
 .comment       0x00000000       0x5c src/ASF/thirdparty/freertos/freertos-7.3.0/source/list.o
 .comment       0x00000000       0x5c src/ASF/thirdparty/freertos/freertos-7.3.0/source/portable/gcc/sam/port.o
 .comment       0x00000000       0x5c src/ASF/thirdparty/freertos/freertos-7.3.0/source/portable/memmang/heap_4.o
 .comment       0x00000000       0x5c src/ASF/thirdparty/freertos/freertos-7.3.0/source/queue.o
 .comment       0x00000000       0x5c src/ASF/thirdparty/freertos/freertos-7.3.0/source/tasks.o
 .comment       0x00000000       0x5c src/ASF/thirdparty/freertos/freertos-7.3.0/source/timers.o
 .comment       0x00000000       0x5c src/main.o

.debug_info     0x00000000     0xf212
 .debug_info    0x00000000      0xfa7 src/ASF/common/services/freertos/sam/freertos_uart_serial.o
 .debug_info    0x00000fa7      0x17d src/dummyTask1.o
 .debug_info    0x00001124      0x17d src/dummyTask2.o
 .debug_info    0x000012a1      0x26c src/task1.o
 .debug_info    0x0000150d      0x47c src/usb_print.o
 .debug_info    0x00001989      0x796 src/ASF/common/services/clock/sam3x/sysclk.o
 .debug_info    0x0000211f      0xe86 src/ASF/common/services/freertos/sam/freertos_peripheral_control.o
 .debug_info    0x00002fa5     0x11d4 src/ASF/common/services/freertos/sam/freertos_usart_serial.o
 .debug_info    0x00004179      0x8db src/ASF/sam/boards/arduino_due_x/init.o
 .debug_info    0x00004a54      0x4d1 src/ASF/sam/drivers/pdc/pdc.o
 .debug_info    0x00004f25     0x1385 src/ASF/sam/drivers/pio/pio.o
 .debug_info    0x000062aa      0xe52 src/ASF/sam/drivers/pio/pio_handler.o
 .debug_info    0x000070fc     0x1080 src/ASF/sam/drivers/pmc/pmc.o
 .debug_info    0x0000817c      0x889 src/ASF/sam/drivers/uart/uart.o
 .debug_info    0x00008a05     0x1bfa src/ASF/sam/drivers/usart/usart.o
 .debug_info    0x0000a5ff      0x124 src/ASF/sam/utils/cmsis/sam3x/source/templates/exceptions.o
 .debug_info    0x0000a723      0x3bd src/ASF/sam/utils/cmsis/sam3x/source/templates/gcc/startup_sam3x.o
 .debug_info    0x0000aae0      0x4c6 src/ASF/sam/utils/cmsis/sam3x/source/templates/system_sam3x.o
 .debug_info    0x0000afa6      0x2b7 src/ASF/thirdparty/freertos/freertos-7.3.0/source/list.o
 .debug_info    0x0000b25d      0x3a1 src/ASF/thirdparty/freertos/freertos-7.3.0/source/portable/gcc/sam/port.o
 .debug_info    0x0000b5fe      0x38d src/ASF/thirdparty/freertos/freertos-7.3.0/source/portable/memmang/heap_4.o
 .debug_info    0x0000b98b      0xf9e src/ASF/thirdparty/freertos/freertos-7.3.0/source/queue.o
 .debug_info    0x0000c929     0x178d src/ASF/thirdparty/freertos/freertos-7.3.0/source/tasks.o
 .debug_info    0x0000e0b6      0xb44 src/ASF/thirdparty/freertos/freertos-7.3.0/source/timers.o
 .debug_info    0x0000ebfa      0x618 src/main.o

.debug_abbrev   0x00000000     0x2e56
 .debug_abbrev  0x00000000      0x27b src/ASF/common/services/freertos/sam/freertos_uart_serial.o
 .debug_abbrev  0x0000027b       0xd8 src/dummyTask1.o
 .debug_abbrev  0x00000353       0xd8 src/dummyTask2.o
 .debug_abbrev  0x0000042b      0x11a src/task1.o
 .debug_abbrev  0x00000545      0x166 src/usb_print.o
 .debug_abbrev  0x000006ab      0x227 src/ASF/common/services/clock/sam3x/sysclk.o
 .debug_abbrev  0x000008d2      0x2cc src/ASF/common/services/freertos/sam/freertos_peripheral_control.o
 .debug_abbrev  0x00000b9e      0x25f src/ASF/common/services/freertos/sam/freertos_usart_serial.o
 .debug_abbrev  0x00000dfd      0x1c4 src/ASF/sam/boards/arduino_due_x/init.o
 .debug_abbrev  0x00000fc1      0x13b src/ASF/sam/drivers/pdc/pdc.o
 .debug_abbrev  0x000010fc      0x2d5 src/ASF/sam/drivers/pio/pio.o
 .debug_abbrev  0x000013d1      0x257 src/ASF/sam/drivers/pio/pio_handler.o
 .debug_abbrev  0x00001628      0x268 src/ASF/sam/drivers/pmc/pmc.o
 .debug_abbrev  0x00001890      0x1bd src/ASF/sam/drivers/uart/uart.o
 .debug_abbrev  0x00001a4d      0x2dc src/ASF/sam/drivers/usart/usart.o
 .debug_abbrev  0x00001d29       0x8c src/ASF/sam/utils/cmsis/sam3x/source/templates/exceptions.o
 .debug_abbrev  0x00001db5      0x118 src/ASF/sam/utils/cmsis/sam3x/source/templates/gcc/startup_sam3x.o
 .debug_abbrev  0x00001ecd      0x115 src/ASF/sam/utils/cmsis/sam3x/source/templates/system_sam3x.o
 .debug_abbrev  0x00001fe2       0xfb src/ASF/thirdparty/freertos/freertos-7.3.0/source/list.o
 .debug_abbrev  0x000020dd      0x22c src/ASF/thirdparty/freertos/freertos-7.3.0/source/portable/gcc/sam/port.o
 .debug_abbrev  0x00002309      0x220 src/ASF/thirdparty/freertos/freertos-7.3.0/source/portable/memmang/heap_4.o
 .debug_abbrev  0x00002529      0x288 src/ASF/thirdparty/freertos/freertos-7.3.0/source/queue.o
 .debug_abbrev  0x000027b1      0x2e0 src/ASF/thirdparty/freertos/freertos-7.3.0/source/tasks.o
 .debug_abbrev  0x00002a91      0x261 src/ASF/thirdparty/freertos/freertos-7.3.0/source/timers.o
 .debug_abbrev  0x00002cf2      0x164 src/main.o

.debug_loc      0x00000000     0x8415
 .debug_loc     0x00000000      0x700 src/ASF/common/services/freertos/sam/freertos_uart_serial.o
 .debug_loc     0x00000700       0x4d src/dummyTask1.o
 .debug_loc     0x0000074d       0x4d src/dummyTask2.o
 .debug_loc     0x0000079a       0x58 src/task1.o
 .debug_loc     0x000007f2       0xa4 src/usb_print.o
 .debug_loc     0x00000896      0x12d src/ASF/common/services/clock/sam3x/sysclk.o
 .debug_loc     0x000009c3      0x911 src/ASF/common/services/freertos/sam/freertos_peripheral_control.o
 .debug_loc     0x000012d4      0x7e0 src/ASF/common/services/freertos/sam/freertos_usart_serial.o
 .debug_loc     0x00001ab4       0x20 src/ASF/sam/boards/arduino_due_x/init.o
 .debug_loc     0x00001ad4      0x1c3 src/ASF/sam/drivers/pdc/pdc.o
 .debug_loc     0x00001c97      0xa83 src/ASF/sam/drivers/pio/pio.o
 .debug_loc     0x0000271a      0x53d src/ASF/sam/drivers/pio/pio_handler.o
 .debug_loc     0x00002c57      0xc95 src/ASF/sam/drivers/pmc/pmc.o
 .debug_loc     0x000038ec      0x236 src/ASF/sam/drivers/uart/uart.o
 .debug_loc     0x00003b22     0x128d src/ASF/sam/drivers/usart/usart.o
 .debug_loc     0x00004daf       0x7e src/ASF/sam/utils/cmsis/sam3x/source/templates/gcc/startup_sam3x.o
 .debug_loc     0x00004e2d       0x85 src/ASF/thirdparty/freertos/freertos-7.3.0/source/list.o
 .debug_loc     0x00004eb2      0x100 src/ASF/thirdparty/freertos/freertos-7.3.0/source/portable/gcc/sam/port.o
 .debug_loc     0x00004fb2      0x371 src/ASF/thirdparty/freertos/freertos-7.3.0/source/portable/memmang/heap_4.o
 .debug_loc     0x00005323     0x1190 src/ASF/thirdparty/freertos/freertos-7.3.0/source/queue.o
 .debug_loc     0x000064b3     0x1578 src/ASF/thirdparty/freertos/freertos-7.3.0/source/tasks.o
 .debug_loc     0x00007a2b      0x9be src/ASF/thirdparty/freertos/freertos-7.3.0/source/timers.o
 .debug_loc     0x000083e9       0x2c src/main.o

.debug_aranges  0x00000000      0xd88
 .debug_aranges
                0x00000000       0x40 src/ASF/common/services/freertos/sam/freertos_uart_serial.o
 .debug_aranges
                0x00000040       0x20 src/dummyTask1.o
 .debug_aranges
                0x00000060       0x20 src/dummyTask2.o
 .debug_aranges
                0x00000080       0x20 src/task1.o
 .debug_aranges
                0x000000a0       0x28 src/usb_print.o
 .debug_aranges
                0x000000c8       0x40 src/ASF/common/services/clock/sam3x/sysclk.o
 .debug_aranges
                0x00000108       0x58 src/ASF/common/services/freertos/sam/freertos_peripheral_control.o
 .debug_aranges
                0x00000160       0x60 src/ASF/common/services/freertos/sam/freertos_usart_serial.o
 .debug_aranges
                0x000001c0       0x20 src/ASF/sam/boards/arduino_due_x/init.o
 .debug_aranges
                0x000001e0       0x88 src/ASF/sam/drivers/pdc/pdc.o
 .debug_aranges
                0x00000268      0x148 src/ASF/sam/drivers/pio/pio.o
 .debug_aranges
                0x000003b0       0x58 src/ASF/sam/drivers/pio/pio_handler.o
 .debug_aranges
                0x00000408      0x200 src/ASF/sam/drivers/pmc/pmc.o
 .debug_aranges
                0x00000608       0xe8 src/ASF/sam/drivers/uart/uart.o
 .debug_aranges
                0x000006f0      0x2a8 src/ASF/sam/drivers/usart/usart.o
 .debug_aranges
                0x00000998       0x20 src/ASF/sam/utils/cmsis/sam3x/source/templates/exceptions.o
 .debug_aranges
                0x000009b8       0x20 src/ASF/sam/utils/cmsis/sam3x/source/templates/gcc/startup_sam3x.o
 .debug_aranges
                0x000009d8       0x30 src/ASF/sam/utils/cmsis/sam3x/source/templates/system_sam3x.o
 .debug_aranges
                0x00000a08       0x40 src/ASF/thirdparty/freertos/freertos-7.3.0/source/list.o
 .debug_aranges
                0x00000a48       0x80 src/ASF/thirdparty/freertos/freertos-7.3.0/source/portable/gcc/sam/port.o
 .debug_aranges
                0x00000ac8       0x40 src/ASF/thirdparty/freertos/freertos-7.3.0/source/portable/memmang/heap_4.o
 .debug_aranges
                0x00000b08       0xd0 src/ASF/thirdparty/freertos/freertos-7.3.0/source/queue.o
 .debug_aranges
                0x00000bd8      0x130 src/ASF/thirdparty/freertos/freertos-7.3.0/source/tasks.o
 .debug_aranges
                0x00000d08       0x60 src/ASF/thirdparty/freertos/freertos-7.3.0/source/timers.o
 .debug_aranges
                0x00000d68       0x20 src/main.o

.debug_ranges   0x00000000      0xcb0
 .debug_ranges  0x00000000       0x30 src/ASF/common/services/freertos/sam/freertos_uart_serial.o
 .debug_ranges  0x00000030       0x10 src/dummyTask1.o
 .debug_ranges  0x00000040       0x10 src/dummyTask2.o
 .debug_ranges  0x00000050       0x10 src/task1.o
 .debug_ranges  0x00000060       0x18 src/usb_print.o
 .debug_ranges  0x00000078       0x30 src/ASF/common/services/clock/sam3x/sysclk.o
 .debug_ranges  0x000000a8       0x48 src/ASF/common/services/freertos/sam/freertos_peripheral_control.o
 .debug_ranges  0x000000f0       0x50 src/ASF/common/services/freertos/sam/freertos_usart_serial.o
 .debug_ranges  0x00000140       0x10 src/ASF/sam/boards/arduino_due_x/init.o
 .debug_ranges  0x00000150       0x78 src/ASF/sam/drivers/pdc/pdc.o
 .debug_ranges  0x000001c8      0x138 src/ASF/sam/drivers/pio/pio.o
 .debug_ranges  0x00000300       0x48 src/ASF/sam/drivers/pio/pio_handler.o
 .debug_ranges  0x00000348      0x1f0 src/ASF/sam/drivers/pmc/pmc.o
 .debug_ranges  0x00000538       0xd8 src/ASF/sam/drivers/uart/uart.o
 .debug_ranges  0x00000610      0x298 src/ASF/sam/drivers/usart/usart.o
 .debug_ranges  0x000008a8       0x10 src/ASF/sam/utils/cmsis/sam3x/source/templates/exceptions.o
 .debug_ranges  0x000008b8       0x10 src/ASF/sam/utils/cmsis/sam3x/source/templates/gcc/startup_sam3x.o
 .debug_ranges  0x000008c8       0x20 src/ASF/sam/utils/cmsis/sam3x/source/templates/system_sam3x.o
 .debug_ranges  0x000008e8       0x30 src/ASF/thirdparty/freertos/freertos-7.3.0/source/list.o
 .debug_ranges  0x00000918       0x70 src/ASF/thirdparty/freertos/freertos-7.3.0/source/portable/gcc/sam/port.o
 .debug_ranges  0x00000988       0x30 src/ASF/thirdparty/freertos/freertos-7.3.0/source/portable/memmang/heap_4.o
 .debug_ranges  0x000009b8       0xd8 src/ASF/thirdparty/freertos/freertos-7.3.0/source/queue.o
 .debug_ranges  0x00000a90      0x168 src/ASF/thirdparty/freertos/freertos-7.3.0/source/tasks.o
 .debug_ranges  0x00000bf8       0xa8 src/ASF/thirdparty/freertos/freertos-7.3.0/source/timers.o
 .debug_ranges  0x00000ca0       0x10 src/main.o

.debug_macro    0x00000000    0x1a015
 .debug_macro   0x00000000      0x659 src/ASF/common/services/freertos/sam/freertos_uart_serial.o
 .debug_macro   0x00000659      0x87a src/ASF/common/services/freertos/sam/freertos_uart_serial.o
 .debug_macro   0x00000ed3       0x58 src/ASF/common/services/freertos/sam/freertos_uart_serial.o
 .debug_macro   0x00000f2b       0x16 src/ASF/common/services/freertos/sam/freertos_uart_serial.o
 .debug_macro   0x00000f41       0x35 src/ASF/common/services/freertos/sam/freertos_uart_serial.o
 .debug_macro   0x00000f76       0xa3 src/ASF/common/services/freertos/sam/freertos_uart_serial.o
 .debug_macro   0x00001019      0x166 src/ASF/common/services/freertos/sam/freertos_uart_serial.o
 .debug_macro   0x0000117f       0x4a src/ASF/common/services/freertos/sam/freertos_uart_serial.o
 .debug_macro   0x000011c9       0x52 src/ASF/common/services/freertos/sam/freertos_uart_serial.o
 .debug_macro   0x0000121b       0x16 src/ASF/common/services/freertos/sam/freertos_uart_serial.o
 .debug_macro   0x00001231       0x43 src/ASF/common/services/freertos/sam/freertos_uart_serial.o
 .debug_macro   0x00001274      0x180 src/ASF/common/services/freertos/sam/freertos_uart_serial.o
 .debug_macro   0x000013f4      0x2a6 src/ASF/common/services/freertos/sam/freertos_uart_serial.o
 .debug_macro   0x0000169a       0x10 src/ASF/common/services/freertos/sam/freertos_uart_serial.o
 .debug_macro   0x000016aa       0x35 src/ASF/common/services/freertos/sam/freertos_uart_serial.o
 .debug_macro   0x000016df       0x1f src/ASF/common/services/freertos/sam/freertos_uart_serial.o
 .debug_macro   0x000016fe      0x4d1 src/ASF/common/services/freertos/sam/freertos_uart_serial.o
 .debug_macro   0x00001bcf       0x76 src/ASF/common/services/freertos/sam/freertos_uart_serial.o
 .debug_macro   0x00001c45       0x16 src/ASF/common/services/freertos/sam/freertos_uart_serial.o
 .debug_macro   0x00001c5b      0x6e4 src/ASF/common/services/freertos/sam/freertos_uart_serial.o
 .debug_macro   0x0000233f      0x20f src/ASF/common/services/freertos/sam/freertos_uart_serial.o
 .debug_macro   0x0000254e       0x20 src/ASF/common/services/freertos/sam/freertos_uart_serial.o
 .debug_macro   0x0000256e       0x3a src/ASF/common/services/freertos/sam/freertos_uart_serial.o
 .debug_macro   0x000025a8       0x18 src/ASF/common/services/freertos/sam/freertos_uart_serial.o
 .debug_macro   0x000025c0      0xb09 src/ASF/common/services/freertos/sam/freertos_uart_serial.o
 .debug_macro   0x000030c9      0xab6 src/ASF/common/services/freertos/sam/freertos_uart_serial.o
 .debug_macro   0x00003b7f      0x569 src/ASF/common/services/freertos/sam/freertos_uart_serial.o
 .debug_macro   0x000040e8      0x2b5 src/ASF/common/services/freertos/sam/freertos_uart_serial.o
 .debug_macro   0x0000439d      0x31a src/ASF/common/services/freertos/sam/freertos_uart_serial.o
 .debug_macro   0x000046b7      0x74f src/ASF/common/services/freertos/sam/freertos_uart_serial.o
 .debug_macro   0x00004e06       0x82 src/ASF/common/services/freertos/sam/freertos_uart_serial.o
 .debug_macro   0x00004e88      0x57b src/ASF/common/services/freertos/sam/freertos_uart_serial.o
 .debug_macro   0x00005403       0x1c src/ASF/common/services/freertos/sam/freertos_uart_serial.o
 .debug_macro   0x0000541f      0x6b7 src/ASF/common/services/freertos/sam/freertos_uart_serial.o
 .debug_macro   0x00005ad6      0x52d src/ASF/common/services/freertos/sam/freertos_uart_serial.o
 .debug_macro   0x00006003       0xbe src/ASF/common/services/freertos/sam/freertos_uart_serial.o
 .debug_macro   0x000060c1     0x2342 src/ASF/common/services/freertos/sam/freertos_uart_serial.o
 .debug_macro   0x00008403      0x85d src/ASF/common/services/freertos/sam/freertos_uart_serial.o
 .debug_macro   0x00008c60      0xdc9 src/ASF/common/services/freertos/sam/freertos_uart_serial.o
 .debug_macro   0x00009a29       0x7c src/ASF/common/services/freertos/sam/freertos_uart_serial.o
 .debug_macro   0x00009aa5      0x263 src/ASF/common/services/freertos/sam/freertos_uart_serial.o
 .debug_macro   0x00009d08       0x58 src/ASF/common/services/freertos/sam/freertos_uart_serial.o
 .debug_macro   0x00009d60      0x9a7 src/ASF/common/services/freertos/sam/freertos_uart_serial.o
 .debug_macro   0x0000a707      0x248 src/ASF/common/services/freertos/sam/freertos_uart_serial.o
 .debug_macro   0x0000a94f      0x4df src/ASF/common/services/freertos/sam/freertos_uart_serial.o
 .debug_macro   0x0000ae2e      0x6b3 src/ASF/common/services/freertos/sam/freertos_uart_serial.o
 .debug_macro   0x0000b4e1      0x59f src/ASF/common/services/freertos/sam/freertos_uart_serial.o
 .debug_macro   0x0000ba80       0x46 src/ASF/common/services/freertos/sam/freertos_uart_serial.o
 .debug_macro   0x0000bac6      0x34d src/ASF/common/services/freertos/sam/freertos_uart_serial.o
 .debug_macro   0x0000be13      0x28c src/ASF/common/services/freertos/sam/freertos_uart_serial.o
 .debug_macro   0x0000c09f     0x14d7 src/ASF/common/services/freertos/sam/freertos_uart_serial.o
 .debug_macro   0x0000d576      0x7ba src/ASF/common/services/freertos/sam/freertos_uart_serial.o
 .debug_macro   0x0000dd30       0x76 src/ASF/common/services/freertos/sam/freertos_uart_serial.o
 .debug_macro   0x0000dda6       0x82 src/ASF/common/services/freertos/sam/freertos_uart_serial.o
 .debug_macro   0x0000de28       0x76 src/ASF/common/services/freertos/sam/freertos_uart_serial.o
 .debug_macro   0x0000de9e       0x4c src/ASF/common/services/freertos/sam/freertos_uart_serial.o
 .debug_macro   0x0000deea      0x105 src/ASF/common/services/freertos/sam/freertos_uart_serial.o
 .debug_macro   0x0000dfef      0x105 src/ASF/common/services/freertos/sam/freertos_uart_serial.o
 .debug_macro   0x0000e0f4      0x105 src/ASF/common/services/freertos/sam/freertos_uart_serial.o
 .debug_macro   0x0000e1f9       0x88 src/ASF/common/services/freertos/sam/freertos_uart_serial.o
 .debug_macro   0x0000e281       0x88 src/ASF/common/services/freertos/sam/freertos_uart_serial.o
 .debug_macro   0x0000e309      0x3b4 src/ASF/common/services/freertos/sam/freertos_uart_serial.o
 .debug_macro   0x0000e6bd       0xb8 src/ASF/common/services/freertos/sam/freertos_uart_serial.o
 .debug_macro   0x0000e775       0xb8 src/ASF/common/services/freertos/sam/freertos_uart_serial.o
 .debug_macro   0x0000e82d       0xb8 src/ASF/common/services/freertos/sam/freertos_uart_serial.o
 .debug_macro   0x0000e8e5       0xb8 src/ASF/common/services/freertos/sam/freertos_uart_serial.o
 .debug_macro   0x0000e99d      0x2b8 src/ASF/common/services/freertos/sam/freertos_uart_serial.o
 .debug_macro   0x0000ec55      0x125 src/ASF/common/services/freertos/sam/freertos_uart_serial.o
 .debug_macro   0x0000ed7a      0x225 src/ASF/common/services/freertos/sam/freertos_uart_serial.o
 .debug_macro   0x0000ef9f      0x225 src/ASF/common/services/freertos/sam/freertos_uart_serial.o
 .debug_macro   0x0000f1c4       0x2e src/ASF/common/services/freertos/sam/freertos_uart_serial.o
 .debug_macro   0x0000f1f2       0xac src/ASF/common/services/freertos/sam/freertos_uart_serial.o
 .debug_macro   0x0000f29e      0x14d src/ASF/common/services/freertos/sam/freertos_uart_serial.o
 .debug_macro   0x0000f3eb       0x7c src/ASF/common/services/freertos/sam/freertos_uart_serial.o
 .debug_macro   0x0000f467      0x205 src/ASF/common/services/freertos/sam/freertos_uart_serial.o
 .debug_macro   0x0000f66c       0x64 src/ASF/common/services/freertos/sam/freertos_uart_serial.o
 .debug_macro   0x0000f6d0       0xa6 src/ASF/common/services/freertos/sam/freertos_uart_serial.o
 .debug_macro   0x0000f776       0x7c src/ASF/common/services/freertos/sam/freertos_uart_serial.o
 .debug_macro   0x0000f7f2       0x16 src/ASF/common/services/freertos/sam/freertos_uart_serial.o
 .debug_macro   0x0000f808       0x22 src/ASF/common/services/freertos/sam/freertos_uart_serial.o
 .debug_macro   0x0000f82a       0x22 src/ASF/common/services/freertos/sam/freertos_uart_serial.o
 .debug_macro   0x0000f84c      0x115 src/ASF/common/services/freertos/sam/freertos_uart_serial.o
 .debug_macro   0x0000f961      0x115 src/ASF/common/services/freertos/sam/freertos_uart_serial.o
 .debug_macro   0x0000fa76      0x115 src/ASF/common/services/freertos/sam/freertos_uart_serial.o
 .debug_macro   0x0000fb8b      0x115 src/ASF/common/services/freertos/sam/freertos_uart_serial.o
 .debug_macro   0x0000fca0       0x1c src/ASF/common/services/freertos/sam/freertos_uart_serial.o
 .debug_macro   0x0000fcbc       0x2e src/ASF/common/services/freertos/sam/freertos_uart_serial.o
 .debug_macro   0x0000fcea       0x22 src/ASF/common/services/freertos/sam/freertos_uart_serial.o
 .debug_macro   0x0000fd0c       0x1c src/ASF/common/services/freertos/sam/freertos_uart_serial.o
 .debug_macro   0x0000fd28       0x58 src/ASF/common/services/freertos/sam/freertos_uart_serial.o
 .debug_macro   0x0000fd80       0x10 src/ASF/common/services/freertos/sam/freertos_uart_serial.o
 .debug_macro   0x0000fd90      0x273 src/ASF/common/services/freertos/sam/freertos_uart_serial.o
 .debug_macro   0x00010003      0xd43 src/ASF/common/services/freertos/sam/freertos_uart_serial.o
 .debug_macro   0x00010d46      0x131 src/ASF/common/services/freertos/sam/freertos_uart_serial.o
 .debug_macro   0x00010e77       0x1c src/ASF/common/services/freertos/sam/freertos_uart_serial.o
 .debug_macro   0x00010e93       0x10 src/ASF/common/services/freertos/sam/freertos_uart_serial.o
 .debug_macro   0x00010ea3       0x10 src/ASF/common/services/freertos/sam/freertos_uart_serial.o
 .debug_macro   0x00010eb3       0x22 src/ASF/common/services/freertos/sam/freertos_uart_serial.o
 .debug_macro   0x00010ed5       0xbd src/ASF/common/services/freertos/sam/freertos_uart_serial.o
 .debug_macro   0x00010f92       0x16 src/ASF/common/services/freertos/sam/freertos_uart_serial.o
 .debug_macro   0x00010fa8      0x16c src/ASF/common/services/freertos/sam/freertos_uart_serial.o
 .debug_macro   0x00011114       0x22 src/ASF/common/services/freertos/sam/freertos_uart_serial.o
 .debug_macro   0x00011136       0x16 src/ASF/common/services/freertos/sam/freertos_uart_serial.o
 .debug_macro   0x0001114c       0x16 src/ASF/common/services/freertos/sam/freertos_uart_serial.o
 .debug_macro   0x00011162       0x29 src/ASF/common/services/freertos/sam/freertos_uart_serial.o
 .debug_macro   0x0001118b       0x6e src/ASF/common/services/freertos/sam/freertos_uart_serial.o
 .debug_macro   0x000111f9       0x45 src/ASF/common/services/freertos/sam/freertos_uart_serial.o
 .debug_macro   0x0001123e      0x3c3 src/ASF/common/services/freertos/sam/freertos_uart_serial.o
 .debug_macro   0x00011601       0x34 src/ASF/common/services/freertos/sam/freertos_uart_serial.o
 .debug_macro   0x00011635      0x248 src/ASF/common/services/freertos/sam/freertos_uart_serial.o
 .debug_macro   0x0001187d      0x790 src/ASF/common/services/freertos/sam/freertos_uart_serial.o
 .debug_macro   0x0001200d       0x5e src/ASF/common/services/freertos/sam/freertos_uart_serial.o
 .debug_macro   0x0001206b       0x64 src/ASF/common/services/freertos/sam/freertos_uart_serial.o
 .debug_macro   0x000120cf       0x5f src/ASF/common/services/freertos/sam/freertos_uart_serial.o
 .debug_macro   0x0001212e       0x90 src/ASF/common/services/freertos/sam/freertos_uart_serial.o
 .debug_macro   0x000121be       0x1c src/ASF/common/services/freertos/sam/freertos_uart_serial.o
 .debug_macro   0x000121da       0x2e src/ASF/common/services/freertos/sam/freertos_uart_serial.o
 .debug_macro   0x00012208       0x28 src/ASF/common/services/freertos/sam/freertos_uart_serial.o
 .debug_macro   0x00012230       0x46 src/ASF/common/services/freertos/sam/freertos_uart_serial.o
 .debug_macro   0x00012276      0x101 src/ASF/common/services/freertos/sam/freertos_uart_serial.o
 .debug_macro   0x00012377       0x9c src/ASF/common/services/freertos/sam/freertos_uart_serial.o
 .debug_macro   0x00012413       0x12 src/ASF/common/services/freertos/sam/freertos_uart_serial.o
 .debug_macro   0x00012425       0x1f src/ASF/common/services/freertos/sam/freertos_uart_serial.o
 .debug_macro   0x00012444      0x1d9 src/ASF/common/services/freertos/sam/freertos_uart_serial.o
 .debug_macro   0x0001261d       0x5e src/ASF/common/services/freertos/sam/freertos_uart_serial.o
 .debug_macro   0x0001267b       0x57 src/ASF/common/services/freertos/sam/freertos_uart_serial.o
 .debug_macro   0x000126d2       0x96 src/ASF/common/services/freertos/sam/freertos_uart_serial.o
 .debug_macro   0x00012768       0x77 src/ASF/common/services/freertos/sam/freertos_uart_serial.o
 .debug_macro   0x000127df       0x20 src/ASF/common/services/freertos/sam/freertos_uart_serial.o
 .debug_macro   0x000127ff       0x16 src/ASF/common/services/freertos/sam/freertos_uart_serial.o
 .debug_macro   0x00012815      0x6de src/dummyTask1.o
 .debug_macro   0x00012ef3       0x16 src/dummyTask1.o
 .debug_macro   0x00012f09      0x6de src/dummyTask2.o
 .debug_macro   0x000135e7       0x16 src/dummyTask2.o
 .debug_macro   0x000135fd      0x6e9 src/task1.o
 .debug_macro   0x00013ce6       0x16 src/task1.o
 .debug_macro   0x00013cfc      0x6e0 src/usb_print.o
 .debug_macro   0x000143dc      0x527 src/ASF/common/services/clock/sam3x/sysclk.o
 .debug_macro   0x00014903      0x242 src/ASF/common/services/clock/sam3x/sysclk.o
 .debug_macro   0x00014b45      0x577 src/ASF/common/services/freertos/sam/freertos_peripheral_control.o
 .debug_macro   0x000150bc       0xfb src/ASF/common/services/freertos/sam/freertos_peripheral_control.o
 .debug_macro   0x000151b7       0x26 src/ASF/common/services/freertos/sam/freertos_peripheral_control.o
 .debug_macro   0x000151dd      0x65f src/ASF/common/services/freertos/sam/freertos_usart_serial.o
 .debug_macro   0x0001583c      0x566 src/ASF/sam/boards/arduino_due_x/init.o
 .debug_macro   0x00015da2      0x4b1 src/ASF/sam/drivers/pdc/pdc.o
 .debug_macro   0x00016253      0x4c2 src/ASF/sam/drivers/pio/pio.o
 .debug_macro   0x00016715       0x8e src/ASF/sam/drivers/pio/pio.o
 .debug_macro   0x000167a3      0x4c6 src/ASF/sam/drivers/pio/pio_handler.o
 .debug_macro   0x00016c69      0x4bc src/ASF/sam/drivers/pmc/pmc.o
 .debug_macro   0x00017125       0x58 src/ASF/sam/drivers/pmc/pmc.o
 .debug_macro   0x0001717d      0x4b6 src/ASF/sam/drivers/uart/uart.o
 .debug_macro   0x00017633       0x16 src/ASF/sam/drivers/uart/uart.o
 .debug_macro   0x00017649      0x4f2 src/ASF/sam/drivers/usart/usart.o
 .debug_macro   0x00017b3b       0x28 src/ASF/sam/drivers/usart/usart.o
 .debug_macro   0x00017b63      0x4bb src/ASF/sam/utils/cmsis/sam3x/source/templates/exceptions.o
 .debug_macro   0x0001801e      0x4c9 src/ASF/sam/utils/cmsis/sam3x/source/templates/gcc/startup_sam3x.o
 .debug_macro   0x000184e7      0x4c9 src/ASF/sam/utils/cmsis/sam3x/source/templates/system_sam3x.o
 .debug_macro   0x000189b0      0x13f src/ASF/thirdparty/freertos/freertos-7.3.0/source/list.o
 .debug_macro   0x00018aef      0x10e src/ASF/thirdparty/freertos/freertos-7.3.0/source/list.o
 .debug_macro   0x00018bfd       0x7f src/ASF/thirdparty/freertos/freertos-7.3.0/source/list.o
 .debug_macro   0x00018c7c      0x5ed src/ASF/thirdparty/freertos/freertos-7.3.0/source/portable/gcc/sam/port.o
 .debug_macro   0x00019269      0x160 src/ASF/thirdparty/freertos/freertos-7.3.0/source/portable/memmang/heap_4.o
 .debug_macro   0x000193c9      0x1fc src/ASF/thirdparty/freertos/freertos-7.3.0/source/queue.o
 .debug_macro   0x000195c5      0x255 src/ASF/thirdparty/freertos/freertos-7.3.0/source/tasks.o
 .debug_macro   0x0001981a       0xe1 src/ASF/thirdparty/freertos/freertos-7.3.0/source/timers.o
 .debug_macro   0x000198fb      0x71a src/main.o

.debug_line     0x00000000    0x13b3b
 .debug_line    0x00000000     0x103a src/ASF/common/services/freertos/sam/freertos_uart_serial.o
 .debug_line    0x0000103a      0xff7 src/dummyTask1.o
 .debug_line    0x00002031      0xff7 src/dummyTask2.o
 .debug_line    0x00003028     0x1000 src/task1.o
 .debug_line    0x00004028      0xff0 src/usb_print.o
 .debug_line    0x00005018      0xc48 src/ASF/common/services/clock/sam3x/sysclk.o
 .debug_line    0x00005c60      0xe2e src/ASF/common/services/freertos/sam/freertos_peripheral_control.o
 .debug_line    0x00006a8e     0x1094 src/ASF/common/services/freertos/sam/freertos_usart_serial.o
 .debug_line    0x00007b22      0xcf0 src/ASF/sam/boards/arduino_due_x/init.o
 .debug_line    0x00008812      0xbb6 src/ASF/sam/drivers/pdc/pdc.o
 .debug_line    0x000093c8      0xe42 src/ASF/sam/drivers/pio/pio.o
 .debug_line    0x0000a20a      0xb8d src/ASF/sam/drivers/pio/pio_handler.o
 .debug_line    0x0000ad97     0x1045 src/ASF/sam/drivers/pmc/pmc.o
 .debug_line    0x0000bddc      0xc8f src/ASF/sam/drivers/uart/uart.o
 .debug_line    0x0000ca6b     0x11aa src/ASF/sam/drivers/usart/usart.o
 .debug_line    0x0000dc15      0xab5 src/ASF/sam/utils/cmsis/sam3x/source/templates/exceptions.o
 .debug_line    0x0000e6ca      0xb05 src/ASF/sam/utils/cmsis/sam3x/source/templates/gcc/startup_sam3x.o
 .debug_line    0x0000f1cf      0xb22 src/ASF/sam/utils/cmsis/sam3x/source/templates/system_sam3x.o
 .debug_line    0x0000fcf1      0x467 src/ASF/thirdparty/freertos/freertos-7.3.0/source/list.o
 .debug_line    0x00010158      0xdcd src/ASF/thirdparty/freertos/freertos-7.3.0/source/portable/gcc/sam/port.o
 .debug_line    0x00010f25      0x4c2 src/ASF/thirdparty/freertos/freertos-7.3.0/source/portable/memmang/heap_4.o
 .debug_line    0x000113e7      0x80a src/ASF/thirdparty/freertos/freertos-7.3.0/source/queue.o
 .debug_line    0x00011bf1      0xa28 src/ASF/thirdparty/freertos/freertos-7.3.0/source/tasks.o
 .debug_line    0x00012619      0x4ee src/ASF/thirdparty/freertos/freertos-7.3.0/source/timers.o
 .debug_line    0x00012b07     0x1034 src/main.o

.debug_str      0x00000000    0x67138
 .debug_str     0x00000000    0x60f0c src/ASF/common/services/freertos/sam/freertos_uart_serial.o
                              0x612c1 (size before relaxing)
 .debug_str     0x00060f0c     0x1622 src/dummyTask1.o
                              0x60e31 (size before relaxing)
 .debug_str     0x0006252e       0x92 src/dummyTask2.o
                              0x60e31 (size before relaxing)
 .debug_str     0x000625c0       0xa5 src/task1.o
                              0x60e60 (size before relaxing)
 .debug_str     0x00062665       0x74 src/usb_print.o
                              0x61002 (size before relaxing)
 .debug_str     0x000626d9      0x31e src/ASF/common/services/clock/sam3x/sysclk.o
                              0x5c994 (size before relaxing)
 .debug_str     0x000629f7      0x375 src/ASF/common/services/freertos/sam/freertos_peripheral_control.o
                              0x5d4b3 (size before relaxing)
 .debug_str     0x00062d6c      0x2fe src/ASF/common/services/freertos/sam/freertos_usart_serial.o
                              0x61430 (size before relaxing)
 .debug_str     0x0006306a      0x307 src/ASF/sam/boards/arduino_due_x/init.o
                              0x5d21c (size before relaxing)
 .debug_str     0x00063371      0x150 src/ASF/sam/drivers/pdc/pdc.o
                              0x58d88 (size before relaxing)
 .debug_str     0x000634c1      0x432 src/ASF/sam/drivers/pio/pio.o
                              0x59569 (size before relaxing)
 .debug_str     0x000638f3      0x145 src/ASF/sam/drivers/pio/pio_handler.o
                              0x595b1 (size before relaxing)
 .debug_str     0x00063a38      0x691 src/ASF/sam/drivers/pmc/pmc.o
                              0x595df (size before relaxing)
 .debug_str     0x000640c9      0x207 src/ASF/sam/drivers/uart/uart.o
                              0x58f8a (size before relaxing)
 .debug_str     0x000642d0      0x9d4 src/ASF/sam/drivers/usart/usart.o
                              0x5983b (size before relaxing)
 .debug_str     0x00064ca4       0x4d src/ASF/sam/utils/cmsis/sam3x/source/templates/exceptions.o
                              0x58bde (size before relaxing)
 .debug_str     0x00064cf1       0xb2 src/ASF/sam/utils/cmsis/sam3x/source/templates/gcc/startup_sam3x.o
                              0x58cb3 (size before relaxing)
 .debug_str     0x00064da3      0x1cd src/ASF/sam/utils/cmsis/sam3x/source/templates/system_sam3x.o
                              0x58ec6 (size before relaxing)
 .debug_str     0x00064f70      0x153 src/ASF/thirdparty/freertos/freertos-7.3.0/source/list.o
                               0x61b9 (size before relaxing)
 .debug_str     0x000650c3      0x539 src/ASF/thirdparty/freertos/freertos-7.3.0/source/portable/gcc/sam/port.o
                              0x5e97f (size before relaxing)
 .debug_str     0x000655fc      0x240 src/ASF/thirdparty/freertos/freertos-7.3.0/source/portable/memmang/heap_4.o
                               0x65cd (size before relaxing)
 .debug_str     0x0006583c      0x6d4 src/ASF/thirdparty/freertos/freertos-7.3.0/source/queue.o
                               0x7c0f (size before relaxing)
 .debug_str     0x00065f10      0xe37 src/ASF/thirdparty/freertos/freertos-7.3.0/source/tasks.o
                               0x93a9 (size before relaxing)
 .debug_str     0x00066d47      0x383 src/ASF/thirdparty/freertos/freertos-7.3.0/source/timers.o
                               0x626f (size before relaxing)
 .debug_str     0x000670ca       0x6e src/main.o
                              0x611d3 (size before relaxing)

.debug_frame    0x00000000     0x1f70
 .debug_frame   0x00000000       0xbc src/ASF/common/services/freertos/sam/freertos_uart_serial.o
 .debug_frame   0x000000bc       0x30 src/dummyTask1.o
 .debug_frame   0x000000ec       0x30 src/dummyTask2.o
 .debug_frame   0x0000011c       0x30 src/task1.o
 .debug_frame   0x0000014c       0x44 src/usb_print.o
 .debug_frame   0x00000190       0x88 src/ASF/common/services/clock/sam3x/sysclk.o
 .debug_frame   0x00000218       0xe4 src/ASF/common/services/freertos/sam/freertos_peripheral_control.o
 .debug_frame   0x000002fc      0x124 src/ASF/common/services/freertos/sam/freertos_usart_serial.o
 .debug_frame   0x00000420       0x28 src/ASF/sam/boards/arduino_due_x/init.o
 .debug_frame   0x00000448       0xf0 src/ASF/sam/drivers/pdc/pdc.o
 .debug_frame   0x00000538      0x2a8 src/ASF/sam/drivers/pio/pio.o
 .debug_frame   0x000007e0       0xf8 src/ASF/sam/drivers/pio/pio_handler.o
 .debug_frame   0x000008d8      0x410 src/ASF/sam/drivers/pmc/pmc.o
 .debug_frame   0x00000ce8      0x1b8 src/ASF/sam/drivers/uart/uart.o
 .debug_frame   0x00000ea0      0x5c8 src/ASF/sam/drivers/usart/usart.o
 .debug_frame   0x00001468       0x20 src/ASF/sam/utils/cmsis/sam3x/source/templates/exceptions.o
 .debug_frame   0x00001488       0x28 src/ASF/sam/utils/cmsis/sam3x/source/templates/gcc/startup_sam3x.o
 .debug_frame   0x000014b0       0x40 src/ASF/sam/utils/cmsis/sam3x/source/templates/system_sam3x.o
 .debug_frame   0x000014f0       0x68 src/ASF/thirdparty/freertos/freertos-7.3.0/source/list.o
 .debug_frame   0x00001558      0x100 src/ASF/thirdparty/freertos/freertos-7.3.0/source/portable/gcc/sam/port.o
 .debug_frame   0x00001658       0x7c src/ASF/thirdparty/freertos/freertos-7.3.0/source/portable/memmang/heap_4.o
 .debug_frame   0x000016d4      0x27c src/ASF/thirdparty/freertos/freertos-7.3.0/source/queue.o
 .debug_frame   0x00001950      0x398 src/ASF/thirdparty/freertos/freertos-7.3.0/source/tasks.o
 .debug_frame   0x00001ce8      0x110 src/ASF/thirdparty/freertos/freertos-7.3.0/source/timers.o
 .debug_frame   0x00001df8       0x30 src/main.o
 .debug_frame   0x00001e28       0x2c c:/program files (x86)/atmel/atmel toolchain/arm gcc/native/4.8.1443/arm-gnu-toolchain/bin/../lib/gcc/arm-none-eabi/4.8.4/../../../../arm-none-eabi/lib/armv7-m\libc.a(lib_a-init.o)
 .debug_frame   0x00001e54       0x2c c:/program files (x86)/atmel/atmel toolchain/arm gcc/native/4.8.1443/arm-gnu-toolchain/bin/../lib/gcc/arm-none-eabi/4.8.4/../../../../arm-none-eabi/lib/armv7-m\libc.a(lib_a-memset.o)
 .debug_frame   0x00001e80       0x2c c:/program files (x86)/atmel/atmel toolchain/arm gcc/native/4.8.1443/arm-gnu-toolchain/bin/../lib/gcc/arm-none-eabi/4.8.4/../../../../arm-none-eabi/lib/armv7-m\libc.a(lib_a-strncpy.o)
 .debug_frame   0x00001eac       0x48 c:/program files (x86)/atmel/atmel toolchain/arm gcc/native/4.8.1443/arm-gnu-toolchain/bin/../lib/gcc/arm-none-eabi/4.8.4/../../../../arm-none-eabi/lib/armv7-m\libc.a(lib_a-__call_atexit.o)
 .debug_frame   0x00001ef4       0x20 c:/program files (x86)/atmel/atmel toolchain/arm gcc/native/4.8.1443/arm-gnu-toolchain/bin/../lib/gcc/arm-none-eabi/4.8.4/../../../../arm-none-eabi/lib/armv7-m\libc.a(lib_a-atexit.o)
 .debug_frame   0x00001f14       0x2c c:/program files (x86)/atmel/atmel toolchain/arm gcc/native/4.8.1443/arm-gnu-toolchain/bin/../lib/gcc/arm-none-eabi/4.8.4/../../../../arm-none-eabi/lib/armv7-m\libc.a(lib_a-fini.o)
 .debug_frame   0x00001f40       0x30 c:/program files (x86)/atmel/atmel toolchain/arm gcc/native/4.8.1443/arm-gnu-toolchain/bin/../lib/gcc/arm-none-eabi/4.8.4/../../../../arm-none-eabi/lib/armv7-m\libc.a(lib_a-__atexit.o)

Cross Reference Table

Symbol                                            File
ADC_Handler                                       src/ASF/sam/utils/cmsis/sam3x/source/templates/exceptions.o
                                                  src/ASF/sam/utils/cmsis/sam3x/source/templates/gcc/startup_sam3x.o
BusFault_Handler                                  src/ASF/sam/utils/cmsis/sam3x/source/templates/exceptions.o
                                                  src/ASF/sam/utils/cmsis/sam3x/source/templates/gcc/startup_sam3x.o
CAN0_Handler                                      src/ASF/sam/utils/cmsis/sam3x/source/templates/exceptions.o
                                                  src/ASF/sam/utils/cmsis/sam3x/source/templates/gcc/startup_sam3x.o
CAN1_Handler                                      src/ASF/sam/utils/cmsis/sam3x/source/templates/exceptions.o
                                                  src/ASF/sam/utils/cmsis/sam3x/source/templates/gcc/startup_sam3x.o
DACC_Handler                                      src/ASF/sam/utils/cmsis/sam3x/source/templates/exceptions.o
                                                  src/ASF/sam/utils/cmsis/sam3x/source/templates/gcc/startup_sam3x.o
DMAC_Handler                                      src/ASF/sam/utils/cmsis/sam3x/source/templates/exceptions.o
                                                  src/ASF/sam/utils/cmsis/sam3x/source/templates/gcc/startup_sam3x.o
DebugMon_Handler                                  src/ASF/sam/utils/cmsis/sam3x/source/templates/exceptions.o
                                                  src/ASF/sam/utils/cmsis/sam3x/source/templates/gcc/startup_sam3x.o
Dummy_Handler                                     src/ASF/sam/utils/cmsis/sam3x/source/templates/exceptions.o
EFC0_Handler                                      src/ASF/sam/utils/cmsis/sam3x/source/templates/exceptions.o
                                                  src/ASF/sam/utils/cmsis/sam3x/source/templates/gcc/startup_sam3x.o
EFC1_Handler                                      src/ASF/sam/utils/cmsis/sam3x/source/templates/exceptions.o
                                                  src/ASF/sam/utils/cmsis/sam3x/source/templates/gcc/startup_sam3x.o
EMAC_Handler                                      src/ASF/sam/utils/cmsis/sam3x/source/templates/exceptions.o
                                                  src/ASF/sam/utils/cmsis/sam3x/source/templates/gcc/startup_sam3x.o
FreeRTOS_CLIGetOutputBuffer                       src/ASF/thirdparty/freertos/freertos-7.3.0/source/FreeRTOS_CLI.o
FreeRTOS_CLIGetParameter                          src/ASF/thirdparty/freertos/freertos-7.3.0/source/FreeRTOS_CLI.o
FreeRTOS_CLIProcessCommand                        src/ASF/thirdparty/freertos/freertos-7.3.0/source/FreeRTOS_CLI.o
FreeRTOS_CLIRegisterCommand                       src/ASF/thirdparty/freertos/freertos-7.3.0/source/FreeRTOS_CLI.o
HSMCI_Handler                                     src/ASF/sam/utils/cmsis/sam3x/source/templates/exceptions.o
                                                  src/ASF/sam/utils/cmsis/sam3x/source/templates/gcc/startup_sam3x.o
HardFault_Handler                                 src/ASF/sam/utils/cmsis/sam3x/source/templates/exceptions.o
                                                  src/ASF/sam/utils/cmsis/sam3x/source/templates/gcc/startup_sam3x.o
MemManage_Handler                                 src/ASF/sam/utils/cmsis/sam3x/source/templates/exceptions.o
                                                  src/ASF/sam/utils/cmsis/sam3x/source/templates/gcc/startup_sam3x.o
NMI_Handler                                       src/ASF/sam/utils/cmsis/sam3x/source/templates/exceptions.o
                                                  src/ASF/sam/utils/cmsis/sam3x/source/templates/gcc/startup_sam3x.o
PIOA_Handler                                      src/ASF/sam/drivers/pio/pio_handler.o
                                                  src/ASF/sam/utils/cmsis/sam3x/source/templates/gcc/startup_sam3x.o
PIOB_Handler                                      src/ASF/sam/drivers/pio/pio_handler.o
                                                  src/ASF/sam/utils/cmsis/sam3x/source/templates/gcc/startup_sam3x.o
PIOC_Handler                                      src/ASF/sam/drivers/pio/pio_handler.o
                                                  src/ASF/sam/utils/cmsis/sam3x/source/templates/gcc/startup_sam3x.o
PIOD_Handler                                      src/ASF/sam/drivers/pio/pio_handler.o
                                                  src/ASF/sam/utils/cmsis/sam3x/source/templates/gcc/startup_sam3x.o
PMC_Handler                                       src/ASF/sam/utils/cmsis/sam3x/source/templates/exceptions.o
                                                  src/ASF/sam/utils/cmsis/sam3x/source/templates/gcc/startup_sam3x.o
PWM_Handler                                       src/ASF/sam/utils/cmsis/sam3x/source/templates/exceptions.o
                                                  src/ASF/sam/utils/cmsis/sam3x/source/templates/gcc/startup_sam3x.o
PendSV_Handler                                    src/ASF/thirdparty/freertos/freertos-7.3.0/source/portable/gcc/sam/port.o
                                                  src/ASF/sam/utils/cmsis/sam3x/source/templates/exceptions.o
                                                  src/ASF/sam/utils/cmsis/sam3x/source/templates/gcc/startup_sam3x.o
RSTC_Handler                                      src/ASF/sam/utils/cmsis/sam3x/source/templates/exceptions.o
                                                  src/ASF/sam/utils/cmsis/sam3x/source/templates/gcc/startup_sam3x.o
RTC_Handler                                       src/ASF/sam/utils/cmsis/sam3x/source/templates/exceptions.o
                                                  src/ASF/sam/utils/cmsis/sam3x/source/templates/gcc/startup_sam3x.o
RTT_Handler                                       src/ASF/sam/utils/cmsis/sam3x/source/templates/exceptions.o
                                                  src/ASF/sam/utils/cmsis/sam3x/source/templates/gcc/startup_sam3x.o
Reset_Handler                                     src/ASF/sam/utils/cmsis/sam3x/source/templates/gcc/startup_sam3x.o
SMC_Handler                                       src/ASF/sam/utils/cmsis/sam3x/source/templates/exceptions.o
                                                  src/ASF/sam/utils/cmsis/sam3x/source/templates/gcc/startup_sam3x.o
SPI0_Handler                                      src/ASF/sam/utils/cmsis/sam3x/source/templates/exceptions.o
                                                  src/ASF/sam/utils/cmsis/sam3x/source/templates/gcc/startup_sam3x.o
SSC_Handler                                       src/ASF/sam/utils/cmsis/sam3x/source/templates/exceptions.o
                                                  src/ASF/sam/utils/cmsis/sam3x/source/templates/gcc/startup_sam3x.o
SUPC_Handler                                      src/ASF/sam/utils/cmsis/sam3x/source/templates/exceptions.o
                                                  src/ASF/sam/utils/cmsis/sam3x/source/templates/gcc/startup_sam3x.o